[2022-01-06T14:50:02.508+0900][gc] Using G1
[2022-01-06T14:50:02.513+0900][gc,init] Version: 17.0.1+1 (release)
[2022-01-06T14:50:02.513+0900][gc,init] CPUs: 8 total, 8 available
[2022-01-06T14:50:02.513+0900][gc,init] Memory: 32768M
[2022-01-06T14:50:02.514+0900][gc,init] Large Page Support: Disabled
[2022-01-06T14:50:02.514+0900][gc,init] NUMA Support: Disabled
[2022-01-06T14:50:02.514+0900][gc,init] Compressed Oops: Enabled (Zero based)
[2022-01-06T14:50:02.514+0900][gc,init] Heap Region Size: 1M
[2022-01-06T14:50:02.514+0900][gc,init] Heap Min Capacity: 1G
[2022-01-06T14:50:02.514+0900][gc,init] Heap Initial Capacity: 1G
[2022-01-06T14:50:02.514+0900][gc,init] Heap Max Capacity: 1G
[2022-01-06T14:50:02.514+0900][gc,init] Pre-touch: Disabled
[2022-01-06T14:50:02.514+0900][gc,init] Parallel Workers: 8
[2022-01-06T14:50:02.514+0900][gc,init] Concurrent Workers: 2
[2022-01-06T14:50:02.514+0900][gc,init] Concurrent Refinement Workers: 8
[2022-01-06T14:50:02.514+0900][gc,init] Periodic GC: Disabled
[2022-01-06T14:50:02.514+0900][gc,metaspace] CDS archive(s) mapped at: [0x0000000800000000-0x0000000800bd0000-0x0000000800bd0000), size 12386304, SharedBaseAddress: 0x0000000800000000, ArchiveRelocationMode: 0.
[2022-01-06T14:50:02.514+0900][gc,metaspace] Compressed class space mapped at: 0x0000000800c00000-0x0000000840c00000, reserved size: 1073741824
[2022-01-06T14:50:02.514+0900][gc,metaspace] Narrow klass base: 0x0000000800000000, Narrow klass shift: 0, Narrow klass range: 0x100000000
[2022-01-06T14:50:03.939+0900][gc,start    ] GC(0) Pause Young (Normal) (G1 Evacuation Pause)
[2022-01-06T14:50:03.940+0900][gc,task     ] GC(0) Using 8 workers of 8 for evacuation
[2022-01-06T14:50:03.946+0900][gc,phases   ] GC(0)   Pre Evacuate Collection Set: 0.2ms
[2022-01-06T14:50:03.946+0900][gc,phases   ] GC(0)   Merge Heap Roots: 0.1ms
[2022-01-06T14:50:03.946+0900][gc,phases   ] GC(0)   Evacuate Collection Set: 4.9ms
[2022-01-06T14:50:03.946+0900][gc,phases   ] GC(0)   Post Evacuate Collection Set: 0.6ms
[2022-01-06T14:50:03.946+0900][gc,phases   ] GC(0)   Other: 0.6ms
[2022-01-06T14:50:03.946+0900][gc,heap     ] GC(0) Eden regions: 51->0(44)
[2022-01-06T14:50:03.946+0900][gc,heap     ] GC(0) Survivor regions: 0->7(7)
[2022-01-06T14:50:03.946+0900][gc,heap     ] GC(0) Old regions: 0->0
[2022-01-06T14:50:03.946+0900][gc,heap     ] GC(0) Archive regions: 2->2
[2022-01-06T14:50:03.946+0900][gc,heap     ] GC(0) Humongous regions: 0->0
[2022-01-06T14:50:03.946+0900][gc,metaspace] GC(0) Metaspace: 18533K(18688K)->18533K(18688K) NonClass: 16309K(16384K)->16309K(16384K) Class: 2224K(2304K)->2224K(2304K)
[2022-01-06T14:50:03.946+0900][gc          ] GC(0) Pause Young (Normal) (G1 Evacuation Pause) 51M->7M(1024M) 6.622ms
[2022-01-06T14:50:03.946+0900][gc,cpu      ] GC(0) User=0.02s Sys=0.01s Real=0.01s
[2022-01-06T14:50:04.168+0900][gc,start    ] GC(1) Pause Young (Concurrent Start) (Metadata GC Threshold)
[2022-01-06T14:50:04.169+0900][gc,task     ] GC(1) Using 8 workers of 8 for evacuation
[2022-01-06T14:50:04.175+0900][gc,phases   ] GC(1)   Pre Evacuate Collection Set: 0.1ms
[2022-01-06T14:50:04.175+0900][gc,phases   ] GC(1)   Merge Heap Roots: 0.0ms
[2022-01-06T14:50:04.175+0900][gc,phases   ] GC(1)   Evacuate Collection Set: 6.2ms
[2022-01-06T14:50:04.175+0900][gc,phases   ] GC(1)   Post Evacuate Collection Set: 0.3ms
[2022-01-06T14:50:04.175+0900][gc,phases   ] GC(1)   Other: 0.2ms
[2022-01-06T14:50:04.175+0900][gc,heap     ] GC(1) Eden regions: 11->0(49)
[2022-01-06T14:50:04.175+0900][gc,heap     ] GC(1) Survivor regions: 7->2(7)
[2022-01-06T14:50:04.175+0900][gc,heap     ] GC(1) Old regions: 0->8
[2022-01-06T14:50:04.175+0900][gc,heap     ] GC(1) Archive regions: 2->2
[2022-01-06T14:50:04.175+0900][gc,heap     ] GC(1) Humongous regions: 0->0
[2022-01-06T14:50:04.176+0900][gc,metaspace] GC(1) Metaspace: 21311K(21504K)->21311K(21504K) NonClass: 18714K(18816K)->18714K(18816K) Class: 2597K(2688K)->2597K(2688K)
[2022-01-06T14:50:04.176+0900][gc          ] GC(1) Pause Young (Concurrent Start) (Metadata GC Threshold) 18M->9M(1024M) 7.055ms
[2022-01-06T14:50:04.176+0900][gc,cpu      ] GC(1) User=0.02s Sys=0.01s Real=0.01s
[2022-01-06T14:50:04.176+0900][gc          ] GC(2) Concurrent Mark Cycle
[2022-01-06T14:50:04.176+0900][gc,marking  ] GC(2) Concurrent Clear Claimed Marks
[2022-01-06T14:50:04.176+0900][gc,marking  ] GC(2) Concurrent Clear Claimed Marks 0.017ms
[2022-01-06T14:50:04.176+0900][gc,marking  ] GC(2) Concurrent Scan Root Regions
[2022-01-06T14:50:04.178+0900][gc,marking  ] GC(2) Concurrent Scan Root Regions 2.551ms
[2022-01-06T14:50:04.178+0900][gc,marking  ] GC(2) Concurrent Mark
[2022-01-06T14:50:04.178+0900][gc,marking  ] GC(2) Concurrent Mark From Roots
[2022-01-06T14:50:04.178+0900][gc,task     ] GC(2) Using 2 workers of 2 for marking
[2022-01-06T14:50:04.180+0900][gc,marking  ] GC(2) Concurrent Mark From Roots 1.188ms
[2022-01-06T14:50:04.180+0900][gc,marking  ] GC(2) Concurrent Preclean
[2022-01-06T14:50:04.180+0900][gc,marking  ] GC(2) Concurrent Preclean 0.028ms
[2022-01-06T14:50:04.180+0900][gc,start    ] GC(2) Pause Remark
[2022-01-06T14:50:04.181+0900][gc          ] GC(2) Pause Remark 9M->9M(1024M) 1.175ms
[2022-01-06T14:50:04.181+0900][gc,cpu      ] GC(2) User=0.00s Sys=0.00s Real=0.00s
[2022-01-06T14:50:04.181+0900][gc,marking  ] GC(2) Concurrent Mark 2.696ms
[2022-01-06T14:50:04.181+0900][gc,marking  ] GC(2) Concurrent Rebuild Remembered Sets
[2022-01-06T14:50:04.183+0900][gc,marking  ] GC(2) Concurrent Rebuild Remembered Sets 2.115ms
[2022-01-06T14:50:04.183+0900][gc,start    ] GC(2) Pause Cleanup
[2022-01-06T14:50:04.183+0900][gc          ] GC(2) Pause Cleanup 9M->9M(1024M) 0.125ms
[2022-01-06T14:50:04.183+0900][gc,cpu      ] GC(2) User=0.00s Sys=0.00s Real=0.00s
[2022-01-06T14:50:04.183+0900][gc,marking  ] GC(2) Concurrent Cleanup for Next Mark
[2022-01-06T14:50:04.191+0900][gc,marking  ] GC(2) Concurrent Cleanup for Next Mark 7.224ms
[2022-01-06T14:50:04.191+0900][gc          ] GC(2) Concurrent Mark Cycle 15.151ms
[2022-01-06T14:50:06.974+0900][gc,start    ] GC(3) Pause Young (Normal) (G1 Evacuation Pause)
[2022-01-06T14:50:06.974+0900][gc,task     ] GC(3) Using 8 workers of 8 for evacuation
[2022-01-06T14:50:06.977+0900][gc,phases   ] GC(3)   Pre Evacuate Collection Set: 0.1ms
[2022-01-06T14:50:06.978+0900][gc,phases   ] GC(3)   Merge Heap Roots: 0.0ms
[2022-01-06T14:50:06.978+0900][gc,phases   ] GC(3)   Evacuate Collection Set: 2.7ms
[2022-01-06T14:50:06.978+0900][gc,phases   ] GC(3)   Post Evacuate Collection Set: 0.6ms
[2022-01-06T14:50:06.978+0900][gc,phases   ] GC(3)   Other: 0.1ms
[2022-01-06T14:50:06.978+0900][gc,heap     ] GC(3) Eden regions: 49->0(46)
[2022-01-06T14:50:06.978+0900][gc,heap     ] GC(3) Survivor regions: 2->5(7)
[2022-01-06T14:50:06.978+0900][gc,heap     ] GC(3) Old regions: 8->8
[2022-01-06T14:50:06.978+0900][gc,heap     ] GC(3) Archive regions: 2->2
[2022-01-06T14:50:06.978+0900][gc,heap     ] GC(3) Humongous regions: 129->129
[2022-01-06T14:50:06.978+0900][gc,metaspace] GC(3) Metaspace: 29614K(29888K)->29614K(29888K) NonClass: 26213K(26368K)->26213K(26368K) Class: 3401K(3520K)->3401K(3520K)
[2022-01-06T14:50:06.978+0900][gc          ] GC(3) Pause Young (Normal) (G1 Evacuation Pause) 187M->141M(1024M) 3.766ms
[2022-01-06T14:50:06.978+0900][gc,cpu      ] GC(3) User=0.02s Sys=0.00s Real=0.00s
[2022-01-06T14:50:07.304+0900][gc,start    ] GC(4) Pause Young (Concurrent Start) (Metadata GC Threshold)
[2022-01-06T14:50:07.304+0900][gc,task     ] GC(4) Using 8 workers of 8 for evacuation
[2022-01-06T14:50:07.310+0900][gc,phases   ] GC(4)   Pre Evacuate Collection Set: 0.1ms
[2022-01-06T14:50:07.310+0900][gc,phases   ] GC(4)   Merge Heap Roots: 0.1ms
[2022-01-06T14:50:07.310+0900][gc,phases   ] GC(4)   Evacuate Collection Set: 4.8ms
[2022-01-06T14:50:07.310+0900][gc,phases   ] GC(4)   Post Evacuate Collection Set: 0.4ms
[2022-01-06T14:50:07.310+0900][gc,phases   ] GC(4)   Other: 0.2ms
[2022-01-06T14:50:07.310+0900][gc,heap     ] GC(4) Eden regions: 27->0(48)
[2022-01-06T14:50:07.310+0900][gc,heap     ] GC(4) Survivor regions: 5->3(7)
[2022-01-06T14:50:07.310+0900][gc,heap     ] GC(4) Old regions: 8->12
[2022-01-06T14:50:07.310+0900][gc,heap     ] GC(4) Archive regions: 2->2
[2022-01-06T14:50:07.310+0900][gc,heap     ] GC(4) Humongous regions: 129->129
[2022-01-06T14:50:07.310+0900][gc,metaspace] GC(4) Metaspace: 35824K(36096K)->35824K(36096K) NonClass: 31716K(31872K)->31716K(31872K) Class: 4108K(4224K)->4108K(4224K)
[2022-01-06T14:50:07.310+0900][gc          ] GC(4) Pause Young (Concurrent Start) (Metadata GC Threshold) 168M->144M(1024M) 5.812ms
[2022-01-06T14:50:07.310+0900][gc,cpu      ] GC(4) User=0.03s Sys=0.00s Real=0.01s
[2022-01-06T14:50:07.310+0900][gc          ] GC(5) Concurrent Mark Cycle
[2022-01-06T14:50:07.310+0900][gc,marking  ] GC(5) Concurrent Clear Claimed Marks
[2022-01-06T14:50:07.310+0900][gc,marking  ] GC(5) Concurrent Clear Claimed Marks 0.025ms
[2022-01-06T14:50:07.310+0900][gc,marking  ] GC(5) Concurrent Scan Root Regions
[2022-01-06T14:50:07.314+0900][gc,marking  ] GC(5) Concurrent Scan Root Regions 3.587ms
[2022-01-06T14:50:07.314+0900][gc,marking  ] GC(5) Concurrent Mark
[2022-01-06T14:50:07.314+0900][gc,marking  ] GC(5) Concurrent Mark From Roots
[2022-01-06T14:50:07.314+0900][gc,task     ] GC(5) Using 2 workers of 2 for marking
[2022-01-06T14:50:07.320+0900][gc,marking  ] GC(5) Concurrent Mark From Roots 6.135ms
[2022-01-06T14:50:07.320+0900][gc,marking  ] GC(5) Concurrent Preclean
[2022-01-06T14:50:07.320+0900][gc,marking  ] GC(5) Concurrent Preclean 0.091ms
[2022-01-06T14:50:07.320+0900][gc,start    ] GC(5) Pause Remark
[2022-01-06T14:50:07.322+0900][gc          ] GC(5) Pause Remark 145M->145M(1024M) 1.486ms
[2022-01-06T14:50:07.322+0900][gc,cpu      ] GC(5) User=0.00s Sys=0.00s Real=0.00s
[2022-01-06T14:50:07.322+0900][gc,marking  ] GC(5) Concurrent Mark 8.455ms
[2022-01-06T14:50:07.322+0900][gc,marking  ] GC(5) Concurrent Rebuild Remembered Sets
[2022-01-06T14:50:07.327+0900][gc,marking  ] GC(5) Concurrent Rebuild Remembered Sets 4.959ms
[2022-01-06T14:50:07.327+0900][gc,start    ] GC(5) Pause Cleanup
[2022-01-06T14:50:07.327+0900][gc          ] GC(5) Pause Cleanup 145M->145M(1024M) 0.108ms
[2022-01-06T14:50:07.328+0900][gc,cpu      ] GC(5) User=0.00s Sys=0.00s Real=0.00s
[2022-01-06T14:50:07.328+0900][gc,marking  ] GC(5) Concurrent Cleanup for Next Mark
[2022-01-06T14:50:07.333+0900][gc,marking  ] GC(5) Concurrent Cleanup for Next Mark 5.560ms
[2022-01-06T14:50:07.349+0900][gc          ] GC(5) Concurrent Mark Cycle 38.976ms
[2022-01-06T14:50:08.089+0900][gc,start    ] GC(6) Pause Young (Normal) (G1 Evacuation Pause)
[2022-01-06T14:50:08.108+0900][gc,task     ] GC(6) Using 8 workers of 8 for evacuation
[2022-01-06T14:50:08.112+0900][gc,phases   ] GC(6)   Pre Evacuate Collection Set: 0.1ms
[2022-01-06T14:50:08.112+0900][gc,phases   ] GC(6)   Merge Heap Roots: 0.1ms
[2022-01-06T14:50:08.112+0900][gc,phases   ] GC(6)   Evacuate Collection Set: 2.8ms
[2022-01-06T14:50:08.112+0900][gc,phases   ] GC(6)   Post Evacuate Collection Set: 0.6ms
[2022-01-06T14:50:08.112+0900][gc,phases   ] GC(6)   Other: 18.8ms
[2022-01-06T14:50:08.112+0900][gc,heap     ] GC(6) Eden regions: 48->0(46)
[2022-01-06T14:50:08.112+0900][gc,heap     ] GC(6) Survivor regions: 3->5(7)
[2022-01-06T14:50:08.112+0900][gc,heap     ] GC(6) Old regions: 12->12
[2022-01-06T14:50:08.112+0900][gc,heap     ] GC(6) Archive regions: 2->2
[2022-01-06T14:50:08.112+0900][gc,heap     ] GC(6) Humongous regions: 129->129
[2022-01-06T14:50:08.112+0900][gc,metaspace] GC(6) Metaspace: 37923K(38400K)->37923K(38400K) NonClass: 33556K(33792K)->33556K(33792K) Class: 4366K(4608K)->4366K(4608K)
[2022-01-06T14:50:08.112+0900][gc          ] GC(6) Pause Young (Normal) (G1 Evacuation Pause) 192M->145M(1024M) 22.552ms
[2022-01-06T14:50:08.112+0900][gc,cpu      ] GC(6) User=0.02s Sys=0.00s Real=0.03s
[2022-01-06T14:50:08.929+0900][gc,start    ] GC(7) Pause Young (Normal) (G1 Evacuation Pause)
[2022-01-06T14:50:08.929+0900][gc,task     ] GC(7) Using 8 workers of 8 for evacuation
[2022-01-06T14:50:08.932+0900][gc,phases   ] GC(7)   Pre Evacuate Collection Set: 0.0ms
[2022-01-06T14:50:08.932+0900][gc,phases   ] GC(7)   Merge Heap Roots: 0.0ms
[2022-01-06T14:50:08.932+0900][gc,phases   ] GC(7)   Evacuate Collection Set: 2.5ms
[2022-01-06T14:50:08.932+0900][gc,phases   ] GC(7)   Post Evacuate Collection Set: 0.3ms
[2022-01-06T14:50:08.932+0900][gc,phases   ] GC(7)   Other: 0.1ms
[2022-01-06T14:50:08.932+0900][gc,heap     ] GC(7) Eden regions: 46->0(48)
[2022-01-06T14:50:08.932+0900][gc,heap     ] GC(7) Survivor regions: 5->3(7)
[2022-01-06T14:50:08.932+0900][gc,heap     ] GC(7) Old regions: 12->14
[2022-01-06T14:50:08.932+0900][gc,heap     ] GC(7) Archive regions: 2->2
[2022-01-06T14:50:08.932+0900][gc,heap     ] GC(7) Humongous regions: 129->129
[2022-01-06T14:50:08.932+0900][gc,metaspace] GC(7) Metaspace: 37964K(38464K)->37964K(38464K) NonClass: 33598K(33856K)->33598K(33856K) Class: 4366K(4608K)->4366K(4608K)
[2022-01-06T14:50:08.932+0900][gc          ] GC(7) Pause Young (Normal) (G1 Evacuation Pause) 191M->146M(1024M) 3.179ms
[2022-01-06T14:50:08.932+0900][gc,cpu      ] GC(7) User=0.02s Sys=0.00s Real=0.01s
[2022-01-06T14:52:44.718+0900][gc,start    ] GC(8) Pause Young (Normal) (G1 Evacuation Pause)
[2022-01-06T14:52:44.718+0900][gc,task     ] GC(8) Using 8 workers of 8 for evacuation
[2022-01-06T14:52:44.721+0900][gc,phases   ] GC(8)   Pre Evacuate Collection Set: 0.1ms
[2022-01-06T14:52:44.721+0900][gc,phases   ] GC(8)   Merge Heap Roots: 0.1ms
[2022-01-06T14:52:44.721+0900][gc,phases   ] GC(8)   Evacuate Collection Set: 2.3ms
[2022-01-06T14:52:44.721+0900][gc,phases   ] GC(8)   Post Evacuate Collection Set: 0.3ms
[2022-01-06T14:52:44.721+0900][gc,phases   ] GC(8)   Other: 0.6ms
[2022-01-06T14:52:44.721+0900][gc,heap     ] GC(8) Eden regions: 48->0(46)
[2022-01-06T14:52:44.721+0900][gc,heap     ] GC(8) Survivor regions: 3->5(7)
[2022-01-06T14:52:44.721+0900][gc,heap     ] GC(8) Old regions: 14->14
[2022-01-06T14:52:44.721+0900][gc,heap     ] GC(8) Archive regions: 2->2
[2022-01-06T14:52:44.721+0900][gc,heap     ] GC(8) Humongous regions: 135->129
[2022-01-06T14:52:44.721+0900][gc,metaspace] GC(8) Metaspace: 39336K(39872K)->39336K(39872K) NonClass: 34727K(35008K)->34727K(35008K) Class: 4609K(4864K)->4609K(4864K)
[2022-01-06T14:52:44.721+0900][gc          ] GC(8) Pause Young (Normal) (G1 Evacuation Pause) 200M->148M(1024M) 3.553ms
[2022-01-06T14:52:44.721+0900][gc,cpu      ] GC(8) User=0.01s Sys=0.00s Real=0.01s
[2022-01-06T14:57:02.128+0900][gc,start    ] GC(9) Pause Young (Normal) (G1 Evacuation Pause)
[2022-01-06T14:57:02.129+0900][gc,task     ] GC(9) Using 8 workers of 8 for evacuation
[2022-01-06T14:57:02.138+0900][gc,phases   ] GC(9)   Pre Evacuate Collection Set: 0.4ms
[2022-01-06T14:57:02.138+0900][gc,phases   ] GC(9)   Merge Heap Roots: 0.2ms
[2022-01-06T14:57:02.138+0900][gc,phases   ] GC(9)   Evacuate Collection Set: 7.1ms
[2022-01-06T14:57:02.138+0900][gc,phases   ] GC(9)   Post Evacuate Collection Set: 0.8ms
[2022-01-06T14:57:02.138+0900][gc,phases   ] GC(9)   Other: 1.9ms
[2022-01-06T14:57:02.138+0900][gc,heap     ] GC(9) Eden regions: 46->0(46)
[2022-01-06T14:57:02.138+0900][gc,heap     ] GC(9) Survivor regions: 5->5(7)
[2022-01-06T14:57:02.138+0900][gc,heap     ] GC(9) Old regions: 14->15
[2022-01-06T14:57:02.138+0900][gc,heap     ] GC(9) Archive regions: 2->2
[2022-01-06T14:57:02.138+0900][gc,heap     ] GC(9) Humongous regions: 129->129
[2022-01-06T14:57:02.138+0900][gc,metaspace] GC(9) Metaspace: 39393K(39936K)->39393K(39936K) NonClass: 34779K(35072K)->34779K(35072K) Class: 4613K(4864K)->4613K(4864K)
[2022-01-06T14:57:02.138+0900][gc          ] GC(9) Pause Young (Normal) (G1 Evacuation Pause) 194M->148M(1024M) 10.720ms
[2022-01-06T14:57:02.138+0900][gc,cpu      ] GC(9) User=0.06s Sys=0.00s Real=0.01s
[2022-01-06T15:00:56.004+0900][gc,start    ] GC(10) Pause Young (Normal) (G1 Evacuation Pause)
[2022-01-06T15:00:56.005+0900][gc,task     ] GC(10) Using 8 workers of 8 for evacuation
[2022-01-06T15:00:56.012+0900][gc,phases   ] GC(10)   Pre Evacuate Collection Set: 0.2ms
[2022-01-06T15:00:56.012+0900][gc,phases   ] GC(10)   Merge Heap Roots: 0.1ms
[2022-01-06T15:00:56.012+0900][gc,phases   ] GC(10)   Evacuate Collection Set: 5.3ms
[2022-01-06T15:00:56.012+0900][gc,phases   ] GC(10)   Post Evacuate Collection Set: 0.4ms
[2022-01-06T15:00:56.012+0900][gc,phases   ] GC(10)   Other: 1.1ms
[2022-01-06T15:00:56.012+0900][gc,heap     ] GC(10) Eden regions: 46->0(62)
[2022-01-06T15:00:56.012+0900][gc,heap     ] GC(10) Survivor regions: 5->5(7)
[2022-01-06T15:00:56.012+0900][gc,heap     ] GC(10) Old regions: 15->16
[2022-01-06T15:00:56.012+0900][gc,heap     ] GC(10) Archive regions: 2->2
[2022-01-06T15:00:56.012+0900][gc,heap     ] GC(10) Humongous regions: 129->129
[2022-01-06T15:00:56.012+0900][gc,metaspace] GC(10) Metaspace: 40010K(40512K)->40010K(40512K) NonClass: 35249K(35520K)->35249K(35520K) Class: 4760K(4992K)->4760K(4992K)
[2022-01-06T15:00:56.012+0900][gc          ] GC(10) Pause Young (Normal) (G1 Evacuation Pause) 194M->150M(1024M) 7.432ms
[2022-01-06T15:00:56.012+0900][gc,cpu      ] GC(10) User=0.04s Sys=0.00s Real=0.01s
[2022-01-06T15:00:56.022+0900][gc,heap,exit] Heap
[2022-01-06T15:00:56.022+0900][gc,heap,exit]  garbage-first heap   total 1048576K, used 155398K [0x00000007c0000000, 0x0000000800000000)
[2022-01-06T15:00:56.022+0900][gc,heap,exit]   region size 1024K, 7 young (7168K), 5 survivors (5120K)
[2022-01-06T15:00:56.022+0900][gc,heap,exit]  Metaspace       used 40040K, committed 40512K, reserved 1089536K
[2022-01-06T15:00:56.022+0900][gc,heap,exit]   class space    used 4768K, committed 4992K, reserved 1048576K
