[2022-01-05T21:55:38.382+0900][gc] Using G1
[2022-01-05T21:55:38.391+0900][gc,init] Version: 17.0.1+1 (release)
[2022-01-05T21:55:38.391+0900][gc,init] CPUs: 8 total, 8 available
[2022-01-05T21:55:38.391+0900][gc,init] Memory: 32768M
[2022-01-05T21:55:38.391+0900][gc,init] Large Page Support: Disabled
[2022-01-05T21:55:38.391+0900][gc,init] NUMA Support: Disabled
[2022-01-05T21:55:38.391+0900][gc,init] Compressed Oops: Enabled (Zero based)
[2022-01-05T21:55:38.391+0900][gc,init] Heap Region Size: 1M
[2022-01-05T21:55:38.391+0900][gc,init] Heap Min Capacity: 1G
[2022-01-05T21:55:38.391+0900][gc,init] Heap Initial Capacity: 1G
[2022-01-05T21:55:38.391+0900][gc,init] Heap Max Capacity: 1G
[2022-01-05T21:55:38.391+0900][gc,init] Pre-touch: Disabled
[2022-01-05T21:55:38.391+0900][gc,init] Parallel Workers: 8
[2022-01-05T21:55:38.391+0900][gc,init] Concurrent Workers: 2
[2022-01-05T21:55:38.391+0900][gc,init] Concurrent Refinement Workers: 8
[2022-01-05T21:55:38.391+0900][gc,init] Periodic GC: Disabled
[2022-01-05T21:55:38.391+0900][gc,metaspace] CDS archive(s) mapped at: [0x0000000800000000-0x0000000800bd0000-0x0000000800bd0000), size 12386304, SharedBaseAddress: 0x0000000800000000, ArchiveRelocationMode: 0.
[2022-01-05T21:55:38.391+0900][gc,metaspace] Compressed class space mapped at: 0x0000000800c00000-0x0000000840c00000, reserved size: 1073741824
[2022-01-05T21:55:38.391+0900][gc,metaspace] Narrow klass base: 0x0000000800000000, Narrow klass shift: 0, Narrow klass range: 0x100000000
[2022-01-05T21:55:41.259+0900][gc,start    ] GC(0) Pause Young (Normal) (G1 Evacuation Pause)
[2022-01-05T21:55:41.260+0900][gc,task     ] GC(0) Using 8 workers of 8 for evacuation
[2022-01-05T21:55:41.266+0900][gc,phases   ] GC(0)   Pre Evacuate Collection Set: 0.2ms
[2022-01-05T21:55:41.266+0900][gc,phases   ] GC(0)   Merge Heap Roots: 0.1ms
[2022-01-05T21:55:41.266+0900][gc,phases   ] GC(0)   Evacuate Collection Set: 5.5ms
[2022-01-05T21:55:41.266+0900][gc,phases   ] GC(0)   Post Evacuate Collection Set: 0.6ms
[2022-01-05T21:55:41.266+0900][gc,phases   ] GC(0)   Other: 0.7ms
[2022-01-05T21:55:41.266+0900][gc,heap     ] GC(0) Eden regions: 51->0(44)
[2022-01-05T21:55:41.266+0900][gc,heap     ] GC(0) Survivor regions: 0->7(7)
[2022-01-05T21:55:41.266+0900][gc,heap     ] GC(0) Old regions: 0->1
[2022-01-05T21:55:41.266+0900][gc,heap     ] GC(0) Archive regions: 2->2
[2022-01-05T21:55:41.266+0900][gc,heap     ] GC(0) Humongous regions: 0->0
[2022-01-05T21:55:41.266+0900][gc,metaspace] GC(0) Metaspace: 18553K(18752K)->18553K(18752K) NonClass: 16324K(16448K)->16324K(16448K) Class: 2229K(2304K)->2229K(2304K)
[2022-01-05T21:55:41.266+0900][gc          ] GC(0) Pause Young (Normal) (G1 Evacuation Pause) 51M->8M(1024M) 7.158ms
[2022-01-05T21:55:41.266+0900][gc,cpu      ] GC(0) User=0.02s Sys=0.01s Real=0.01s
[2022-01-05T21:55:41.720+0900][gc,start    ] GC(1) Pause Young (Concurrent Start) (Metadata GC Threshold)
[2022-01-05T21:55:41.720+0900][gc,task     ] GC(1) Using 8 workers of 8 for evacuation
[2022-01-05T21:55:41.725+0900][gc,phases   ] GC(1)   Pre Evacuate Collection Set: 0.1ms
[2022-01-05T21:55:41.726+0900][gc,phases   ] GC(1)   Merge Heap Roots: 0.0ms
[2022-01-05T21:55:41.726+0900][gc,phases   ] GC(1)   Evacuate Collection Set: 5.3ms
[2022-01-05T21:55:41.726+0900][gc,phases   ] GC(1)   Post Evacuate Collection Set: 0.3ms
[2022-01-05T21:55:41.726+0900][gc,phases   ] GC(1)   Other: 0.3ms
[2022-01-05T21:55:41.726+0900][gc,heap     ] GC(1) Eden regions: 12->0(49)
[2022-01-05T21:55:41.726+0900][gc,heap     ] GC(1) Survivor regions: 7->2(7)
[2022-01-05T21:55:41.726+0900][gc,heap     ] GC(1) Old regions: 1->8
[2022-01-05T21:55:41.726+0900][gc,heap     ] GC(1) Archive regions: 2->2
[2022-01-05T21:55:41.726+0900][gc,heap     ] GC(1) Humongous regions: 129->129
[2022-01-05T21:55:41.726+0900][gc,metaspace] GC(1) Metaspace: 21300K(21504K)->21300K(21504K) NonClass: 18712K(18816K)->18712K(18816K) Class: 2587K(2688K)->2587K(2688K)
[2022-01-05T21:55:41.726+0900][gc          ] GC(1) Pause Young (Concurrent Start) (Metadata GC Threshold) 149M->138M(1024M) 6.153ms
[2022-01-05T21:55:41.726+0900][gc,cpu      ] GC(1) User=0.02s Sys=0.01s Real=0.00s
[2022-01-05T21:55:41.726+0900][gc          ] GC(2) Concurrent Mark Cycle
[2022-01-05T21:55:41.726+0900][gc,marking  ] GC(2) Concurrent Clear Claimed Marks
[2022-01-05T21:55:41.726+0900][gc,marking  ] GC(2) Concurrent Clear Claimed Marks 0.017ms
[2022-01-05T21:55:41.726+0900][gc,marking  ] GC(2) Concurrent Scan Root Regions
[2022-01-05T21:55:41.729+0900][gc,marking  ] GC(2) Concurrent Scan Root Regions 2.714ms
[2022-01-05T21:55:41.729+0900][gc,marking  ] GC(2) Concurrent Mark
[2022-01-05T21:55:41.729+0900][gc,marking  ] GC(2) Concurrent Mark From Roots
[2022-01-05T21:55:41.729+0900][gc,task     ] GC(2) Using 2 workers of 2 for marking
[2022-01-05T21:55:41.733+0900][gc,marking  ] GC(2) Concurrent Mark From Roots 4.904ms
[2022-01-05T21:55:41.734+0900][gc,marking  ] GC(2) Concurrent Preclean
[2022-01-05T21:55:41.734+0900][gc,marking  ] GC(2) Concurrent Preclean 0.030ms
[2022-01-05T21:55:41.734+0900][gc,start    ] GC(2) Pause Remark
[2022-01-05T21:55:41.736+0900][gc          ] GC(2) Pause Remark 139M->139M(1024M) 2.140ms
[2022-01-05T21:55:41.736+0900][gc,cpu      ] GC(2) User=0.01s Sys=0.00s Real=0.00s
[2022-01-05T21:55:41.736+0900][gc,marking  ] GC(2) Concurrent Mark 7.591ms
[2022-01-05T21:55:41.736+0900][gc,marking  ] GC(2) Concurrent Rebuild Remembered Sets
[2022-01-05T21:55:41.739+0900][gc,marking  ] GC(2) Concurrent Rebuild Remembered Sets 3.030ms
[2022-01-05T21:55:41.739+0900][gc,start    ] GC(2) Pause Cleanup
[2022-01-05T21:55:41.740+0900][gc          ] GC(2) Pause Cleanup 139M->139M(1024M) 0.137ms
[2022-01-05T21:55:41.740+0900][gc,cpu      ] GC(2) User=0.00s Sys=0.00s Real=0.01s
[2022-01-05T21:55:41.740+0900][gc,marking  ] GC(2) Concurrent Cleanup for Next Mark
[2022-01-05T21:55:41.747+0900][gc,marking  ] GC(2) Concurrent Cleanup for Next Mark 7.047ms
[2022-01-05T21:55:41.747+0900][gc          ] GC(2) Concurrent Mark Cycle 21.347ms
[2022-01-05T21:55:43.046+0900][gc,start    ] GC(3) Pause Young (Normal) (G1 Evacuation Pause)
[2022-01-05T21:55:43.046+0900][gc,task     ] GC(3) Using 8 workers of 8 for evacuation
[2022-01-05T21:55:43.049+0900][gc,phases   ] GC(3)   Pre Evacuate Collection Set: 0.1ms
[2022-01-05T21:55:43.049+0900][gc,phases   ] GC(3)   Merge Heap Roots: 0.0ms
[2022-01-05T21:55:43.049+0900][gc,phases   ] GC(3)   Evacuate Collection Set: 2.6ms
[2022-01-05T21:55:43.049+0900][gc,phases   ] GC(3)   Post Evacuate Collection Set: 0.3ms
[2022-01-05T21:55:43.049+0900][gc,phases   ] GC(3)   Other: 0.1ms
[2022-01-05T21:55:43.049+0900][gc,heap     ] GC(3) Eden regions: 49->0(45)
[2022-01-05T21:55:43.049+0900][gc,heap     ] GC(3) Survivor regions: 2->6(7)
[2022-01-05T21:55:43.049+0900][gc,heap     ] GC(3) Old regions: 8->8
[2022-01-05T21:55:43.049+0900][gc,heap     ] GC(3) Archive regions: 2->2
[2022-01-05T21:55:43.049+0900][gc,heap     ] GC(3) Humongous regions: 129->129
[2022-01-05T21:55:43.049+0900][gc,metaspace] GC(3) Metaspace: 32805K(33088K)->32805K(33088K) NonClass: 29082K(29248K)->29082K(29248K) Class: 3722K(3840K)->3722K(3840K)
[2022-01-05T21:55:43.049+0900][gc          ] GC(3) Pause Young (Normal) (G1 Evacuation Pause) 187M->142M(1024M) 3.355ms
[2022-01-05T21:55:43.049+0900][gc,cpu      ] GC(3) User=0.02s Sys=0.00s Real=0.00s
[2022-01-05T22:01:37.229+0900][gc,start    ] GC(4) Pause Young (Concurrent Start) (Metadata GC Threshold)
[2022-01-05T22:01:37.230+0900][gc,task     ] GC(4) Using 8 workers of 8 for evacuation
[2022-01-05T22:01:37.234+0900][gc,phases   ] GC(4)   Pre Evacuate Collection Set: 0.1ms
[2022-01-05T22:01:37.234+0900][gc,phases   ] GC(4)   Merge Heap Roots: 0.1ms
[2022-01-05T22:01:37.234+0900][gc,phases   ] GC(4)   Evacuate Collection Set: 3.7ms
[2022-01-05T22:01:37.234+0900][gc,phases   ] GC(4)   Post Evacuate Collection Set: 0.7ms
[2022-01-05T22:01:37.234+0900][gc,phases   ] GC(4)   Other: 0.6ms
[2022-01-05T22:01:37.234+0900][gc,heap     ] GC(4) Eden regions: 18->0(49)
[2022-01-05T22:01:37.234+0900][gc,heap     ] GC(4) Survivor regions: 6->2(7)
[2022-01-05T22:01:37.234+0900][gc,heap     ] GC(4) Old regions: 8->13
[2022-01-05T22:01:37.234+0900][gc,heap     ] GC(4) Archive regions: 2->2
[2022-01-05T22:01:37.234+0900][gc,heap     ] GC(4) Humongous regions: 129->129
[2022-01-05T22:01:37.234+0900][gc,metaspace] GC(4) Metaspace: 35732K(36096K)->35732K(36096K) NonClass: 31481K(31680K)->31481K(31680K) Class: 4251K(4416K)->4251K(4416K)
[2022-01-05T22:01:37.234+0900][gc          ] GC(4) Pause Young (Concurrent Start) (Metadata GC Threshold) 159M->143M(1024M) 5.341ms
[2022-01-05T22:01:37.234+0900][gc,cpu      ] GC(4) User=0.02s Sys=0.01s Real=0.01s
[2022-01-05T22:01:37.234+0900][gc          ] GC(5) Concurrent Mark Cycle
[2022-01-05T22:01:37.234+0900][gc,marking  ] GC(5) Concurrent Clear Claimed Marks
[2022-01-05T22:01:37.235+0900][gc,marking  ] GC(5) Concurrent Clear Claimed Marks 0.023ms
[2022-01-05T22:01:37.235+0900][gc,marking  ] GC(5) Concurrent Scan Root Regions
[2022-01-05T22:01:37.237+0900][gc,marking  ] GC(5) Concurrent Scan Root Regions 2.267ms
[2022-01-05T22:01:37.237+0900][gc,marking  ] GC(5) Concurrent Mark
[2022-01-05T22:01:37.237+0900][gc,marking  ] GC(5) Concurrent Mark From Roots
[2022-01-05T22:01:37.237+0900][gc,task     ] GC(5) Using 2 workers of 2 for marking
[2022-01-05T22:01:37.241+0900][gc,marking  ] GC(5) Concurrent Mark From Roots 4.242ms
[2022-01-05T22:01:37.241+0900][gc,marking  ] GC(5) Concurrent Preclean
[2022-01-05T22:01:37.241+0900][gc,marking  ] GC(5) Concurrent Preclean 0.066ms
[2022-01-05T22:01:37.241+0900][gc,start    ] GC(5) Pause Remark
[2022-01-05T22:01:37.243+0900][gc          ] GC(5) Pause Remark 144M->144M(1024M) 1.511ms
[2022-01-05T22:01:37.243+0900][gc,cpu      ] GC(5) User=0.00s Sys=0.00s Real=0.00s
[2022-01-05T22:01:37.243+0900][gc,marking  ] GC(5) Concurrent Mark 6.159ms
[2022-01-05T22:01:37.243+0900][gc,marking  ] GC(5) Concurrent Rebuild Remembered Sets
[2022-01-05T22:01:37.247+0900][gc,marking  ] GC(5) Concurrent Rebuild Remembered Sets 4.119ms
[2022-01-05T22:01:37.247+0900][gc,start    ] GC(5) Pause Cleanup
[2022-01-05T22:01:37.247+0900][gc          ] GC(5) Pause Cleanup 144M->144M(1024M) 0.161ms
[2022-01-05T22:01:37.247+0900][gc,cpu      ] GC(5) User=0.00s Sys=0.00s Real=0.00s
[2022-01-05T22:01:37.248+0900][gc,marking  ] GC(5) Concurrent Cleanup for Next Mark
[2022-01-05T22:01:37.253+0900][gc,marking  ] GC(5) Concurrent Cleanup for Next Mark 5.616ms
[2022-01-05T22:01:37.253+0900][gc          ] GC(5) Concurrent Mark Cycle 18.725ms
[2022-01-05T22:08:22.757+0900][gc,start    ] GC(6) Pause Young (Prepare Mixed) (G1 Evacuation Pause)
[2022-01-05T22:08:22.758+0900][gc,task     ] GC(6) Using 8 workers of 8 for evacuation
[2022-01-05T22:08:22.762+0900][gc,phases   ] GC(6)   Pre Evacuate Collection Set: 0.1ms
[2022-01-05T22:08:22.762+0900][gc,phases   ] GC(6)   Merge Heap Roots: 0.1ms
[2022-01-05T22:08:22.762+0900][gc,phases   ] GC(6)   Evacuate Collection Set: 3.9ms
[2022-01-05T22:08:22.762+0900][gc,phases   ] GC(6)   Post Evacuate Collection Set: 0.5ms
[2022-01-05T22:08:22.762+0900][gc,phases   ] GC(6)   Other: 0.3ms
[2022-01-05T22:08:22.762+0900][gc,heap     ] GC(6) Eden regions: 49->0(46)
[2022-01-05T22:08:22.762+0900][gc,heap     ] GC(6) Survivor regions: 2->5(7)
[2022-01-05T22:08:22.762+0900][gc,heap     ] GC(6) Old regions: 13->13
[2022-01-05T22:08:22.762+0900][gc,heap     ] GC(6) Archive regions: 2->2
[2022-01-05T22:08:22.762+0900][gc,heap     ] GC(6) Humongous regions: 129->129
[2022-01-05T22:08:22.762+0900][gc,metaspace] GC(6) Metaspace: 40445K(41024K)->40445K(41024K) NonClass: 35561K(35904K)->35561K(35904K) Class: 4884K(5120K)->4884K(5120K)
[2022-01-05T22:08:22.762+0900][gc          ] GC(6) Pause Young (Prepare Mixed) (G1 Evacuation Pause) 192M->146M(1024M) 5.051ms
[2022-01-05T22:08:22.763+0900][gc,cpu      ] GC(6) User=0.03s Sys=0.00s Real=0.01s
[2022-01-05T22:16:56.356+0900][gc,start    ] GC(7) Pause Young (Mixed) (G1 Evacuation Pause)
[2022-01-05T22:16:56.356+0900][gc,task     ] GC(7) Using 8 workers of 8 for evacuation
[2022-01-05T22:16:56.367+0900][gc,phases   ] GC(7)   Pre Evacuate Collection Set: 0.5ms
[2022-01-05T22:16:56.367+0900][gc,phases   ] GC(7)   Merge Heap Roots: 0.2ms
[2022-01-05T22:16:56.367+0900][gc,phases   ] GC(7)   Evacuate Collection Set: 8.9ms
[2022-01-05T22:16:56.367+0900][gc,phases   ] GC(7)   Post Evacuate Collection Set: 0.6ms
[2022-01-05T22:16:56.367+0900][gc,phases   ] GC(7)   Other: 0.6ms
[2022-01-05T22:16:56.367+0900][gc,heap     ] GC(7) Eden regions: 46->0(46)
[2022-01-05T22:16:56.367+0900][gc,heap     ] GC(7) Survivor regions: 5->5(7)
[2022-01-05T22:16:56.367+0900][gc,heap     ] GC(7) Old regions: 13->14
[2022-01-05T22:16:56.367+0900][gc,heap     ] GC(7) Archive regions: 2->2
[2022-01-05T22:16:56.367+0900][gc,heap     ] GC(7) Humongous regions: 129->129
[2022-01-05T22:16:56.367+0900][gc,metaspace] GC(7) Metaspace: 40623K(41152K)->40623K(41152K) NonClass: 35733K(36032K)->35733K(36032K) Class: 4889K(5120K)->4889K(5120K)
[2022-01-05T22:16:56.367+0900][gc          ] GC(7) Pause Young (Mixed) (G1 Evacuation Pause) 192M->147M(1024M) 10.966ms
[2022-01-05T22:16:56.367+0900][gc,cpu      ] GC(7) User=0.06s Sys=0.01s Real=0.01s
[2022-01-05T22:26:40.191+0900][gc,start    ] GC(8) Pause Young (Normal) (G1 Evacuation Pause)
[2022-01-05T22:26:40.192+0900][gc,task     ] GC(8) Using 8 workers of 8 for evacuation
[2022-01-05T22:26:40.201+0900][gc,phases   ] GC(8)   Pre Evacuate Collection Set: 0.2ms
[2022-01-05T22:26:40.201+0900][gc,phases   ] GC(8)   Merge Heap Roots: 0.2ms
[2022-01-05T22:26:40.201+0900][gc,phases   ] GC(8)   Evacuate Collection Set: 7.3ms
[2022-01-05T22:26:40.201+0900][gc,phases   ] GC(8)   Post Evacuate Collection Set: 0.6ms
[2022-01-05T22:26:40.201+0900][gc,phases   ] GC(8)   Other: 1.5ms
[2022-01-05T22:26:40.201+0900][gc,heap     ] GC(8) Eden regions: 46->0(47)
[2022-01-05T22:26:40.201+0900][gc,heap     ] GC(8) Survivor regions: 5->4(7)
[2022-01-05T22:26:40.201+0900][gc,heap     ] GC(8) Old regions: 14->16
[2022-01-05T22:26:40.201+0900][gc,heap     ] GC(8) Archive regions: 2->2
[2022-01-05T22:26:40.201+0900][gc,heap     ] GC(8) Humongous regions: 129->129
[2022-01-05T22:26:40.201+0900][gc,metaspace] GC(8) Metaspace: 40685K(41280K)->40685K(41280K) NonClass: 35796K(36160K)->35796K(36160K) Class: 4889K(5120K)->4889K(5120K)
[2022-01-05T22:26:40.201+0900][gc          ] GC(8) Pause Young (Normal) (G1 Evacuation Pause) 193M->148M(1024M) 10.019ms
[2022-01-05T22:26:40.201+0900][gc,cpu      ] GC(8) User=0.05s Sys=0.01s Real=0.01s
[2022-01-05T22:37:13.103+0900][gc,start    ] GC(9) Pause Young (Normal) (G1 Evacuation Pause)
[2022-01-05T22:37:13.104+0900][gc,task     ] GC(9) Using 8 workers of 8 for evacuation
[2022-01-05T22:37:13.111+0900][gc,phases   ] GC(9)   Pre Evacuate Collection Set: 0.4ms
[2022-01-05T22:37:13.111+0900][gc,phases   ] GC(9)   Merge Heap Roots: 0.2ms
[2022-01-05T22:37:13.111+0900][gc,phases   ] GC(9)   Evacuate Collection Set: 4.6ms
[2022-01-05T22:37:13.111+0900][gc,phases   ] GC(9)   Post Evacuate Collection Set: 0.9ms
[2022-01-05T22:37:13.111+0900][gc,phases   ] GC(9)   Other: 1.8ms
[2022-01-05T22:37:13.111+0900][gc,heap     ] GC(9) Eden regions: 47->0(61)
[2022-01-05T22:37:13.111+0900][gc,heap     ] GC(9) Survivor regions: 4->3(7)
[2022-01-05T22:37:13.111+0900][gc,heap     ] GC(9) Old regions: 16->16
[2022-01-05T22:37:13.111+0900][gc,heap     ] GC(9) Archive regions: 2->2
[2022-01-05T22:37:13.111+0900][gc,heap     ] GC(9) Humongous regions: 129->129
[2022-01-05T22:37:13.111+0900][gc,metaspace] GC(9) Metaspace: 40744K(41344K)->40744K(41344K) NonClass: 35854K(36224K)->35854K(36224K) Class: 4889K(5120K)->4889K(5120K)
[2022-01-05T22:37:13.111+0900][gc          ] GC(9) Pause Young (Normal) (G1 Evacuation Pause) 195M->148M(1024M) 8.228ms
[2022-01-05T22:37:13.111+0900][gc,cpu      ] GC(9) User=0.04s Sys=0.00s Real=0.01s
[2022-01-05T22:51:15.837+0900][gc,start    ] GC(10) Pause Young (Normal) (G1 Evacuation Pause)
[2022-01-05T22:51:15.838+0900][gc,task     ] GC(10) Using 8 workers of 8 for evacuation
[2022-01-05T22:51:15.846+0900][gc,phases   ] GC(10)   Pre Evacuate Collection Set: 0.5ms
[2022-01-05T22:51:15.846+0900][gc,phases   ] GC(10)   Merge Heap Roots: 0.2ms
[2022-01-05T22:51:15.846+0900][gc,phases   ] GC(10)   Evacuate Collection Set: 6.6ms
[2022-01-05T22:51:15.846+0900][gc,phases   ] GC(10)   Post Evacuate Collection Set: 0.5ms
[2022-01-05T22:51:15.847+0900][gc,phases   ] GC(10)   Other: 1.6ms
[2022-01-05T22:51:15.847+0900][gc,heap     ] GC(10) Eden regions: 61->0(125)
[2022-01-05T22:51:15.847+0900][gc,heap     ] GC(10) Survivor regions: 3->4(8)
[2022-01-05T22:51:15.847+0900][gc,heap     ] GC(10) Old regions: 16->16
[2022-01-05T22:51:15.847+0900][gc,heap     ] GC(10) Archive regions: 2->2
[2022-01-05T22:51:15.847+0900][gc,heap     ] GC(10) Humongous regions: 129->129
[2022-01-05T22:51:15.847+0900][gc,metaspace] GC(10) Metaspace: 40802K(41344K)->40802K(41344K) NonClass: 35913K(36224K)->35913K(36224K) Class: 4889K(5120K)->4889K(5120K)
[2022-01-05T22:51:15.847+0900][gc          ] GC(10) Pause Young (Normal) (G1 Evacuation Pause) 209M->148M(1024M) 9.546ms
[2022-01-05T22:51:15.847+0900][gc,cpu      ] GC(10) User=0.04s Sys=0.01s Real=0.01s
[2022-01-05T23:19:32.448+0900][gc,start    ] GC(11) Pause Young (Normal) (G1 Evacuation Pause)
[2022-01-05T23:19:32.450+0900][gc,task     ] GC(11) Using 8 workers of 8 for evacuation
[2022-01-05T23:19:32.469+0900][gc,phases   ] GC(11)   Pre Evacuate Collection Set: 2.9ms
[2022-01-05T23:19:32.470+0900][gc,phases   ] GC(11)   Merge Heap Roots: 0.5ms
[2022-01-05T23:19:32.470+0900][gc,phases   ] GC(11)   Evacuate Collection Set: 15.1ms
[2022-01-05T23:19:32.470+0900][gc,phases   ] GC(11)   Post Evacuate Collection Set: 0.8ms
[2022-01-05T23:19:32.470+0900][gc,phases   ] GC(11)   Other: 2.2ms
[2022-01-05T23:19:32.470+0900][gc,heap     ] GC(11) Eden regions: 125->0(73)
[2022-01-05T23:19:32.470+0900][gc,heap     ] GC(11) Survivor regions: 4->4(17)
[2022-01-05T23:19:32.470+0900][gc,heap     ] GC(11) Old regions: 16->16
[2022-01-05T23:19:32.470+0900][gc,heap     ] GC(11) Archive regions: 2->2
[2022-01-05T23:19:32.470+0900][gc,heap     ] GC(11) Humongous regions: 129->129
[2022-01-05T23:19:32.470+0900][gc,metaspace] GC(11) Metaspace: 40887K(41408K)->40887K(41408K) NonClass: 35994K(36288K)->35994K(36288K) Class: 4892K(5120K)->4892K(5120K)
[2022-01-05T23:19:32.470+0900][gc          ] GC(11) Pause Young (Normal) (G1 Evacuation Pause) 273M->149M(1024M) 21.385ms
[2022-01-05T23:19:32.470+0900][gc,cpu      ] GC(11) User=0.04s Sys=0.06s Real=0.03s
[2022-01-05T23:36:22.838+0900][gc,start    ] GC(12) Pause Young (Normal) (G1 Evacuation Pause)
[2022-01-05T23:36:22.839+0900][gc,task     ] GC(12) Using 8 workers of 8 for evacuation
[2022-01-05T23:36:22.846+0900][gc,phases   ] GC(12)   Pre Evacuate Collection Set: 0.4ms
[2022-01-05T23:36:22.847+0900][gc,phases   ] GC(12)   Merge Heap Roots: 0.2ms
[2022-01-05T23:36:22.847+0900][gc,phases   ] GC(12)   Evacuate Collection Set: 5.3ms
[2022-01-05T23:36:22.847+0900][gc,phases   ] GC(12)   Post Evacuate Collection Set: 0.7ms
[2022-01-05T23:36:22.847+0900][gc,phases   ] GC(12)   Other: 1.9ms
[2022-01-05T23:36:22.847+0900][gc,heap     ] GC(12) Eden regions: 73->0(119)
[2022-01-05T23:36:22.847+0900][gc,heap     ] GC(12) Survivor regions: 4->5(10)
[2022-01-05T23:36:22.847+0900][gc,heap     ] GC(12) Old regions: 16->16
[2022-01-05T23:36:22.847+0900][gc,heap     ] GC(12) Archive regions: 2->2
[2022-01-05T23:36:22.847+0900][gc,heap     ] GC(12) Humongous regions: 129->129
[2022-01-05T23:36:22.847+0900][gc,metaspace] GC(12) Metaspace: 40902K(41408K)->40902K(41408K) NonClass: 36009K(36288K)->36009K(36288K) Class: 4892K(5120K)->4892K(5120K)
[2022-01-05T23:36:22.847+0900][gc          ] GC(12) Pause Young (Normal) (G1 Evacuation Pause) 222M->149M(1024M) 8.880ms
[2022-01-05T23:36:22.847+0900][gc,cpu      ] GC(12) User=0.04s Sys=0.01s Real=0.01s
[2022-01-06T00:03:32.398+0900][gc,start    ] GC(13) Pause Young (Normal) (G1 Evacuation Pause)
[2022-01-06T00:03:32.399+0900][gc,task     ] GC(13) Using 8 workers of 8 for evacuation
[2022-01-06T00:03:32.410+0900][gc,phases   ] GC(13)   Pre Evacuate Collection Set: 0.7ms
[2022-01-06T00:03:32.410+0900][gc,phases   ] GC(13)   Merge Heap Roots: 0.3ms
[2022-01-06T00:03:32.410+0900][gc,phases   ] GC(13)   Evacuate Collection Set: 9.3ms
[2022-01-06T00:03:32.410+0900][gc,phases   ] GC(13)   Post Evacuate Collection Set: 0.6ms
[2022-01-06T00:03:32.410+0900][gc,phases   ] GC(13)   Other: 1.5ms
[2022-01-06T00:03:32.410+0900][gc,heap     ] GC(13) Eden regions: 119->0(180)
[2022-01-06T00:03:32.410+0900][gc,heap     ] GC(13) Survivor regions: 5->5(16)
[2022-01-06T00:03:32.410+0900][gc,heap     ] GC(13) Old regions: 16->16
[2022-01-06T00:03:32.410+0900][gc,heap     ] GC(13) Archive regions: 2->2
[2022-01-06T00:03:32.410+0900][gc,heap     ] GC(13) Humongous regions: 129->129
[2022-01-06T00:03:32.410+0900][gc,metaspace] GC(13) Metaspace: 40922K(41536K)->40922K(41536K) NonClass: 36030K(36416K)->36030K(36416K) Class: 4892K(5120K)->4892K(5120K)
[2022-01-06T00:03:32.410+0900][gc          ] GC(13) Pause Young (Normal) (G1 Evacuation Pause) 268M->150M(1024M) 12.839ms
[2022-01-06T00:03:32.410+0900][gc,cpu      ] GC(13) User=0.05s Sys=0.02s Real=0.02s
[2022-01-06T00:45:46.229+0900][gc,start    ] GC(14) Pause Young (Normal) (G1 Evacuation Pause)
[2022-01-06T00:45:46.230+0900][gc,task     ] GC(14) Using 8 workers of 8 for evacuation
[2022-01-06T00:45:46.242+0900][gc,phases   ] GC(14)   Pre Evacuate Collection Set: 0.4ms
[2022-01-06T00:45:46.242+0900][gc,phases   ] GC(14)   Merge Heap Roots: 0.2ms
[2022-01-06T00:45:46.242+0900][gc,phases   ] GC(14)   Evacuate Collection Set: 9.6ms
[2022-01-06T00:45:46.242+0900][gc,phases   ] GC(14)   Post Evacuate Collection Set: 0.8ms
[2022-01-06T00:45:46.242+0900][gc,phases   ] GC(14)   Other: 2.1ms
[2022-01-06T00:45:46.242+0900][gc,heap     ] GC(14) Eden regions: 180->0(609)
[2022-01-06T00:45:46.242+0900][gc,heap     ] GC(14) Survivor regions: 5->5(24)
[2022-01-06T00:45:46.242+0900][gc,heap     ] GC(14) Old regions: 16->16
[2022-01-06T00:45:46.242+0900][gc,heap     ] GC(14) Archive regions: 2->2
[2022-01-06T00:45:46.242+0900][gc,heap     ] GC(14) Humongous regions: 129->129
[2022-01-06T00:45:46.242+0900][gc,metaspace] GC(14) Metaspace: 40931K(41536K)->40931K(41536K) NonClass: 36038K(36416K)->36038K(36416K) Class: 4892K(5120K)->4892K(5120K)
[2022-01-06T00:45:46.242+0900][gc          ] GC(14) Pause Young (Normal) (G1 Evacuation Pause) 330M->150M(1024M) 13.425ms
[2022-01-06T00:45:46.242+0900][gc,cpu      ] GC(14) User=0.06s Sys=0.01s Real=0.02s
[2022-01-06T03:07:36.485+0900][gc,start    ] GC(15) Pause Young (Normal) (G1 Evacuation Pause)
[2022-01-06T03:07:36.486+0900][gc,task     ] GC(15) Using 8 workers of 8 for evacuation
[2022-01-06T03:07:36.502+0900][gc,phases   ] GC(15)   Pre Evacuate Collection Set: 2.4ms
[2022-01-06T03:07:36.503+0900][gc,phases   ] GC(15)   Merge Heap Roots: 0.6ms
[2022-01-06T03:07:36.503+0900][gc,phases   ] GC(15)   Evacuate Collection Set: 11.1ms
[2022-01-06T03:07:36.503+0900][gc,phases   ] GC(15)   Post Evacuate Collection Set: 1.6ms
[2022-01-06T03:07:36.503+0900][gc,phases   ] GC(15)   Other: 2.5ms
[2022-01-06T03:07:36.503+0900][gc,heap     ] GC(15) Eden regions: 609->0(609)
[2022-01-06T03:07:36.503+0900][gc,heap     ] GC(15) Survivor regions: 5->5(77)
[2022-01-06T03:07:36.503+0900][gc,heap     ] GC(15) Old regions: 16->16
[2022-01-06T03:07:36.503+0900][gc,heap     ] GC(15) Archive regions: 2->2
[2022-01-06T03:07:36.503+0900][gc,heap     ] GC(15) Humongous regions: 129->129
[2022-01-06T03:07:36.503+0900][gc,metaspace] GC(15) Metaspace: 40988K(41536K)->40988K(41536K) NonClass: 36096K(36416K)->36096K(36416K) Class: 4892K(5120K)->4892K(5120K)
[2022-01-06T03:07:36.503+0900][gc          ] GC(15) Pause Young (Normal) (G1 Evacuation Pause) 759M->150M(1024M) 18.221ms
[2022-01-06T03:07:36.503+0900][gc,cpu      ] GC(15) User=0.05s Sys=0.04s Real=0.02s
[2022-01-06T05:30:08.270+0900][gc,start    ] GC(16) Pause Young (Normal) (G1 Evacuation Pause)
[2022-01-06T05:30:08.272+0900][gc,task     ] GC(16) Using 8 workers of 8 for evacuation
[2022-01-06T05:30:08.289+0900][gc,phases   ] GC(16)   Pre Evacuate Collection Set: 0.6ms
[2022-01-06T05:30:08.289+0900][gc,phases   ] GC(16)   Merge Heap Roots: 0.7ms
[2022-01-06T05:30:08.289+0900][gc,phases   ] GC(16)   Evacuate Collection Set: 14.0ms
[2022-01-06T05:30:08.289+0900][gc,phases   ] GC(16)   Post Evacuate Collection Set: 1.4ms
[2022-01-06T05:30:08.289+0900][gc,phases   ] GC(16)   Other: 1.9ms
[2022-01-06T05:30:08.289+0900][gc,heap     ] GC(16) Eden regions: 609->0(473)
[2022-01-06T05:30:08.289+0900][gc,heap     ] GC(16) Survivor regions: 5->5(77)
[2022-01-06T05:30:08.289+0900][gc,heap     ] GC(16) Old regions: 16->16
[2022-01-06T05:30:08.289+0900][gc,heap     ] GC(16) Archive regions: 2->2
[2022-01-06T05:30:08.289+0900][gc,heap     ] GC(16) Humongous regions: 129->129
[2022-01-06T05:30:08.289+0900][gc,metaspace] GC(16) Metaspace: 41022K(41600K)->41022K(41600K) NonClass: 36129K(36480K)->36129K(36480K) Class: 4892K(5120K)->4892K(5120K)
[2022-01-06T05:30:08.289+0900][gc          ] GC(16) Pause Young (Normal) (G1 Evacuation Pause) 759M->149M(1024M) 18.708ms
[2022-01-06T05:30:08.289+0900][gc,cpu      ] GC(16) User=0.05s Sys=0.04s Real=0.01s
[2022-01-06T07:20:26.613+0900][gc,start    ] GC(17) Pause Young (Normal) (G1 Evacuation Pause)
[2022-01-06T07:20:26.614+0900][gc,task     ] GC(17) Using 8 workers of 8 for evacuation
[2022-01-06T07:20:26.641+0900][gc,mmu      ] GC(17) MMU target violated: 21.0ms (20.0ms/21.0ms)
[2022-01-06T07:20:26.641+0900][gc,phases   ] GC(17)   Pre Evacuate Collection Set: 2.9ms
[2022-01-06T07:20:26.641+0900][gc,phases   ] GC(17)   Merge Heap Roots: 1.0ms
[2022-01-06T07:20:26.641+0900][gc,phases   ] GC(17)   Evacuate Collection Set: 20.3ms
[2022-01-06T07:20:26.641+0900][gc,phases   ] GC(17)   Post Evacuate Collection Set: 1.6ms
[2022-01-06T07:20:26.641+0900][gc,phases   ] GC(17)   Other: 2.4ms
[2022-01-06T07:20:26.641+0900][gc,heap     ] GC(17) Eden regions: 473->0(51)
[2022-01-06T07:20:26.641+0900][gc,heap     ] GC(17) Survivor regions: 5->5(60)
[2022-01-06T07:20:26.641+0900][gc,heap     ] GC(17) Old regions: 16->16
[2022-01-06T07:20:26.641+0900][gc,heap     ] GC(17) Archive regions: 2->2
[2022-01-06T07:20:26.641+0900][gc,heap     ] GC(17) Humongous regions: 129->129
[2022-01-06T07:20:26.641+0900][gc,metaspace] GC(17) Metaspace: 41049K(41600K)->41049K(41600K) NonClass: 36156K(36480K)->36156K(36480K) Class: 4892K(5120K)->4892K(5120K)
[2022-01-06T07:20:26.641+0900][gc          ] GC(17) Pause Young (Normal) (G1 Evacuation Pause) 622M->150M(1024M) 28.106ms
[2022-01-06T07:20:26.641+0900][gc,cpu      ] GC(17) User=0.05s Sys=0.10s Real=0.03s
[2022-01-06T07:32:16.341+0900][gc,start    ] GC(18) Pause Young (Normal) (G1 Evacuation Pause)
[2022-01-06T07:32:16.342+0900][gc,task     ] GC(18) Using 8 workers of 8 for evacuation
[2022-01-06T07:32:16.348+0900][gc,phases   ] GC(18)   Pre Evacuate Collection Set: 0.2ms
[2022-01-06T07:32:16.348+0900][gc,phases   ] GC(18)   Merge Heap Roots: 0.1ms
[2022-01-06T07:32:16.348+0900][gc,phases   ] GC(18)   Evacuate Collection Set: 5.5ms
[2022-01-06T07:32:16.348+0900][gc,phases   ] GC(18)   Post Evacuate Collection Set: 0.3ms
[2022-01-06T07:32:16.348+0900][gc,phases   ] GC(18)   Other: 0.9ms
[2022-01-06T07:32:16.348+0900][gc,heap     ] GC(18) Eden regions: 51->0(403)
[2022-01-06T07:32:16.348+0900][gc,heap     ] GC(18) Survivor regions: 5->4(7)
[2022-01-06T07:32:16.348+0900][gc,heap     ] GC(18) Old regions: 16->17
[2022-01-06T07:32:16.348+0900][gc,heap     ] GC(18) Archive regions: 2->2
[2022-01-06T07:32:16.349+0900][gc,heap     ] GC(18) Humongous regions: 129->129
[2022-01-06T07:32:16.349+0900][gc,metaspace] GC(18) Metaspace: 41051K(41600K)->41051K(41600K) NonClass: 36158K(36480K)->36158K(36480K) Class: 4892K(5120K)->4892K(5120K)
[2022-01-06T07:32:16.349+0900][gc          ] GC(18) Pause Young (Normal) (G1 Evacuation Pause) 201M->149M(1024M) 7.035ms
[2022-01-06T07:32:16.349+0900][gc,cpu      ] GC(18) User=0.01s Sys=0.02s Real=0.00s
[2022-01-06T09:06:06.437+0900][gc,start    ] GC(19) Pause Young (Normal) (G1 Evacuation Pause)
[2022-01-06T09:06:06.438+0900][gc,task     ] GC(19) Using 8 workers of 8 for evacuation
[2022-01-06T09:06:06.456+0900][gc,phases   ] GC(19)   Pre Evacuate Collection Set: 1.4ms
[2022-01-06T09:06:06.456+0900][gc,phases   ] GC(19)   Merge Heap Roots: 0.4ms
[2022-01-06T09:06:06.456+0900][gc,phases   ] GC(19)   Evacuate Collection Set: 13.9ms
[2022-01-06T09:06:06.456+0900][gc,phases   ] GC(19)   Post Evacuate Collection Set: 1.7ms
[2022-01-06T09:06:06.456+0900][gc,phases   ] GC(19)   Other: 1.7ms
[2022-01-06T09:06:06.456+0900][gc,heap     ] GC(19) Eden regions: 403->0(378)
[2022-01-06T09:06:06.456+0900][gc,heap     ] GC(19) Survivor regions: 4->4(51)
[2022-01-06T09:06:06.456+0900][gc,heap     ] GC(19) Old regions: 17->17
[2022-01-06T09:06:06.456+0900][gc,heap     ] GC(19) Archive regions: 2->2
[2022-01-06T09:06:06.456+0900][gc,heap     ] GC(19) Humongous regions: 129->129
[2022-01-06T09:06:06.456+0900][gc,metaspace] GC(19) Metaspace: 41075K(41600K)->41075K(41600K) NonClass: 36181K(36480K)->36181K(36480K) Class: 4893K(5120K)->4893K(5120K)
[2022-01-06T09:06:06.456+0900][gc          ] GC(19) Pause Young (Normal) (G1 Evacuation Pause) 552M->150M(1024M) 19.243ms
[2022-01-06T09:06:06.456+0900][gc,cpu      ] GC(19) User=0.03s Sys=0.05s Real=0.02s
[2022-01-06T10:34:49.480+0900][gc,start    ] GC(20) Pause Young (Normal) (G1 Evacuation Pause)
[2022-01-06T10:34:49.481+0900][gc,task     ] GC(20) Using 8 workers of 8 for evacuation
[2022-01-06T10:34:49.501+0900][gc,phases   ] GC(20)   Pre Evacuate Collection Set: 2.6ms
[2022-01-06T10:34:49.501+0900][gc,phases   ] GC(20)   Merge Heap Roots: 0.7ms
[2022-01-06T10:34:49.501+0900][gc,phases   ] GC(20)   Evacuate Collection Set: 14.0ms
[2022-01-06T10:34:49.501+0900][gc,phases   ] GC(20)   Post Evacuate Collection Set: 2.0ms
[2022-01-06T10:34:49.501+0900][gc,phases   ] GC(20)   Other: 3.4ms
[2022-01-06T10:34:49.501+0900][gc,heap     ] GC(20) Eden regions: 378->0(348)
[2022-01-06T10:34:49.501+0900][gc,heap     ] GC(20) Survivor regions: 4->3(48)
[2022-01-06T10:34:49.501+0900][gc,heap     ] GC(20) Old regions: 17->17
[2022-01-06T10:34:49.501+0900][gc,heap     ] GC(20) Archive regions: 2->2
[2022-01-06T10:34:49.501+0900][gc,heap     ] GC(20) Humongous regions: 129->129
[2022-01-06T10:34:49.501+0900][gc,metaspace] GC(20) Metaspace: 41080K(41600K)->41080K(41600K) NonClass: 36186K(36480K)->36186K(36480K) Class: 4893K(5120K)->4893K(5120K)
[2022-01-06T10:34:49.501+0900][gc          ] GC(20) Pause Young (Normal) (G1 Evacuation Pause) 528M->149M(1024M) 21.135ms
[2022-01-06T10:34:49.501+0900][gc,cpu      ] GC(20) User=0.03s Sys=0.07s Real=0.02s
[2022-01-06T11:46:03.252+0900][gc,start    ] GC(21) Pause Young (Normal) (G1 Evacuation Pause)
[2022-01-06T11:46:03.269+0900][gc,task     ] GC(21) Using 8 workers of 8 for evacuation
[2022-01-06T11:46:03.280+0900][gc,phases   ] GC(21)   Pre Evacuate Collection Set: 0.5ms
[2022-01-06T11:46:03.280+0900][gc,phases   ] GC(21)   Merge Heap Roots: 0.2ms
[2022-01-06T11:46:03.280+0900][gc,phases   ] GC(21)   Evacuate Collection Set: 10.1ms
[2022-01-06T11:46:03.280+0900][gc,phases   ] GC(21)   Post Evacuate Collection Set: 0.9ms
[2022-01-06T11:46:03.280+0900][gc,phases   ] GC(21)   Other: 16.4ms
[2022-01-06T11:46:03.280+0900][gc,heap     ] GC(21) Eden regions: 313->0(156)
[2022-01-06T11:46:03.280+0900][gc,heap     ] GC(21) Survivor regions: 3->5(40)
[2022-01-06T11:46:03.280+0900][gc,heap     ] GC(21) Old regions: 17->17
[2022-01-06T11:46:03.280+0900][gc,heap     ] GC(21) Archive regions: 2->2
[2022-01-06T11:46:03.280+0900][gc,heap     ] GC(21) Humongous regions: 129->129
[2022-01-06T11:46:03.280+0900][gc,metaspace] GC(21) Metaspace: 41746K(42368K)->41746K(42368K) NonClass: 36694K(37056K)->36694K(37056K) Class: 5051K(5312K)->5051K(5312K)
[2022-01-06T11:46:03.281+0900][gc          ] GC(21) Pause Young (Normal) (G1 Evacuation Pause) 462M->150M(1024M) 28.165ms
[2022-01-06T11:46:03.281+0900][gc,cpu      ] GC(21) User=0.02s Sys=0.03s Real=0.03s
[2022-01-06T11:46:03.349+0900][gc,heap,exit] Heap
[2022-01-06T11:46:03.349+0900][gc,heap,exit]  garbage-first heap   total 1048576K, used 156950K [0x00000007c0000000, 0x0000000800000000)
[2022-01-06T11:46:03.349+0900][gc,heap,exit]   region size 1024K, 8 young (8192K), 5 survivors (5120K)
[2022-01-06T11:46:03.349+0900][gc,heap,exit]  Metaspace       used 41775K, committed 42368K, reserved 1089536K
[2022-01-06T11:46:03.349+0900][gc,heap,exit]   class space    used 5059K, committed 5312K, reserved 1048576K
