[2022-01-06T13:08:18.602+0900][gc] Using G1
[2022-01-06T13:08:18.608+0900][gc,init] Version: 17.0.1+1 (release)
[2022-01-06T13:08:18.608+0900][gc,init] CPUs: 8 total, 8 available
[2022-01-06T13:08:18.608+0900][gc,init] Memory: 32768M
[2022-01-06T13:08:18.608+0900][gc,init] Large Page Support: Disabled
[2022-01-06T13:08:18.608+0900][gc,init] NUMA Support: Disabled
[2022-01-06T13:08:18.608+0900][gc,init] Compressed Oops: Enabled (Zero based)
[2022-01-06T13:08:18.608+0900][gc,init] Heap Region Size: 1M
[2022-01-06T13:08:18.608+0900][gc,init] Heap Min Capacity: 1G
[2022-01-06T13:08:18.608+0900][gc,init] Heap Initial Capacity: 1G
[2022-01-06T13:08:18.608+0900][gc,init] Heap Max Capacity: 1G
[2022-01-06T13:08:18.608+0900][gc,init] Pre-touch: Disabled
[2022-01-06T13:08:18.608+0900][gc,init] Parallel Workers: 8
[2022-01-06T13:08:18.608+0900][gc,init] Concurrent Workers: 2
[2022-01-06T13:08:18.608+0900][gc,init] Concurrent Refinement Workers: 8
[2022-01-06T13:08:18.608+0900][gc,init] Periodic GC: Disabled
[2022-01-06T13:08:18.608+0900][gc,metaspace] CDS archive(s) mapped at: [0x0000000800000000-0x0000000800bd0000-0x0000000800bd0000), size 12386304, SharedBaseAddress: 0x0000000800000000, ArchiveRelocationMode: 0.
[2022-01-06T13:08:18.608+0900][gc,metaspace] Compressed class space mapped at: 0x0000000800c00000-0x0000000840c00000, reserved size: 1073741824
[2022-01-06T13:08:18.608+0900][gc,metaspace] Narrow klass base: 0x0000000800000000, Narrow klass shift: 0, Narrow klass range: 0x100000000
[2022-01-06T13:08:20.371+0900][gc,start    ] GC(0) Pause Young (Normal) (G1 Evacuation Pause)
[2022-01-06T13:08:20.372+0900][gc,task     ] GC(0) Using 8 workers of 8 for evacuation
[2022-01-06T13:08:20.376+0900][gc,phases   ] GC(0)   Pre Evacuate Collection Set: 0.1ms
[2022-01-06T13:08:20.376+0900][gc,phases   ] GC(0)   Merge Heap Roots: 0.0ms
[2022-01-06T13:08:20.376+0900][gc,phases   ] GC(0)   Evacuate Collection Set: 3.4ms
[2022-01-06T13:08:20.376+0900][gc,phases   ] GC(0)   Post Evacuate Collection Set: 0.5ms
[2022-01-06T13:08:20.376+0900][gc,phases   ] GC(0)   Other: 0.4ms
[2022-01-06T13:08:20.376+0900][gc,heap     ] GC(0) Eden regions: 51->0(44)
[2022-01-06T13:08:20.376+0900][gc,heap     ] GC(0) Survivor regions: 0->7(7)
[2022-01-06T13:08:20.376+0900][gc,heap     ] GC(0) Old regions: 0->0
[2022-01-06T13:08:20.376+0900][gc,heap     ] GC(0) Archive regions: 2->2
[2022-01-06T13:08:20.376+0900][gc,heap     ] GC(0) Humongous regions: 0->0
[2022-01-06T13:08:20.376+0900][gc,metaspace] GC(0) Metaspace: 18501K(18624K)->18501K(18624K) NonClass: 16273K(16320K)->16273K(16320K) Class: 2227K(2304K)->2227K(2304K)
[2022-01-06T13:08:20.376+0900][gc          ] GC(0) Pause Young (Normal) (G1 Evacuation Pause) 51M->7M(1024M) 4.641ms
[2022-01-06T13:08:20.376+0900][gc,cpu      ] GC(0) User=0.02s Sys=0.00s Real=0.00s
[2022-01-06T13:08:20.768+0900][gc,start    ] GC(1) Pause Young (Concurrent Start) (Metadata GC Threshold)
[2022-01-06T13:08:20.768+0900][gc,task     ] GC(1) Using 8 workers of 8 for evacuation
[2022-01-06T13:08:20.774+0900][gc,phases   ] GC(1)   Pre Evacuate Collection Set: 0.1ms
[2022-01-06T13:08:20.774+0900][gc,phases   ] GC(1)   Merge Heap Roots: 0.0ms
[2022-01-06T13:08:20.774+0900][gc,phases   ] GC(1)   Evacuate Collection Set: 5.2ms
[2022-01-06T13:08:20.774+0900][gc,phases   ] GC(1)   Post Evacuate Collection Set: 0.5ms
[2022-01-06T13:08:20.774+0900][gc,phases   ] GC(1)   Other: 0.3ms
[2022-01-06T13:08:20.774+0900][gc,heap     ] GC(1) Eden regions: 12->0(49)
[2022-01-06T13:08:20.774+0900][gc,heap     ] GC(1) Survivor regions: 7->2(7)
[2022-01-06T13:08:20.774+0900][gc,heap     ] GC(1) Old regions: 0->7
[2022-01-06T13:08:20.774+0900][gc,heap     ] GC(1) Archive regions: 2->2
[2022-01-06T13:08:20.774+0900][gc,heap     ] GC(1) Humongous regions: 129->129
[2022-01-06T13:08:20.774+0900][gc,metaspace] GC(1) Metaspace: 21281K(21504K)->21281K(21504K) NonClass: 18693K(18816K)->18693K(18816K) Class: 2588K(2688K)->2588K(2688K)
[2022-01-06T13:08:20.774+0900][gc          ] GC(1) Pause Young (Concurrent Start) (Metadata GC Threshold) 148M->138M(1024M) 6.233ms
[2022-01-06T13:08:20.774+0900][gc,cpu      ] GC(1) User=0.02s Sys=0.01s Real=0.01s
[2022-01-06T13:08:20.775+0900][gc          ] GC(2) Concurrent Mark Cycle
[2022-01-06T13:08:20.775+0900][gc,marking  ] GC(2) Concurrent Clear Claimed Marks
[2022-01-06T13:08:20.775+0900][gc,marking  ] GC(2) Concurrent Clear Claimed Marks 0.015ms
[2022-01-06T13:08:20.775+0900][gc,marking  ] GC(2) Concurrent Scan Root Regions
[2022-01-06T13:08:20.776+0900][gc,marking  ] GC(2) Concurrent Scan Root Regions 1.847ms
[2022-01-06T13:08:20.777+0900][gc,marking  ] GC(2) Concurrent Mark
[2022-01-06T13:08:20.777+0900][gc,marking  ] GC(2) Concurrent Mark From Roots
[2022-01-06T13:08:20.777+0900][gc,task     ] GC(2) Using 2 workers of 2 for marking
[2022-01-06T13:08:20.779+0900][gc,marking  ] GC(2) Concurrent Mark From Roots 2.206ms
[2022-01-06T13:08:20.779+0900][gc,marking  ] GC(2) Concurrent Preclean
[2022-01-06T13:08:20.779+0900][gc,marking  ] GC(2) Concurrent Preclean 0.037ms
[2022-01-06T13:08:20.779+0900][gc,start    ] GC(2) Pause Remark
[2022-01-06T13:08:20.780+0900][gc          ] GC(2) Pause Remark 138M->138M(1024M) 1.232ms
[2022-01-06T13:08:20.780+0900][gc,cpu      ] GC(2) User=0.01s Sys=0.00s Real=0.01s
[2022-01-06T13:08:20.780+0900][gc,marking  ] GC(2) Concurrent Mark 3.830ms
[2022-01-06T13:08:20.780+0900][gc,marking  ] GC(2) Concurrent Rebuild Remembered Sets
[2022-01-06T13:08:20.783+0900][gc,marking  ] GC(2) Concurrent Rebuild Remembered Sets 2.255ms
[2022-01-06T13:08:20.783+0900][gc,start    ] GC(2) Pause Cleanup
[2022-01-06T13:08:20.783+0900][gc          ] GC(2) Pause Cleanup 138M->138M(1024M) 0.195ms
[2022-01-06T13:08:20.783+0900][gc,cpu      ] GC(2) User=0.00s Sys=0.00s Real=0.00s
[2022-01-06T13:08:20.783+0900][gc,marking  ] GC(2) Concurrent Cleanup for Next Mark
[2022-01-06T13:08:20.789+0900][gc,marking  ] GC(2) Concurrent Cleanup for Next Mark 5.871ms
[2022-01-06T13:08:20.789+0900][gc          ] GC(2) Concurrent Mark Cycle 14.629ms
[2022-01-06T13:08:21.546+0900][gc,start    ] GC(3) Pause Young (Normal) (G1 Evacuation Pause)
[2022-01-06T13:08:21.546+0900][gc,task     ] GC(3) Using 8 workers of 8 for evacuation
[2022-01-06T13:08:21.550+0900][gc,phases   ] GC(3)   Pre Evacuate Collection Set: 0.1ms
[2022-01-06T13:08:21.550+0900][gc,phases   ] GC(3)   Merge Heap Roots: 0.1ms
[2022-01-06T13:08:21.550+0900][gc,phases   ] GC(3)   Evacuate Collection Set: 2.7ms
[2022-01-06T13:08:21.550+0900][gc,phases   ] GC(3)   Post Evacuate Collection Set: 0.6ms
[2022-01-06T13:08:21.550+0900][gc,phases   ] GC(3)   Other: 0.3ms
[2022-01-06T13:08:21.550+0900][gc,heap     ] GC(3) Eden regions: 49->0(45)
[2022-01-06T13:08:21.550+0900][gc,heap     ] GC(3) Survivor regions: 2->6(7)
[2022-01-06T13:08:21.550+0900][gc,heap     ] GC(3) Old regions: 7->7
[2022-01-06T13:08:21.550+0900][gc,heap     ] GC(3) Archive regions: 2->2
[2022-01-06T13:08:21.550+0900][gc,heap     ] GC(3) Humongous regions: 129->129
[2022-01-06T13:08:21.550+0900][gc,metaspace] GC(3) Metaspace: 32831K(33088K)->32831K(33088K) NonClass: 29088K(29248K)->29088K(29248K) Class: 3742K(3840K)->3742K(3840K)
[2022-01-06T13:08:21.550+0900][gc          ] GC(3) Pause Young (Normal) (G1 Evacuation Pause) 187M->142M(1024M) 3.722ms
[2022-01-06T13:08:21.550+0900][gc,cpu      ] GC(3) User=0.02s Sys=0.00s Real=0.01s
[2022-01-06T13:08:46.620+0900][gc,start    ] GC(4) Pause Young (Concurrent Start) (Metadata GC Threshold)
[2022-01-06T13:08:46.620+0900][gc,task     ] GC(4) Using 8 workers of 8 for evacuation
[2022-01-06T13:08:46.624+0900][gc,phases   ] GC(4)   Pre Evacuate Collection Set: 0.2ms
[2022-01-06T13:08:46.624+0900][gc,phases   ] GC(4)   Merge Heap Roots: 0.1ms
[2022-01-06T13:08:46.624+0900][gc,phases   ] GC(4)   Evacuate Collection Set: 3.9ms
[2022-01-06T13:08:46.624+0900][gc,phases   ] GC(4)   Post Evacuate Collection Set: 0.6ms
[2022-01-06T13:08:46.624+0900][gc,phases   ] GC(4)   Other: 0.2ms
[2022-01-06T13:08:46.625+0900][gc,heap     ] GC(4) Eden regions: 14->0(49)
[2022-01-06T13:08:46.625+0900][gc,heap     ] GC(4) Survivor regions: 6->2(7)
[2022-01-06T13:08:46.625+0900][gc,heap     ] GC(4) Old regions: 7->13
[2022-01-06T13:08:46.625+0900][gc,heap     ] GC(4) Archive regions: 2->2
[2022-01-06T13:08:46.625+0900][gc,heap     ] GC(4) Humongous regions: 129->129
[2022-01-06T13:08:46.625+0900][gc,metaspace] GC(4) Metaspace: 35638K(35968K)->35638K(35968K) NonClass: 31409K(31616K)->31409K(31616K) Class: 4229K(4352K)->4229K(4352K)
[2022-01-06T13:08:46.625+0900][gc          ] GC(4) Pause Young (Concurrent Start) (Metadata GC Threshold) 156M->143M(1024M) 5.023ms
[2022-01-06T13:08:46.625+0900][gc,cpu      ] GC(4) User=0.02s Sys=0.01s Real=0.00s
[2022-01-06T13:08:46.625+0900][gc          ] GC(5) Concurrent Mark Cycle
[2022-01-06T13:08:46.625+0900][gc,marking  ] GC(5) Concurrent Clear Claimed Marks
[2022-01-06T13:08:46.625+0900][gc,marking  ] GC(5) Concurrent Clear Claimed Marks 0.021ms
[2022-01-06T13:08:46.625+0900][gc,marking  ] GC(5) Concurrent Scan Root Regions
[2022-01-06T13:08:46.627+0900][gc,marking  ] GC(5) Concurrent Scan Root Regions 2.547ms
[2022-01-06T13:08:46.627+0900][gc,marking  ] GC(5) Concurrent Mark
[2022-01-06T13:08:46.627+0900][gc,marking  ] GC(5) Concurrent Mark From Roots
[2022-01-06T13:08:46.628+0900][gc,task     ] GC(5) Using 2 workers of 2 for marking
[2022-01-06T13:08:46.633+0900][gc,marking  ] GC(5) Concurrent Mark From Roots 5.213ms
[2022-01-06T13:08:46.633+0900][gc,marking  ] GC(5) Concurrent Preclean
[2022-01-06T13:08:46.633+0900][gc,marking  ] GC(5) Concurrent Preclean 0.068ms
[2022-01-06T13:08:46.633+0900][gc,start    ] GC(5) Pause Remark
[2022-01-06T13:08:46.634+0900][gc          ] GC(5) Pause Remark 144M->144M(1024M) 1.201ms
[2022-01-06T13:08:46.634+0900][gc,cpu      ] GC(5) User=0.01s Sys=0.00s Real=0.00s
[2022-01-06T13:08:46.634+0900][gc,marking  ] GC(5) Concurrent Mark 6.808ms
[2022-01-06T13:08:46.634+0900][gc,marking  ] GC(5) Concurrent Rebuild Remembered Sets
[2022-01-06T13:08:46.638+0900][gc,marking  ] GC(5) Concurrent Rebuild Remembered Sets 3.721ms
[2022-01-06T13:08:46.638+0900][gc,start    ] GC(5) Pause Cleanup
[2022-01-06T13:08:46.638+0900][gc          ] GC(5) Pause Cleanup 144M->144M(1024M) 0.198ms
[2022-01-06T13:08:46.638+0900][gc,cpu      ] GC(5) User=0.00s Sys=0.00s Real=0.00s
[2022-01-06T13:08:46.638+0900][gc,marking  ] GC(5) Concurrent Cleanup for Next Mark
[2022-01-06T13:08:46.644+0900][gc,marking  ] GC(5) Concurrent Cleanup for Next Mark 5.238ms
[2022-01-06T13:08:46.644+0900][gc          ] GC(5) Concurrent Mark Cycle 19.014ms
[2022-01-06T13:09:54.278+0900][gc,start    ] GC(6) Pause Young (Normal) (G1 Evacuation Pause)
[2022-01-06T13:09:54.279+0900][gc,task     ] GC(6) Using 8 workers of 8 for evacuation
[2022-01-06T13:09:54.288+0900][gc,phases   ] GC(6)   Pre Evacuate Collection Set: 0.3ms
[2022-01-06T13:09:54.288+0900][gc,phases   ] GC(6)   Merge Heap Roots: 0.2ms
[2022-01-06T13:09:54.288+0900][gc,phases   ] GC(6)   Evacuate Collection Set: 6.8ms
[2022-01-06T13:09:54.288+0900][gc,phases   ] GC(6)   Post Evacuate Collection Set: 0.9ms
[2022-01-06T13:09:54.288+0900][gc,phases   ] GC(6)   Other: 1.6ms
[2022-01-06T13:09:54.288+0900][gc,heap     ] GC(6) Eden regions: 49->0(46)
[2022-01-06T13:09:54.288+0900][gc,heap     ] GC(6) Survivor regions: 2->5(7)
[2022-01-06T13:09:54.288+0900][gc,heap     ] GC(6) Old regions: 13->13
[2022-01-06T13:09:54.288+0900][gc,heap     ] GC(6) Archive regions: 2->2
[2022-01-06T13:09:54.288+0900][gc,heap     ] GC(6) Humongous regions: 129->129
[2022-01-06T13:09:54.288+0900][gc,metaspace] GC(6) Metaspace: 39909K(40512K)->39909K(40512K) NonClass: 35089K(35392K)->35089K(35392K) Class: 4820K(5120K)->4820K(5120K)
[2022-01-06T13:09:54.288+0900][gc          ] GC(6) Pause Young (Normal) (G1 Evacuation Pause) 192M->146M(1024M) 9.981ms
[2022-01-06T13:09:54.288+0900][gc,cpu      ] GC(6) User=0.05s Sys=0.00s Real=0.01s
[2022-01-06T13:13:17.750+0900][gc,start    ] GC(7) Pause Young (Normal) (G1 Evacuation Pause)
[2022-01-06T13:13:17.751+0900][gc,task     ] GC(7) Using 8 workers of 8 for evacuation
[2022-01-06T13:13:17.758+0900][gc,phases   ] GC(7)   Pre Evacuate Collection Set: 0.2ms
[2022-01-06T13:13:17.758+0900][gc,phases   ] GC(7)   Merge Heap Roots: 0.1ms
[2022-01-06T13:13:17.758+0900][gc,phases   ] GC(7)   Evacuate Collection Set: 6.4ms
[2022-01-06T13:13:17.759+0900][gc,phases   ] GC(7)   Post Evacuate Collection Set: 0.8ms
[2022-01-06T13:13:17.759+0900][gc,phases   ] GC(7)   Other: 1.2ms
[2022-01-06T13:13:17.759+0900][gc,heap     ] GC(7) Eden regions: 46->0(45)
[2022-01-06T13:13:17.759+0900][gc,heap     ] GC(7) Survivor regions: 5->6(7)
[2022-01-06T13:13:17.759+0900][gc,heap     ] GC(7) Old regions: 13->14
[2022-01-06T13:13:17.759+0900][gc,heap     ] GC(7) Archive regions: 2->2
[2022-01-06T13:13:17.759+0900][gc,heap     ] GC(7) Humongous regions: 129->129
[2022-01-06T13:13:17.759+0900][gc,metaspace] GC(7) Metaspace: 40341K(40960K)->40341K(40960K) NonClass: 35518K(35840K)->35518K(35840K) Class: 4823K(5120K)->4823K(5120K)
[2022-01-06T13:13:17.759+0900][gc          ] GC(7) Pause Young (Normal) (G1 Evacuation Pause) 192M->148M(1024M) 9.006ms
[2022-01-06T13:13:17.759+0900][gc,cpu      ] GC(7) User=0.05s Sys=0.00s Real=0.00s
[2022-01-06T13:16:50.439+0900][gc,start    ] GC(8) Pause Young (Normal) (G1 Evacuation Pause)
[2022-01-06T13:16:50.440+0900][gc,task     ] GC(8) Using 8 workers of 8 for evacuation
[2022-01-06T13:16:50.444+0900][gc,phases   ] GC(8)   Pre Evacuate Collection Set: 0.1ms
[2022-01-06T13:16:50.444+0900][gc,phases   ] GC(8)   Merge Heap Roots: 0.1ms
[2022-01-06T13:16:50.444+0900][gc,phases   ] GC(8)   Evacuate Collection Set: 3.1ms
[2022-01-06T13:16:50.444+0900][gc,phases   ] GC(8)   Post Evacuate Collection Set: 0.4ms
[2022-01-06T13:16:50.444+0900][gc,phases   ] GC(8)   Other: 1.1ms
[2022-01-06T13:16:50.444+0900][gc,heap     ] GC(8) Eden regions: 45->0(47)
[2022-01-06T13:16:50.444+0900][gc,heap     ] GC(8) Survivor regions: 6->4(7)
[2022-01-06T13:16:50.444+0900][gc,heap     ] GC(8) Old regions: 14->17
[2022-01-06T13:16:50.444+0900][gc,heap     ] GC(8) Archive regions: 2->2
[2022-01-06T13:16:50.444+0900][gc,heap     ] GC(8) Humongous regions: 129->129
[2022-01-06T13:16:50.444+0900][gc,metaspace] GC(8) Metaspace: 40404K(41024K)->40404K(41024K) NonClass: 35574K(35904K)->35574K(35904K) Class: 4829K(5120K)->4829K(5120K)
[2022-01-06T13:16:50.444+0900][gc          ] GC(8) Pause Young (Normal) (G1 Evacuation Pause) 193M->149M(1024M) 5.017ms
[2022-01-06T13:16:50.444+0900][gc,cpu      ] GC(8) User=0.02s Sys=0.00s Real=0.01s
[2022-01-06T13:20:36.909+0900][gc,start    ] GC(9) Pause Young (Normal) (G1 Evacuation Pause)
[2022-01-06T13:20:36.909+0900][gc,task     ] GC(9) Using 8 workers of 8 for evacuation
[2022-01-06T13:20:36.918+0900][gc,phases   ] GC(9)   Pre Evacuate Collection Set: 0.3ms
[2022-01-06T13:20:36.918+0900][gc,phases   ] GC(9)   Merge Heap Roots: 0.2ms
[2022-01-06T13:20:36.918+0900][gc,phases   ] GC(9)   Evacuate Collection Set: 7.4ms
[2022-01-06T13:20:36.918+0900][gc,phases   ] GC(9)   Post Evacuate Collection Set: 0.6ms
[2022-01-06T13:20:36.918+0900][gc,phases   ] GC(9)   Other: 0.5ms
[2022-01-06T13:20:36.918+0900][gc,heap     ] GC(9) Eden regions: 47->0(45)
[2022-01-06T13:20:36.918+0900][gc,heap     ] GC(9) Survivor regions: 4->6(7)
[2022-01-06T13:20:36.918+0900][gc,heap     ] GC(9) Old regions: 17->17
[2022-01-06T13:20:36.918+0900][gc,heap     ] GC(9) Archive regions: 2->2
[2022-01-06T13:20:36.918+0900][gc,heap     ] GC(9) Humongous regions: 129->129
[2022-01-06T13:20:36.918+0900][gc,metaspace] GC(9) Metaspace: 40475K(41088K)->40475K(41088K) NonClass: 35634K(35968K)->35634K(35968K) Class: 4840K(5120K)->4840K(5120K)
[2022-01-06T13:20:36.918+0900][gc          ] GC(9) Pause Young (Normal) (G1 Evacuation Pause) 196M->151M(1024M) 9.158ms
[2022-01-06T13:20:36.918+0900][gc,cpu      ] GC(9) User=0.05s Sys=0.01s Real=0.01s
[2022-01-06T13:23:53.980+0900][gc,start    ] GC(10) Pause Young (Normal) (G1 Evacuation Pause)
[2022-01-06T13:23:53.981+0900][gc,task     ] GC(10) Using 8 workers of 8 for evacuation
[2022-01-06T13:23:53.984+0900][gc,phases   ] GC(10)   Pre Evacuate Collection Set: 0.1ms
[2022-01-06T13:23:53.984+0900][gc,phases   ] GC(10)   Merge Heap Roots: 0.1ms
[2022-01-06T13:23:53.984+0900][gc,phases   ] GC(10)   Evacuate Collection Set: 2.3ms
[2022-01-06T13:23:53.984+0900][gc,phases   ] GC(10)   Post Evacuate Collection Set: 0.6ms
[2022-01-06T13:23:53.984+0900][gc,phases   ] GC(10)   Other: 0.2ms
[2022-01-06T13:23:53.984+0900][gc,heap     ] GC(10) Eden regions: 45->0(98)
[2022-01-06T13:23:53.984+0900][gc,heap     ] GC(10) Survivor regions: 6->3(7)
[2022-01-06T13:23:53.984+0900][gc,heap     ] GC(10) Old regions: 17->19
[2022-01-06T13:23:53.984+0900][gc,heap     ] GC(10) Archive regions: 2->2
[2022-01-06T13:23:53.984+0900][gc,heap     ] GC(10) Humongous regions: 129->129
[2022-01-06T13:23:53.984+0900][gc,metaspace] GC(10) Metaspace: 40866K(41408K)->40866K(41408K) NonClass: 35923K(36224K)->35923K(36224K) Class: 4942K(5184K)->4942K(5184K)
[2022-01-06T13:23:53.984+0900][gc          ] GC(10) Pause Young (Normal) (G1 Evacuation Pause) 196M->150M(1024M) 3.425ms
[2022-01-06T13:23:53.984+0900][gc,cpu      ] GC(10) User=0.02s Sys=0.00s Real=0.00s
[2022-01-06T13:23:59.282+0900][gc,heap,exit] Heap
[2022-01-06T13:23:59.282+0900][gc,heap,exit]  garbage-first heap   total 1048576K, used 159558K [0x00000007c0000000, 0x0000000800000000)
[2022-01-06T13:23:59.282+0900][gc,heap,exit]   region size 1024K, 9 young (9216K), 3 survivors (3072K)
[2022-01-06T13:23:59.282+0900][gc,heap,exit]  Metaspace       used 41141K, committed 41664K, reserved 1089536K
[2022-01-06T13:23:59.282+0900][gc,heap,exit]   class space    used 4999K, committed 5248K, reserved 1048576K
