[2022-01-06T15:00:59.594+0900][gc] Using G1
[2022-01-06T15:00:59.599+0900][gc,init] Version: 17.0.1+1 (release)
[2022-01-06T15:00:59.599+0900][gc,init] CPUs: 8 total, 8 available
[2022-01-06T15:00:59.599+0900][gc,init] Memory: 32768M
[2022-01-06T15:00:59.599+0900][gc,init] Large Page Support: Disabled
[2022-01-06T15:00:59.599+0900][gc,init] NUMA Support: Disabled
[2022-01-06T15:00:59.599+0900][gc,init] Compressed Oops: Enabled (Zero based)
[2022-01-06T15:00:59.599+0900][gc,init] Heap Region Size: 1M
[2022-01-06T15:00:59.599+0900][gc,init] Heap Min Capacity: 1G
[2022-01-06T15:00:59.600+0900][gc,init] Heap Initial Capacity: 1G
[2022-01-06T15:00:59.600+0900][gc,init] Heap Max Capacity: 1G
[2022-01-06T15:00:59.600+0900][gc,init] Pre-touch: Disabled
[2022-01-06T15:00:59.600+0900][gc,init] Parallel Workers: 8
[2022-01-06T15:00:59.600+0900][gc,init] Concurrent Workers: 2
[2022-01-06T15:00:59.600+0900][gc,init] Concurrent Refinement Workers: 8
[2022-01-06T15:00:59.600+0900][gc,init] Periodic GC: Disabled
[2022-01-06T15:00:59.600+0900][gc,metaspace] CDS archive(s) mapped at: [0x0000000800000000-0x0000000800bd0000-0x0000000800bd0000), size 12386304, SharedBaseAddress: 0x0000000800000000, ArchiveRelocationMode: 0.
[2022-01-06T15:00:59.600+0900][gc,metaspace] Compressed class space mapped at: 0x0000000800c00000-0x0000000840c00000, reserved size: 1073741824
[2022-01-06T15:00:59.600+0900][gc,metaspace] Narrow klass base: 0x0000000800000000, Narrow klass shift: 0, Narrow klass range: 0x100000000
[2022-01-06T15:01:01.034+0900][gc,start    ] GC(0) Pause Young (Normal) (G1 Evacuation Pause)
[2022-01-06T15:01:01.034+0900][gc,task     ] GC(0) Using 8 workers of 8 for evacuation
[2022-01-06T15:01:01.038+0900][gc,phases   ] GC(0)   Pre Evacuate Collection Set: 0.2ms
[2022-01-06T15:01:01.038+0900][gc,phases   ] GC(0)   Merge Heap Roots: 0.0ms
[2022-01-06T15:01:01.038+0900][gc,phases   ] GC(0)   Evacuate Collection Set: 3.2ms
[2022-01-06T15:01:01.038+0900][gc,phases   ] GC(0)   Post Evacuate Collection Set: 0.6ms
[2022-01-06T15:01:01.038+0900][gc,phases   ] GC(0)   Other: 0.6ms
[2022-01-06T15:01:01.038+0900][gc,heap     ] GC(0) Eden regions: 51->0(44)
[2022-01-06T15:01:01.038+0900][gc,heap     ] GC(0) Survivor regions: 0->7(7)
[2022-01-06T15:01:01.038+0900][gc,heap     ] GC(0) Old regions: 0->0
[2022-01-06T15:01:01.038+0900][gc,heap     ] GC(0) Archive regions: 2->2
[2022-01-06T15:01:01.038+0900][gc,heap     ] GC(0) Humongous regions: 0->0
[2022-01-06T15:01:01.038+0900][gc,metaspace] GC(0) Metaspace: 18527K(18752K)->18527K(18752K) NonClass: 16303K(16448K)->16303K(16448K) Class: 2224K(2304K)->2224K(2304K)
[2022-01-06T15:01:01.038+0900][gc          ] GC(0) Pause Young (Normal) (G1 Evacuation Pause) 51M->7M(1024M) 4.724ms
[2022-01-06T15:01:01.038+0900][gc,cpu      ] GC(0) User=0.02s Sys=0.01s Real=0.00s
[2022-01-06T15:01:01.245+0900][gc,start    ] GC(1) Pause Young (Concurrent Start) (Metadata GC Threshold)
[2022-01-06T15:01:01.248+0900][gc,task     ] GC(1) Using 8 workers of 8 for evacuation
[2022-01-06T15:01:01.253+0900][gc,phases   ] GC(1)   Pre Evacuate Collection Set: 0.2ms
[2022-01-06T15:01:01.253+0900][gc,phases   ] GC(1)   Merge Heap Roots: 0.1ms
[2022-01-06T15:01:01.253+0900][gc,phases   ] GC(1)   Evacuate Collection Set: 4.1ms
[2022-01-06T15:01:01.253+0900][gc,phases   ] GC(1)   Post Evacuate Collection Set: 0.5ms
[2022-01-06T15:01:01.253+0900][gc,phases   ] GC(1)   Other: 3.7ms
[2022-01-06T15:01:01.253+0900][gc,heap     ] GC(1) Eden regions: 11->0(49)
[2022-01-06T15:01:01.253+0900][gc,heap     ] GC(1) Survivor regions: 7->2(7)
[2022-01-06T15:01:01.253+0900][gc,heap     ] GC(1) Old regions: 0->7
[2022-01-06T15:01:01.253+0900][gc,heap     ] GC(1) Archive regions: 2->2
[2022-01-06T15:01:01.253+0900][gc,heap     ] GC(1) Humongous regions: 0->0
[2022-01-06T15:01:01.253+0900][gc,metaspace] GC(1) Metaspace: 21290K(21504K)->21290K(21504K) NonClass: 18696K(18816K)->18696K(18816K) Class: 2593K(2688K)->2593K(2688K)
[2022-01-06T15:01:01.253+0900][gc          ] GC(1) Pause Young (Concurrent Start) (Metadata GC Threshold) 18M->8M(1024M) 8.727ms
[2022-01-06T15:01:01.253+0900][gc,cpu      ] GC(1) User=0.02s Sys=0.01s Real=0.01s
[2022-01-06T15:01:01.254+0900][gc          ] GC(2) Concurrent Mark Cycle
[2022-01-06T15:01:01.254+0900][gc,marking  ] GC(2) Concurrent Clear Claimed Marks
[2022-01-06T15:01:01.254+0900][gc,marking  ] GC(2) Concurrent Clear Claimed Marks 0.015ms
[2022-01-06T15:01:01.254+0900][gc,marking  ] GC(2) Concurrent Scan Root Regions
[2022-01-06T15:01:01.256+0900][gc,marking  ] GC(2) Concurrent Scan Root Regions 2.045ms
[2022-01-06T15:01:01.256+0900][gc,marking  ] GC(2) Concurrent Mark
[2022-01-06T15:01:01.256+0900][gc,marking  ] GC(2) Concurrent Mark From Roots
[2022-01-06T15:01:01.256+0900][gc,task     ] GC(2) Using 2 workers of 2 for marking
[2022-01-06T15:01:01.257+0900][gc,marking  ] GC(2) Concurrent Mark From Roots 0.913ms
[2022-01-06T15:01:01.257+0900][gc,marking  ] GC(2) Concurrent Preclean
[2022-01-06T15:01:01.257+0900][gc,marking  ] GC(2) Concurrent Preclean 0.022ms
[2022-01-06T15:01:01.257+0900][gc,start    ] GC(2) Pause Remark
[2022-01-06T15:01:01.258+0900][gc          ] GC(2) Pause Remark 9M->9M(1024M) 1.540ms
[2022-01-06T15:01:01.258+0900][gc,cpu      ] GC(2) User=0.00s Sys=0.00s Real=0.00s
[2022-01-06T15:01:01.258+0900][gc,marking  ] GC(2) Concurrent Mark 2.753ms
[2022-01-06T15:01:01.258+0900][gc,marking  ] GC(2) Concurrent Rebuild Remembered Sets
[2022-01-06T15:01:01.259+0900][gc,marking  ] GC(2) Concurrent Rebuild Remembered Sets 0.006ms
[2022-01-06T15:01:01.259+0900][gc,start    ] GC(2) Pause Cleanup
[2022-01-06T15:01:01.259+0900][gc          ] GC(2) Pause Cleanup 9M->9M(1024M) 0.041ms
[2022-01-06T15:01:01.259+0900][gc,cpu      ] GC(2) User=0.00s Sys=0.00s Real=0.00s
[2022-01-06T15:01:01.259+0900][gc,marking  ] GC(2) Concurrent Cleanup for Next Mark
[2022-01-06T15:01:01.263+0900][gc,marking  ] GC(2) Concurrent Cleanup for Next Mark 3.898ms
[2022-01-06T15:01:01.263+0900][gc          ] GC(2) Concurrent Mark Cycle 9.098ms
[2022-01-06T15:01:04.215+0900][gc,start    ] GC(3) Pause Young (Normal) (G1 Evacuation Pause)
[2022-01-06T15:01:04.215+0900][gc,task     ] GC(3) Using 8 workers of 8 for evacuation
[2022-01-06T15:01:04.218+0900][gc,phases   ] GC(3)   Pre Evacuate Collection Set: 0.1ms
[2022-01-06T15:01:04.218+0900][gc,phases   ] GC(3)   Merge Heap Roots: 0.0ms
[2022-01-06T15:01:04.218+0900][gc,phases   ] GC(3)   Evacuate Collection Set: 2.4ms
[2022-01-06T15:01:04.218+0900][gc,phases   ] GC(3)   Post Evacuate Collection Set: 0.3ms
[2022-01-06T15:01:04.218+0900][gc,phases   ] GC(3)   Other: 0.1ms
[2022-01-06T15:01:04.218+0900][gc,heap     ] GC(3) Eden regions: 49->0(46)
[2022-01-06T15:01:04.218+0900][gc,heap     ] GC(3) Survivor regions: 2->5(7)
[2022-01-06T15:01:04.218+0900][gc,heap     ] GC(3) Old regions: 7->7
[2022-01-06T15:01:04.218+0900][gc,heap     ] GC(3) Archive regions: 2->2
[2022-01-06T15:01:04.218+0900][gc,heap     ] GC(3) Humongous regions: 129->129
[2022-01-06T15:01:04.218+0900][gc,metaspace] GC(3) Metaspace: 29621K(29888K)->29621K(29888K) NonClass: 26220K(26368K)->26220K(26368K) Class: 3400K(3520K)->3400K(3520K)
[2022-01-06T15:01:04.218+0900][gc          ] GC(3) Pause Young (Normal) (G1 Evacuation Pause) 186M->141M(1024M) 3.058ms
[2022-01-06T15:01:04.218+0900][gc,cpu      ] GC(3) User=0.01s Sys=0.00s Real=0.00s
[2022-01-06T15:01:04.537+0900][gc,start    ] GC(4) Pause Young (Concurrent Start) (Metadata GC Threshold)
[2022-01-06T15:01:04.537+0900][gc,task     ] GC(4) Using 8 workers of 8 for evacuation
[2022-01-06T15:01:04.542+0900][gc,phases   ] GC(4)   Pre Evacuate Collection Set: 0.1ms
[2022-01-06T15:01:04.542+0900][gc,phases   ] GC(4)   Merge Heap Roots: 0.0ms
[2022-01-06T15:01:04.542+0900][gc,phases   ] GC(4)   Evacuate Collection Set: 4.7ms
[2022-01-06T15:01:04.542+0900][gc,phases   ] GC(4)   Post Evacuate Collection Set: 0.5ms
[2022-01-06T15:01:04.542+0900][gc,phases   ] GC(4)   Other: 0.1ms
[2022-01-06T15:01:04.542+0900][gc,heap     ] GC(4) Eden regions: 26->0(48)
[2022-01-06T15:01:04.542+0900][gc,heap     ] GC(4) Survivor regions: 5->3(7)
[2022-01-06T15:01:04.542+0900][gc,heap     ] GC(4) Old regions: 7->12
[2022-01-06T15:01:04.542+0900][gc,heap     ] GC(4) Archive regions: 2->2
[2022-01-06T15:01:04.542+0900][gc,heap     ] GC(4) Humongous regions: 129->129
[2022-01-06T15:01:04.542+0900][gc,metaspace] GC(4) Metaspace: 35811K(36096K)->35811K(36096K) NonClass: 31700K(31872K)->31700K(31872K) Class: 4110K(4224K)->4110K(4224K)
[2022-01-06T15:01:04.542+0900][gc          ] GC(4) Pause Young (Concurrent Start) (Metadata GC Threshold) 167M->144M(1024M) 5.580ms
[2022-01-06T15:01:04.542+0900][gc,cpu      ] GC(4) User=0.03s Sys=0.00s Real=0.01s
[2022-01-06T15:01:04.543+0900][gc          ] GC(5) Concurrent Mark Cycle
[2022-01-06T15:01:04.543+0900][gc,marking  ] GC(5) Concurrent Clear Claimed Marks
[2022-01-06T15:01:04.543+0900][gc,marking  ] GC(5) Concurrent Clear Claimed Marks 0.020ms
[2022-01-06T15:01:04.543+0900][gc,marking  ] GC(5) Concurrent Scan Root Regions
[2022-01-06T15:01:04.545+0900][gc,marking  ] GC(5) Concurrent Scan Root Regions 2.892ms
[2022-01-06T15:01:04.546+0900][gc,marking  ] GC(5) Concurrent Mark
[2022-01-06T15:01:04.546+0900][gc,marking  ] GC(5) Concurrent Mark From Roots
[2022-01-06T15:01:04.546+0900][gc,task     ] GC(5) Using 2 workers of 2 for marking
[2022-01-06T15:01:04.552+0900][gc,marking  ] GC(5) Concurrent Mark From Roots 6.203ms
[2022-01-06T15:01:04.552+0900][gc,marking  ] GC(5) Concurrent Preclean
[2022-01-06T15:01:04.552+0900][gc,marking  ] GC(5) Concurrent Preclean 0.131ms
[2022-01-06T15:01:04.552+0900][gc,start    ] GC(5) Pause Remark
[2022-01-06T15:01:04.553+0900][gc          ] GC(5) Pause Remark 145M->145M(1024M) 1.355ms
[2022-01-06T15:01:04.554+0900][gc,cpu      ] GC(5) User=0.01s Sys=0.00s Real=0.00s
[2022-01-06T15:01:04.554+0900][gc,marking  ] GC(5) Concurrent Mark 8.167ms
[2022-01-06T15:01:04.554+0900][gc,marking  ] GC(5) Concurrent Rebuild Remembered Sets
[2022-01-06T15:01:04.559+0900][gc,marking  ] GC(5) Concurrent Rebuild Remembered Sets 4.892ms
[2022-01-06T15:01:04.559+0900][gc,start    ] GC(5) Pause Cleanup
[2022-01-06T15:01:04.559+0900][gc          ] GC(5) Pause Cleanup 146M->146M(1024M) 0.141ms
[2022-01-06T15:01:04.559+0900][gc,cpu      ] GC(5) User=0.00s Sys=0.00s Real=0.00s
[2022-01-06T15:01:04.560+0900][gc,marking  ] GC(5) Concurrent Cleanup for Next Mark
[2022-01-06T15:01:04.566+0900][gc,marking  ] GC(5) Concurrent Cleanup for Next Mark 6.264ms
[2022-01-06T15:01:04.566+0900][gc          ] GC(5) Concurrent Mark Cycle 23.305ms
[2022-01-06T15:01:05.560+0900][gc,start    ] GC(6) Pause Young (Normal) (G1 Evacuation Pause)
[2022-01-06T15:01:05.560+0900][gc,task     ] GC(6) Using 8 workers of 8 for evacuation
[2022-01-06T15:01:05.563+0900][gc,phases   ] GC(6)   Pre Evacuate Collection Set: 0.1ms
[2022-01-06T15:01:05.563+0900][gc,phases   ] GC(6)   Merge Heap Roots: 0.1ms
[2022-01-06T15:01:05.563+0900][gc,phases   ] GC(6)   Evacuate Collection Set: 2.8ms
[2022-01-06T15:01:05.563+0900][gc,phases   ] GC(6)   Post Evacuate Collection Set: 0.3ms
[2022-01-06T15:01:05.563+0900][gc,phases   ] GC(6)   Other: 0.2ms
[2022-01-06T15:01:05.563+0900][gc,heap     ] GC(6) Eden regions: 48->0(46)
[2022-01-06T15:01:05.564+0900][gc,heap     ] GC(6) Survivor regions: 3->5(7)
[2022-01-06T15:01:05.564+0900][gc,heap     ] GC(6) Old regions: 12->12
[2022-01-06T15:01:05.564+0900][gc,heap     ] GC(6) Archive regions: 2->2
[2022-01-06T15:01:05.564+0900][gc,heap     ] GC(6) Humongous regions: 129->129
[2022-01-06T15:01:05.564+0900][gc,metaspace] GC(6) Metaspace: 38028K(38528K)->38028K(38528K) NonClass: 33625K(33920K)->33625K(33920K) Class: 4403K(4608K)->4403K(4608K)
[2022-01-06T15:01:05.564+0900][gc          ] GC(6) Pause Young (Normal) (G1 Evacuation Pause) 192M->145M(1024M) 3.692ms
[2022-01-06T15:01:05.564+0900][gc,cpu      ] GC(6) User=0.02s Sys=0.00s Real=0.00s
[2022-01-06T15:01:11.410+0900][gc,start    ] GC(7) Pause Young (Normal) (G1 Evacuation Pause)
[2022-01-06T15:01:11.410+0900][gc,task     ] GC(7) Using 8 workers of 8 for evacuation
[2022-01-06T15:01:11.414+0900][gc,phases   ] GC(7)   Pre Evacuate Collection Set: 0.2ms
[2022-01-06T15:01:11.414+0900][gc,phases   ] GC(7)   Merge Heap Roots: 0.1ms
[2022-01-06T15:01:11.414+0900][gc,phases   ] GC(7)   Evacuate Collection Set: 2.8ms
[2022-01-06T15:01:11.414+0900][gc,phases   ] GC(7)   Post Evacuate Collection Set: 0.4ms
[2022-01-06T15:01:11.414+0900][gc,phases   ] GC(7)   Other: 0.2ms
[2022-01-06T15:01:11.414+0900][gc,heap     ] GC(7) Eden regions: 46->0(48)
[2022-01-06T15:01:11.414+0900][gc,heap     ] GC(7) Survivor regions: 5->3(7)
[2022-01-06T15:01:11.414+0900][gc,heap     ] GC(7) Old regions: 12->14
[2022-01-06T15:01:11.414+0900][gc,heap     ] GC(7) Archive regions: 2->2
[2022-01-06T15:01:11.414+0900][gc,heap     ] GC(7) Humongous regions: 135->129
[2022-01-06T15:01:11.414+0900][gc,metaspace] GC(7) Metaspace: 39028K(39616K)->39028K(39616K) NonClass: 34436K(34752K)->34436K(34752K) Class: 4591K(4864K)->4591K(4864K)
[2022-01-06T15:01:11.414+0900][gc          ] GC(7) Pause Young (Normal) (G1 Evacuation Pause) 197M->146M(1024M) 3.758ms
[2022-01-06T15:01:11.414+0900][gc,cpu      ] GC(7) User=0.02s Sys=0.00s Real=0.00s
[2022-01-06T15:05:22.753+0900][gc,start    ] GC(8) Pause Young (Normal) (G1 Evacuation Pause)
[2022-01-06T15:05:22.754+0900][gc,task     ] GC(8) Using 8 workers of 8 for evacuation
[2022-01-06T15:05:22.761+0900][gc,phases   ] GC(8)   Pre Evacuate Collection Set: 0.3ms
[2022-01-06T15:05:22.761+0900][gc,phases   ] GC(8)   Merge Heap Roots: 0.2ms
[2022-01-06T15:05:22.761+0900][gc,phases   ] GC(8)   Evacuate Collection Set: 5.3ms
[2022-01-06T15:05:22.761+0900][gc,phases   ] GC(8)   Post Evacuate Collection Set: 0.7ms
[2022-01-06T15:05:22.761+0900][gc,phases   ] GC(8)   Other: 1.9ms
[2022-01-06T15:05:22.761+0900][gc,heap     ] GC(8) Eden regions: 48->0(49)
[2022-01-06T15:05:22.761+0900][gc,heap     ] GC(8) Survivor regions: 3->3(7)
[2022-01-06T15:05:22.761+0900][gc,heap     ] GC(8) Old regions: 14->14
[2022-01-06T15:05:22.761+0900][gc,heap     ] GC(8) Archive regions: 2->2
[2022-01-06T15:05:22.761+0900][gc,heap     ] GC(8) Humongous regions: 129->129
[2022-01-06T15:05:22.761+0900][gc,metaspace] GC(8) Metaspace: 39420K(40000K)->39420K(40000K) NonClass: 34779K(35072K)->34779K(35072K) Class: 4641K(4928K)->4641K(4928K)
[2022-01-06T15:05:22.761+0900][gc          ] GC(8) Pause Young (Normal) (G1 Evacuation Pause) 194M->146M(1024M) 8.847ms
[2022-01-06T15:05:22.762+0900][gc,cpu      ] GC(8) User=0.04s Sys=0.00s Real=0.01s
[2022-01-06T15:10:00.591+0900][gc,start    ] GC(9) Pause Young (Normal) (G1 Evacuation Pause)
[2022-01-06T15:10:00.592+0900][gc,task     ] GC(9) Using 8 workers of 8 for evacuation
[2022-01-06T15:10:00.596+0900][gc,phases   ] GC(9)   Pre Evacuate Collection Set: 0.2ms
[2022-01-06T15:10:00.596+0900][gc,phases   ] GC(9)   Merge Heap Roots: 0.1ms
[2022-01-06T15:10:00.596+0900][gc,phases   ] GC(9)   Evacuate Collection Set: 3.6ms
[2022-01-06T15:10:00.596+0900][gc,phases   ] GC(9)   Post Evacuate Collection Set: 0.6ms
[2022-01-06T15:10:00.596+0900][gc,phases   ] GC(9)   Other: 1.3ms
[2022-01-06T15:10:00.597+0900][gc,heap     ] GC(9) Eden regions: 49->0(64)
[2022-01-06T15:10:00.597+0900][gc,heap     ] GC(9) Survivor regions: 3->4(7)
[2022-01-06T15:10:00.597+0900][gc,heap     ] GC(9) Old regions: 14->14
[2022-01-06T15:10:00.597+0900][gc,heap     ] GC(9) Archive regions: 2->2
[2022-01-06T15:10:00.597+0900][gc,heap     ] GC(9) Humongous regions: 129->129
[2022-01-06T15:10:00.597+0900][gc,metaspace] GC(9) Metaspace: 39514K(40064K)->39514K(40064K) NonClass: 34862K(35136K)->34862K(35136K) Class: 4651K(4928K)->4651K(4928K)
[2022-01-06T15:10:00.597+0900][gc          ] GC(9) Pause Young (Normal) (G1 Evacuation Pause) 195M->146M(1024M) 6.048ms
[2022-01-06T15:10:00.597+0900][gc,cpu      ] GC(9) User=0.03s Sys=0.00s Real=0.00s
[2022-01-06T15:16:15.313+0900][gc,start    ] GC(10) Pause Young (Normal) (G1 Evacuation Pause)
[2022-01-06T15:16:15.314+0900][gc,task     ] GC(10) Using 8 workers of 8 for evacuation
[2022-01-06T15:16:15.325+0900][gc,phases   ] GC(10)   Pre Evacuate Collection Set: 0.3ms
[2022-01-06T15:16:15.325+0900][gc,phases   ] GC(10)   Merge Heap Roots: 0.2ms
[2022-01-06T15:16:15.325+0900][gc,phases   ] GC(10)   Evacuate Collection Set: 8.9ms
[2022-01-06T15:16:15.325+0900][gc,phases   ] GC(10)   Post Evacuate Collection Set: 0.6ms
[2022-01-06T15:16:15.325+0900][gc,phases   ] GC(10)   Other: 1.6ms
[2022-01-06T15:16:15.325+0900][gc,heap     ] GC(10) Eden regions: 64->0(112)
[2022-01-06T15:16:15.325+0900][gc,heap     ] GC(10) Survivor regions: 4->5(9)
[2022-01-06T15:16:15.325+0900][gc,heap     ] GC(10) Old regions: 14->14
[2022-01-06T15:16:15.325+0900][gc,heap     ] GC(10) Archive regions: 2->2
[2022-01-06T15:16:15.325+0900][gc,heap     ] GC(10) Humongous regions: 129->129
[2022-01-06T15:16:15.325+0900][gc,metaspace] GC(10) Metaspace: 39561K(40128K)->39561K(40128K) NonClass: 34906K(35200K)->34906K(35200K) Class: 4655K(4928K)->4655K(4928K)
[2022-01-06T15:16:15.325+0900][gc          ] GC(10) Pause Young (Normal) (G1 Evacuation Pause) 210M->148M(1024M) 11.939ms
[2022-01-06T15:16:15.325+0900][gc,cpu      ] GC(10) User=0.05s Sys=0.01s Real=0.01s
[2022-01-06T15:27:51.420+0900][gc,start    ] GC(11) Pause Young (Normal) (G1 Evacuation Pause)
[2022-01-06T15:27:51.420+0900][gc,task     ] GC(11) Using 8 workers of 8 for evacuation
[2022-01-06T15:27:51.432+0900][gc,phases   ] GC(11)   Pre Evacuate Collection Set: 0.3ms
[2022-01-06T15:27:51.432+0900][gc,phases   ] GC(11)   Merge Heap Roots: 0.2ms
[2022-01-06T15:27:51.432+0900][gc,phases   ] GC(11)   Evacuate Collection Set: 9.9ms
[2022-01-06T15:27:51.432+0900][gc,phases   ] GC(11)   Post Evacuate Collection Set: 1.0ms
[2022-01-06T15:27:51.432+0900][gc,phases   ] GC(11)   Other: 1.2ms
[2022-01-06T15:27:51.432+0900][gc,heap     ] GC(11) Eden regions: 112->0(93)
[2022-01-06T15:27:51.432+0900][gc,heap     ] GC(11) Survivor regions: 5->6(15)
[2022-01-06T15:27:51.432+0900][gc,heap     ] GC(11) Old regions: 14->14
[2022-01-06T15:27:51.432+0900][gc,heap     ] GC(11) Archive regions: 2->2
[2022-01-06T15:27:51.432+0900][gc,heap     ] GC(11) Humongous regions: 129->129
[2022-01-06T15:27:51.432+0900][gc,metaspace] GC(11) Metaspace: 40912K(41536K)->40912K(41536K) NonClass: 36000K(36352K)->36000K(36352K) Class: 4911K(5184K)->4911K(5184K)
[2022-01-06T15:27:51.432+0900][gc          ] GC(11) Pause Young (Normal) (G1 Evacuation Pause) 260M->149M(1024M) 12.768ms
[2022-01-06T15:27:51.432+0900][gc,cpu      ] GC(11) User=0.07s Sys=0.01s Real=0.01s
[2022-01-06T15:35:54.256+0900][gc,start    ] GC(12) Pause Young (Normal) (G1 Evacuation Pause)
[2022-01-06T15:35:54.256+0900][gc,task     ] GC(12) Using 8 workers of 8 for evacuation
[2022-01-06T15:35:54.261+0900][gc,phases   ] GC(12)   Pre Evacuate Collection Set: 0.1ms
[2022-01-06T15:35:54.261+0900][gc,phases   ] GC(12)   Merge Heap Roots: 0.1ms
[2022-01-06T15:35:54.261+0900][gc,phases   ] GC(12)   Evacuate Collection Set: 3.7ms
[2022-01-06T15:35:54.261+0900][gc,phases   ] GC(12)   Post Evacuate Collection Set: 0.7ms
[2022-01-06T15:35:54.261+0900][gc,phases   ] GC(12)   Other: 0.6ms
[2022-01-06T15:35:54.261+0900][gc,heap     ] GC(12) Eden regions: 93->0(379)
[2022-01-06T15:35:54.261+0900][gc,heap     ] GC(12) Survivor regions: 6->6(13)
[2022-01-06T15:35:54.261+0900][gc,heap     ] GC(12) Old regions: 14->14
[2022-01-06T15:35:54.261+0900][gc,heap     ] GC(12) Archive regions: 2->2
[2022-01-06T15:35:54.261+0900][gc,heap     ] GC(12) Humongous regions: 129->129
[2022-01-06T15:35:54.261+0900][gc,metaspace] GC(12) Metaspace: 41196K(41856K)->41196K(41856K) NonClass: 36220K(36608K)->36220K(36608K) Class: 4975K(5248K)->4975K(5248K)
[2022-01-06T15:35:54.261+0900][gc          ] GC(12) Pause Young (Normal) (G1 Evacuation Pause) 242M->148M(1024M) 5.238ms
[2022-01-06T15:35:54.261+0900][gc,cpu      ] GC(12) User=0.02s Sys=0.01s Real=0.01s
[2022-01-06T16:02:50.672+0900][gc,start    ] GC(13) Pause Young (Normal) (G1 Evacuation Pause)
[2022-01-06T16:02:50.672+0900][gc,task     ] GC(13) Using 8 workers of 8 for evacuation
[2022-01-06T16:02:50.684+0900][gc,phases   ] GC(13)   Pre Evacuate Collection Set: 0.3ms
[2022-01-06T16:02:50.684+0900][gc,phases   ] GC(13)   Merge Heap Roots: 0.4ms
[2022-01-06T16:02:50.684+0900][gc,phases   ] GC(13)   Evacuate Collection Set: 9.0ms
[2022-01-06T16:02:50.684+0900][gc,phases   ] GC(13)   Post Evacuate Collection Set: 1.2ms
[2022-01-06T16:02:50.684+0900][gc,phases   ] GC(13)   Other: 1.2ms
[2022-01-06T16:02:50.684+0900][gc,heap     ] GC(13) Eden regions: 379->0(455)
[2022-01-06T16:02:50.684+0900][gc,heap     ] GC(13) Survivor regions: 6->6(49)
[2022-01-06T16:02:50.684+0900][gc,heap     ] GC(13) Old regions: 14->14
[2022-01-06T16:02:50.684+0900][gc,heap     ] GC(13) Archive regions: 2->2
[2022-01-06T16:02:50.684+0900][gc,heap     ] GC(13) Humongous regions: 129->129
[2022-01-06T16:02:50.684+0900][gc,metaspace] GC(13) Metaspace: 41611K(42240K)->41611K(42240K) NonClass: 36572K(36928K)->36572K(36928K) Class: 5039K(5312K)->5039K(5312K)
[2022-01-06T16:02:50.684+0900][gc          ] GC(13) Pause Young (Normal) (G1 Evacuation Pause) 527M->148M(1024M) 12.497ms
[2022-01-06T16:02:50.684+0900][gc,cpu      ] GC(13) User=0.06s Sys=0.02s Real=0.01s
[2022-01-06T16:34:23.162+0900][gc,start    ] GC(14) Pause Young (Normal) (G1 Evacuation Pause)
[2022-01-06T16:34:23.163+0900][gc,task     ] GC(14) Using 8 workers of 8 for evacuation
[2022-01-06T16:34:23.174+0900][gc,phases   ] GC(14)   Pre Evacuate Collection Set: 0.4ms
[2022-01-06T16:34:23.174+0900][gc,phases   ] GC(14)   Merge Heap Roots: 0.3ms
[2022-01-06T16:34:23.174+0900][gc,phases   ] GC(14)   Evacuate Collection Set: 8.7ms
[2022-01-06T16:34:23.174+0900][gc,phases   ] GC(14)   Post Evacuate Collection Set: 1.1ms
[2022-01-06T16:34:23.174+0900][gc,phases   ] GC(14)   Other: 1.9ms
[2022-01-06T16:34:23.175+0900][gc,heap     ] GC(14) Eden regions: 455->0(609)
[2022-01-06T16:34:23.175+0900][gc,heap     ] GC(14) Survivor regions: 6->5(58)
[2022-01-06T16:34:23.175+0900][gc,heap     ] GC(14) Old regions: 14->14
[2022-01-06T16:34:23.175+0900][gc,heap     ] GC(14) Archive regions: 2->2
[2022-01-06T16:34:23.175+0900][gc,heap     ] GC(14) Humongous regions: 129->129
[2022-01-06T16:34:23.175+0900][gc,metaspace] GC(14) Metaspace: 41678K(42304K)->41678K(42304K) NonClass: 36638K(36992K)->36638K(36992K) Class: 5039K(5312K)->5039K(5312K)
[2022-01-06T16:34:23.175+0900][gc          ] GC(14) Pause Young (Normal) (G1 Evacuation Pause) 603M->148M(1024M) 12.701ms
[2022-01-06T16:34:23.175+0900][gc,cpu      ] GC(14) User=0.06s Sys=0.01s Real=0.01s
[2022-01-06T17:16:23.873+0900][gc,start    ] GC(15) Pause Young (Normal) (G1 Evacuation Pause)
[2022-01-06T17:16:23.873+0900][gc,task     ] GC(15) Using 8 workers of 8 for evacuation
[2022-01-06T17:16:23.885+0900][gc,phases   ] GC(15)   Pre Evacuate Collection Set: 0.7ms
[2022-01-06T17:16:23.885+0900][gc,phases   ] GC(15)   Merge Heap Roots: 0.2ms
[2022-01-06T17:16:23.885+0900][gc,phases   ] GC(15)   Evacuate Collection Set: 9.2ms
[2022-01-06T17:16:23.885+0900][gc,phases   ] GC(15)   Post Evacuate Collection Set: 1.2ms
[2022-01-06T17:16:23.885+0900][gc,phases   ] GC(15)   Other: 0.5ms
[2022-01-06T17:16:23.885+0900][gc,heap     ] GC(15) Eden regions: 609->0(609)
[2022-01-06T17:16:23.885+0900][gc,heap     ] GC(15) Survivor regions: 5->5(77)
[2022-01-06T17:16:23.885+0900][gc,heap     ] GC(15) Old regions: 14->14
[2022-01-06T17:16:23.885+0900][gc,heap     ] GC(15) Archive regions: 2->2
[2022-01-06T17:16:23.885+0900][gc,heap     ] GC(15) Humongous regions: 129->129
[2022-01-06T17:16:23.885+0900][gc,metaspace] GC(15) Metaspace: 41718K(42368K)->41718K(42368K) NonClass: 36678K(37056K)->36678K(37056K) Class: 5039K(5312K)->5039K(5312K)
[2022-01-06T17:16:23.885+0900][gc          ] GC(15) Pause Young (Normal) (G1 Evacuation Pause) 757M->148M(1024M) 11.946ms
[2022-01-06T17:16:23.885+0900][gc,cpu      ] GC(15) User=0.02s Sys=0.03s Real=0.01s
[2022-01-06T17:58:42.553+0900][gc,start    ] GC(16) Pause Young (Normal) (G1 Evacuation Pause)
[2022-01-06T17:58:42.554+0900][gc,task     ] GC(16) Using 8 workers of 8 for evacuation
[2022-01-06T17:58:42.563+0900][gc,phases   ] GC(16)   Pre Evacuate Collection Set: 0.2ms
[2022-01-06T17:58:42.563+0900][gc,phases   ] GC(16)   Merge Heap Roots: 0.1ms
[2022-01-06T17:58:42.563+0900][gc,phases   ] GC(16)   Evacuate Collection Set: 8.0ms
[2022-01-06T17:58:42.563+0900][gc,phases   ] GC(16)   Post Evacuate Collection Set: 0.8ms
[2022-01-06T17:58:42.563+0900][gc,phases   ] GC(16)   Other: 0.2ms
[2022-01-06T17:58:42.563+0900][gc,heap     ] GC(16) Eden regions: 609->0(608)
[2022-01-06T17:58:42.563+0900][gc,heap     ] GC(16) Survivor regions: 5->6(77)
[2022-01-06T17:58:42.563+0900][gc,heap     ] GC(16) Old regions: 14->14
[2022-01-06T17:58:42.563+0900][gc,heap     ] GC(16) Archive regions: 2->2
[2022-01-06T17:58:42.563+0900][gc,heap     ] GC(16) Humongous regions: 129->129
[2022-01-06T17:58:42.563+0900][gc,metaspace] GC(16) Metaspace: 41748K(42368K)->41748K(42368K) NonClass: 36709K(37056K)->36709K(37056K) Class: 5039K(5312K)->5039K(5312K)
[2022-01-06T17:58:42.563+0900][gc          ] GC(16) Pause Young (Normal) (G1 Evacuation Pause) 757M->148M(1024M) 9.435ms
[2022-01-06T17:58:42.563+0900][gc,cpu      ] GC(16) User=0.02s Sys=0.03s Real=0.01s
[2022-01-06T18:40:50.854+0900][gc,start    ] GC(17) Pause Young (Normal) (G1 Evacuation Pause)
[2022-01-06T18:40:50.856+0900][gc,task     ] GC(17) Using 8 workers of 8 for evacuation
[2022-01-06T18:40:50.866+0900][gc,phases   ] GC(17)   Pre Evacuate Collection Set: 0.4ms
[2022-01-06T18:40:50.866+0900][gc,phases   ] GC(17)   Merge Heap Roots: 0.5ms
[2022-01-06T18:40:50.866+0900][gc,phases   ] GC(17)   Evacuate Collection Set: 7.7ms
[2022-01-06T18:40:50.866+0900][gc,phases   ] GC(17)   Post Evacuate Collection Set: 1.2ms
[2022-01-06T18:40:50.866+0900][gc,phases   ] GC(17)   Other: 1.8ms
[2022-01-06T18:40:50.866+0900][gc,heap     ] GC(17) Eden regions: 608->0(608)
[2022-01-06T18:40:50.866+0900][gc,heap     ] GC(17) Survivor regions: 6->6(77)
[2022-01-06T18:40:50.866+0900][gc,heap     ] GC(17) Old regions: 14->14
[2022-01-06T18:40:50.866+0900][gc,heap     ] GC(17) Archive regions: 2->2
[2022-01-06T18:40:50.866+0900][gc,heap     ] GC(17) Humongous regions: 129->129
[2022-01-06T18:40:50.866+0900][gc,metaspace] GC(17) Metaspace: 41767K(42368K)->41767K(42368K) NonClass: 36728K(37056K)->36728K(37056K) Class: 5039K(5312K)->5039K(5312K)
[2022-01-06T18:40:50.866+0900][gc          ] GC(17) Pause Young (Normal) (G1 Evacuation Pause) 756M->148M(1024M) 11.887ms
[2022-01-06T18:40:50.866+0900][gc,cpu      ] GC(17) User=0.06s Sys=0.00s Real=0.01s
[2022-01-06T19:23:05.711+0900][gc,start    ] GC(18) Pause Young (Normal) (G1 Evacuation Pause)
[2022-01-06T19:23:05.712+0900][gc,task     ] GC(18) Using 8 workers of 8 for evacuation
[2022-01-06T19:23:05.722+0900][gc,phases   ] GC(18)   Pre Evacuate Collection Set: 0.4ms
[2022-01-06T19:23:05.723+0900][gc,phases   ] GC(18)   Merge Heap Roots: 0.4ms
[2022-01-06T19:23:05.723+0900][gc,phases   ] GC(18)   Evacuate Collection Set: 8.1ms
[2022-01-06T19:23:05.723+0900][gc,phases   ] GC(18)   Post Evacuate Collection Set: 1.3ms
[2022-01-06T19:23:05.723+0900][gc,phases   ] GC(18)   Other: 1.9ms
[2022-01-06T19:23:05.723+0900][gc,heap     ] GC(18) Eden regions: 608->0(608)
[2022-01-06T19:23:05.723+0900][gc,heap     ] GC(18) Survivor regions: 6->6(77)
[2022-01-06T19:23:05.723+0900][gc,heap     ] GC(18) Old regions: 14->14
[2022-01-06T19:23:05.723+0900][gc,heap     ] GC(18) Archive regions: 2->2
[2022-01-06T19:23:05.723+0900][gc,heap     ] GC(18) Humongous regions: 129->129
[2022-01-06T19:23:05.723+0900][gc,metaspace] GC(18) Metaspace: 41784K(42368K)->41784K(42368K) NonClass: 36745K(37056K)->36745K(37056K) Class: 5039K(5312K)->5039K(5312K)
[2022-01-06T19:23:05.723+0900][gc          ] GC(18) Pause Young (Normal) (G1 Evacuation Pause) 756M->149M(1024M) 12.270ms
[2022-01-06T19:23:05.723+0900][gc,cpu      ] GC(18) User=0.05s Sys=0.00s Real=0.01s
[2022-01-06T20:05:18.617+0900][gc,start    ] GC(19) Pause Young (Normal) (G1 Evacuation Pause)
[2022-01-06T20:05:18.619+0900][gc,task     ] GC(19) Using 8 workers of 8 for evacuation
[2022-01-06T20:05:18.629+0900][gc,phases   ] GC(19)   Pre Evacuate Collection Set: 0.5ms
[2022-01-06T20:05:18.629+0900][gc,phases   ] GC(19)   Merge Heap Roots: 0.4ms
[2022-01-06T20:05:18.629+0900][gc,phases   ] GC(19)   Evacuate Collection Set: 7.5ms
[2022-01-06T20:05:18.629+0900][gc,phases   ] GC(19)   Post Evacuate Collection Set: 1.3ms
[2022-01-06T20:05:18.629+0900][gc,phases   ] GC(19)   Other: 1.7ms
[2022-01-06T20:05:18.629+0900][gc,heap     ] GC(19) Eden regions: 608->0(608)
[2022-01-06T20:05:18.629+0900][gc,heap     ] GC(19) Survivor regions: 6->6(77)
[2022-01-06T20:05:18.629+0900][gc,heap     ] GC(19) Old regions: 14->14
[2022-01-06T20:05:18.629+0900][gc,heap     ] GC(19) Archive regions: 2->2
[2022-01-06T20:05:18.629+0900][gc,heap     ] GC(19) Humongous regions: 129->129
[2022-01-06T20:05:18.629+0900][gc,metaspace] GC(19) Metaspace: 41803K(42432K)->41803K(42432K) NonClass: 36764K(37120K)->36764K(37120K) Class: 5039K(5312K)->5039K(5312K)
[2022-01-06T20:05:18.629+0900][gc          ] GC(19) Pause Young (Normal) (G1 Evacuation Pause) 757M->149M(1024M) 11.635ms
[2022-01-06T20:05:18.629+0900][gc,cpu      ] GC(19) User=0.06s Sys=0.00s Real=0.01s
[2022-01-06T20:47:41.878+0900][gc,start    ] GC(20) Pause Young (Normal) (G1 Evacuation Pause)
[2022-01-06T20:47:41.880+0900][gc,task     ] GC(20) Using 8 workers of 8 for evacuation
[2022-01-06T20:47:41.891+0900][gc,phases   ] GC(20)   Pre Evacuate Collection Set: 0.4ms
[2022-01-06T20:47:41.891+0900][gc,phases   ] GC(20)   Merge Heap Roots: 0.3ms
[2022-01-06T20:47:41.891+0900][gc,phases   ] GC(20)   Evacuate Collection Set: 8.7ms
[2022-01-06T20:47:41.891+0900][gc,phases   ] GC(20)   Post Evacuate Collection Set: 1.2ms
[2022-01-06T20:47:41.891+0900][gc,phases   ] GC(20)   Other: 2.3ms
[2022-01-06T20:47:41.891+0900][gc,heap     ] GC(20) Eden regions: 608->0(608)
[2022-01-06T20:47:41.891+0900][gc,heap     ] GC(20) Survivor regions: 6->6(77)
[2022-01-06T20:47:41.891+0900][gc,heap     ] GC(20) Old regions: 14->14
[2022-01-06T20:47:41.891+0900][gc,heap     ] GC(20) Archive regions: 2->2
[2022-01-06T20:47:41.891+0900][gc,heap     ] GC(20) Humongous regions: 129->129
[2022-01-06T20:47:41.891+0900][gc,metaspace] GC(20) Metaspace: 41808K(42496K)->41808K(42496K) NonClass: 36768K(37184K)->36768K(37184K) Class: 5039K(5312K)->5039K(5312K)
[2022-01-06T20:47:41.891+0900][gc          ] GC(20) Pause Young (Normal) (G1 Evacuation Pause) 757M->149M(1024M) 13.164ms
[2022-01-06T20:47:41.891+0900][gc,cpu      ] GC(20) User=0.07s Sys=0.00s Real=0.02s
[2022-01-06T21:29:49.426+0900][gc,start    ] GC(21) Pause Young (Normal) (G1 Evacuation Pause)
[2022-01-06T21:29:49.427+0900][gc,task     ] GC(21) Using 8 workers of 8 for evacuation
[2022-01-06T21:29:49.439+0900][gc,phases   ] GC(21)   Pre Evacuate Collection Set: 0.4ms
[2022-01-06T21:29:49.439+0900][gc,phases   ] GC(21)   Merge Heap Roots: 0.4ms
[2022-01-06T21:29:49.439+0900][gc,phases   ] GC(21)   Evacuate Collection Set: 9.0ms
[2022-01-06T21:29:49.439+0900][gc,phases   ] GC(21)   Post Evacuate Collection Set: 1.2ms
[2022-01-06T21:29:49.439+0900][gc,phases   ] GC(21)   Other: 2.3ms
[2022-01-06T21:29:49.439+0900][gc,heap     ] GC(21) Eden regions: 608->0(609)
[2022-01-06T21:29:49.439+0900][gc,heap     ] GC(21) Survivor regions: 6->5(77)
[2022-01-06T21:29:49.439+0900][gc,heap     ] GC(21) Old regions: 14->15
[2022-01-06T21:29:49.439+0900][gc,heap     ] GC(21) Archive regions: 2->2
[2022-01-06T21:29:49.439+0900][gc,heap     ] GC(21) Humongous regions: 129->129
[2022-01-06T21:29:49.439+0900][gc,metaspace] GC(21) Metaspace: 41815K(42496K)->41815K(42496K) NonClass: 36776K(37184K)->36776K(37184K) Class: 5039K(5312K)->5039K(5312K)
[2022-01-06T21:29:49.439+0900][gc          ] GC(21) Pause Young (Normal) (G1 Evacuation Pause) 757M->149M(1024M) 13.502ms
[2022-01-06T21:29:49.439+0900][gc,cpu      ] GC(21) User=0.07s Sys=0.01s Real=0.01s
[2022-01-06T22:12:05.022+0900][gc,start    ] GC(22) Pause Young (Normal) (G1 Evacuation Pause)
[2022-01-06T22:12:05.023+0900][gc,task     ] GC(22) Using 8 workers of 8 for evacuation
[2022-01-06T22:12:05.033+0900][gc,phases   ] GC(22)   Pre Evacuate Collection Set: 0.5ms
[2022-01-06T22:12:05.034+0900][gc,phases   ] GC(22)   Merge Heap Roots: 0.4ms
[2022-01-06T22:12:05.034+0900][gc,phases   ] GC(22)   Evacuate Collection Set: 8.0ms
[2022-01-06T22:12:05.034+0900][gc,phases   ] GC(22)   Post Evacuate Collection Set: 1.2ms
[2022-01-06T22:12:05.034+0900][gc,phases   ] GC(22)   Other: 1.7ms
[2022-01-06T22:12:05.034+0900][gc,heap     ] GC(22) Eden regions: 609->0(609)
[2022-01-06T22:12:05.034+0900][gc,heap     ] GC(22) Survivor regions: 5->5(77)
[2022-01-06T22:12:05.034+0900][gc,heap     ] GC(22) Old regions: 15->15
[2022-01-06T22:12:05.034+0900][gc,heap     ] GC(22) Archive regions: 2->2
[2022-01-06T22:12:05.034+0900][gc,heap     ] GC(22) Humongous regions: 129->129
[2022-01-06T22:12:05.034+0900][gc,metaspace] GC(22) Metaspace: 41821K(42496K)->41821K(42496K) NonClass: 36782K(37184K)->36782K(37184K) Class: 5039K(5312K)->5039K(5312K)
[2022-01-06T22:12:05.034+0900][gc          ] GC(22) Pause Young (Normal) (G1 Evacuation Pause) 758M->149M(1024M) 11.990ms
[2022-01-06T22:12:05.034+0900][gc,cpu      ] GC(22) User=0.06s Sys=0.01s Real=0.01s
[2022-01-06T22:54:33.229+0900][gc,start    ] GC(23) Pause Young (Normal) (G1 Evacuation Pause)
[2022-01-06T22:54:33.231+0900][gc,task     ] GC(23) Using 8 workers of 8 for evacuation
[2022-01-06T22:54:33.241+0900][gc,phases   ] GC(23)   Pre Evacuate Collection Set: 0.4ms
[2022-01-06T22:54:33.241+0900][gc,phases   ] GC(23)   Merge Heap Roots: 0.3ms
[2022-01-06T22:54:33.241+0900][gc,phases   ] GC(23)   Evacuate Collection Set: 8.4ms
[2022-01-06T22:54:33.241+0900][gc,phases   ] GC(23)   Post Evacuate Collection Set: 1.3ms
[2022-01-06T22:54:33.241+0900][gc,phases   ] GC(23)   Other: 1.9ms
[2022-01-06T22:54:33.241+0900][gc,heap     ] GC(23) Eden regions: 609->0(608)
[2022-01-06T22:54:33.241+0900][gc,heap     ] GC(23) Survivor regions: 5->6(77)
[2022-01-06T22:54:33.242+0900][gc,heap     ] GC(23) Old regions: 15->16
[2022-01-06T22:54:33.242+0900][gc,heap     ] GC(23) Archive regions: 2->2
[2022-01-06T22:54:33.242+0900][gc,heap     ] GC(23) Humongous regions: 129->129
[2022-01-06T22:54:33.242+0900][gc,metaspace] GC(23) Metaspace: 41822K(42496K)->41822K(42496K) NonClass: 36783K(37184K)->36783K(37184K) Class: 5039K(5312K)->5039K(5312K)
[2022-01-06T22:54:33.242+0900][gc          ] GC(23) Pause Young (Normal) (G1 Evacuation Pause) 758M->150M(1024M) 12.578ms
[2022-01-06T22:54:33.242+0900][gc,cpu      ] GC(23) User=0.05s Sys=0.00s Real=0.02s
[2022-01-06T23:36:39.255+0900][gc,start    ] GC(24) Pause Young (Normal) (G1 Evacuation Pause)
[2022-01-06T23:36:39.256+0900][gc,task     ] GC(24) Using 8 workers of 8 for evacuation
[2022-01-06T23:36:39.274+0900][gc,phases   ] GC(24)   Pre Evacuate Collection Set: 1.5ms
[2022-01-06T23:36:39.274+0900][gc,phases   ] GC(24)   Merge Heap Roots: 0.5ms
[2022-01-06T23:36:39.274+0900][gc,phases   ] GC(24)   Evacuate Collection Set: 14.4ms
[2022-01-06T23:36:39.274+0900][gc,phases   ] GC(24)   Post Evacuate Collection Set: 1.0ms
[2022-01-06T23:36:39.274+0900][gc,phases   ] GC(24)   Other: 2.0ms
[2022-01-06T23:36:39.274+0900][gc,heap     ] GC(24) Eden regions: 608->0(608)
[2022-01-06T23:36:39.274+0900][gc,heap     ] GC(24) Survivor regions: 6->6(77)
[2022-01-06T23:36:39.274+0900][gc,heap     ] GC(24) Old regions: 16->16
[2022-01-06T23:36:39.274+0900][gc,heap     ] GC(24) Archive regions: 2->2
[2022-01-06T23:36:39.274+0900][gc,heap     ] GC(24) Humongous regions: 129->129
[2022-01-06T23:36:39.274+0900][gc,metaspace] GC(24) Metaspace: 41925K(42624K)->41925K(42624K) NonClass: 36869K(37248K)->36869K(37248K) Class: 5055K(5376K)->5055K(5376K)
[2022-01-06T23:36:39.274+0900][gc          ] GC(24) Pause Young (Normal) (G1 Evacuation Pause) 758M->150M(1024M) 19.281ms
[2022-01-06T23:36:39.274+0900][gc,cpu      ] GC(24) User=0.03s Sys=0.05s Real=0.02s
[2022-01-07T00:18:27.331+0900][gc,start    ] GC(25) Pause Young (Normal) (G1 Evacuation Pause)
[2022-01-07T00:18:27.331+0900][gc,task     ] GC(25) Using 8 workers of 8 for evacuation
[2022-01-07T00:18:27.362+0900][gc,mmu      ] GC(25) MMU target violated: 21.0ms (20.0ms/21.0ms)
[2022-01-07T00:18:27.362+0900][gc,phases   ] GC(25)   Pre Evacuate Collection Set: 1.8ms
[2022-01-07T00:18:27.362+0900][gc,phases   ] GC(25)   Merge Heap Roots: 0.6ms
[2022-01-07T00:18:27.362+0900][gc,phases   ] GC(25)   Evacuate Collection Set: 24.9ms
[2022-01-07T00:18:27.363+0900][gc,phases   ] GC(25)   Post Evacuate Collection Set: 2.1ms
[2022-01-07T00:18:27.363+0900][gc,phases   ] GC(25)   Other: 2.8ms
[2022-01-07T00:18:27.363+0900][gc,heap     ] GC(25) Eden regions: 608->0(421)
[2022-01-07T00:18:27.363+0900][gc,heap     ] GC(25) Survivor regions: 6->6(77)
[2022-01-07T00:18:27.363+0900][gc,heap     ] GC(25) Old regions: 16->16
[2022-01-07T00:18:27.363+0900][gc,heap     ] GC(25) Archive regions: 2->2
[2022-01-07T00:18:27.363+0900][gc,heap     ] GC(25) Humongous regions: 129->129
[2022-01-07T00:18:27.363+0900][gc,metaspace] GC(25) Metaspace: 41947K(42624K)->41947K(42624K) NonClass: 36889K(37248K)->36889K(37248K) Class: 5058K(5376K)->5058K(5376K)
[2022-01-07T00:18:27.363+0900][gc          ] GC(25) Pause Young (Normal) (G1 Evacuation Pause) 758M->150M(1024M) 32.093ms
[2022-01-07T00:18:27.363+0900][gc,cpu      ] GC(25) User=0.05s Sys=0.09s Real=0.03s
[2022-01-07T00:45:38.100+0900][gc,start    ] GC(26) Pause Young (Normal) (G1 Evacuation Pause)
[2022-01-07T00:45:38.100+0900][gc,task     ] GC(26) Using 8 workers of 8 for evacuation
[2022-01-07T00:45:38.117+0900][gc,phases   ] GC(26)   Pre Evacuate Collection Set: 1.1ms
[2022-01-07T00:45:38.117+0900][gc,phases   ] GC(26)   Merge Heap Roots: 0.3ms
[2022-01-07T00:45:38.117+0900][gc,phases   ] GC(26)   Evacuate Collection Set: 12.0ms
[2022-01-07T00:45:38.117+0900][gc,phases   ] GC(26)   Post Evacuate Collection Set: 2.8ms
[2022-01-07T00:45:38.117+0900][gc,phases   ] GC(26)   Other: 0.5ms
[2022-01-07T00:45:38.117+0900][gc,heap     ] GC(26) Eden regions: 421->0(609)
[2022-01-07T00:45:38.117+0900][gc,heap     ] GC(26) Survivor regions: 6->5(54)
[2022-01-07T00:45:38.117+0900][gc,heap     ] GC(26) Old regions: 16->16
[2022-01-07T00:45:38.117+0900][gc,heap     ] GC(26) Archive regions: 2->2
[2022-01-07T00:45:38.117+0900][gc,heap     ] GC(26) Humongous regions: 129->129
[2022-01-07T00:45:38.117+0900][gc,metaspace] GC(26) Metaspace: 41989K(42688K)->41989K(42688K) NonClass: 36931K(37312K)->36931K(37312K) Class: 5058K(5376K)->5058K(5376K)
[2022-01-07T00:45:38.117+0900][gc          ] GC(26) Pause Young (Normal) (G1 Evacuation Pause) 571M->150M(1024M) 16.841ms
[2022-01-07T00:45:38.117+0900][gc,cpu      ] GC(26) User=0.02s Sys=0.05s Real=0.01s
[2022-01-07T00:51:36.633+0900][gc,heap,exit] Heap
[2022-01-07T00:51:36.633+0900][gc,heap,exit]  garbage-first heap   total 1048576K, used 267161K [0x00000007c0000000, 0x0000000800000000)
[2022-01-07T00:51:36.633+0900][gc,heap,exit]   region size 1024K, 116 young (118784K), 5 survivors (5120K)
[2022-01-07T00:51:36.633+0900][gc,heap,exit]  Metaspace       used 42618K, committed 43264K, reserved 1089536K
[2022-01-07T00:51:36.633+0900][gc,heap,exit]   class space    used 5212K, committed 5504K, reserved 1048576K
