[2022-01-06T14:20:14.019+0900][gc] Using G1
[2022-01-06T14:20:14.027+0900][gc,init] Version: 17.0.1+1 (release)
[2022-01-06T14:20:14.027+0900][gc,init] CPUs: 8 total, 8 available
[2022-01-06T14:20:14.027+0900][gc,init] Memory: 32768M
[2022-01-06T14:20:14.027+0900][gc,init] Large Page Support: Disabled
[2022-01-06T14:20:14.027+0900][gc,init] NUMA Support: Disabled
[2022-01-06T14:20:14.027+0900][gc,init] Compressed Oops: Enabled (Zero based)
[2022-01-06T14:20:14.027+0900][gc,init] Heap Region Size: 1M
[2022-01-06T14:20:14.027+0900][gc,init] Heap Min Capacity: 1G
[2022-01-06T14:20:14.027+0900][gc,init] Heap Initial Capacity: 1G
[2022-01-06T14:20:14.027+0900][gc,init] Heap Max Capacity: 1G
[2022-01-06T14:20:14.027+0900][gc,init] Pre-touch: Disabled
[2022-01-06T14:20:14.027+0900][gc,init] Parallel Workers: 8
[2022-01-06T14:20:14.027+0900][gc,init] Concurrent Workers: 2
[2022-01-06T14:20:14.027+0900][gc,init] Concurrent Refinement Workers: 8
[2022-01-06T14:20:14.027+0900][gc,init] Periodic GC: Disabled
[2022-01-06T14:20:14.027+0900][gc,metaspace] CDS archive(s) mapped at: [0x0000000800000000-0x0000000800bd0000-0x0000000800bd0000), size 12386304, SharedBaseAddress: 0x0000000800000000, ArchiveRelocationMode: 0.
[2022-01-06T14:20:14.027+0900][gc,metaspace] Compressed class space mapped at: 0x0000000800c00000-0x0000000840c00000, reserved size: 1073741824
[2022-01-06T14:20:14.027+0900][gc,metaspace] Narrow klass base: 0x0000000800000000, Narrow klass shift: 0, Narrow klass range: 0x100000000
[2022-01-06T14:20:16.023+0900][gc,start    ] GC(0) Pause Young (Normal) (G1 Evacuation Pause)
[2022-01-06T14:20:16.024+0900][gc,task     ] GC(0) Using 8 workers of 8 for evacuation
[2022-01-06T14:20:16.028+0900][gc,phases   ] GC(0)   Pre Evacuate Collection Set: 0.1ms
[2022-01-06T14:20:16.028+0900][gc,phases   ] GC(0)   Merge Heap Roots: 0.0ms
[2022-01-06T14:20:16.028+0900][gc,phases   ] GC(0)   Evacuate Collection Set: 3.5ms
[2022-01-06T14:20:16.028+0900][gc,phases   ] GC(0)   Post Evacuate Collection Set: 0.6ms
[2022-01-06T14:20:16.028+0900][gc,phases   ] GC(0)   Other: 0.8ms
[2022-01-06T14:20:16.028+0900][gc,heap     ] GC(0) Eden regions: 51->0(44)
[2022-01-06T14:20:16.028+0900][gc,heap     ] GC(0) Survivor regions: 0->7(7)
[2022-01-06T14:20:16.028+0900][gc,heap     ] GC(0) Old regions: 0->0
[2022-01-06T14:20:16.028+0900][gc,heap     ] GC(0) Archive regions: 2->2
[2022-01-06T14:20:16.028+0900][gc,heap     ] GC(0) Humongous regions: 0->0
[2022-01-06T14:20:16.028+0900][gc,metaspace] GC(0) Metaspace: 18538K(18688K)->18538K(18688K) NonClass: 16314K(16384K)->16314K(16384K) Class: 2223K(2304K)->2223K(2304K)
[2022-01-06T14:20:16.028+0900][gc          ] GC(0) Pause Young (Normal) (G1 Evacuation Pause) 51M->7M(1024M) 5.216ms
[2022-01-06T14:20:16.028+0900][gc,cpu      ] GC(0) User=0.02s Sys=0.01s Real=0.00s
[2022-01-06T14:20:16.340+0900][gc,start    ] GC(1) Pause Young (Concurrent Start) (Metadata GC Threshold)
[2022-01-06T14:20:16.340+0900][gc,task     ] GC(1) Using 8 workers of 8 for evacuation
[2022-01-06T14:20:16.346+0900][gc,phases   ] GC(1)   Pre Evacuate Collection Set: 0.1ms
[2022-01-06T14:20:16.347+0900][gc,phases   ] GC(1)   Merge Heap Roots: 0.0ms
[2022-01-06T14:20:16.347+0900][gc,phases   ] GC(1)   Evacuate Collection Set: 6.0ms
[2022-01-06T14:20:16.347+0900][gc,phases   ] GC(1)   Post Evacuate Collection Set: 0.3ms
[2022-01-06T14:20:16.347+0900][gc,phases   ] GC(1)   Other: 0.4ms
[2022-01-06T14:20:16.347+0900][gc,heap     ] GC(1) Eden regions: 11->0(49)
[2022-01-06T14:20:16.347+0900][gc,heap     ] GC(1) Survivor regions: 7->2(7)
[2022-01-06T14:20:16.347+0900][gc,heap     ] GC(1) Old regions: 0->7
[2022-01-06T14:20:16.347+0900][gc,heap     ] GC(1) Archive regions: 2->2
[2022-01-06T14:20:16.347+0900][gc,heap     ] GC(1) Humongous regions: 0->0
[2022-01-06T14:20:16.347+0900][gc,metaspace] GC(1) Metaspace: 21320K(21504K)->21320K(21504K) NonClass: 18723K(18816K)->18723K(18816K) Class: 2597K(2688K)->2597K(2688K)
[2022-01-06T14:20:16.347+0900][gc          ] GC(1) Pause Young (Concurrent Start) (Metadata GC Threshold) 18M->8M(1024M) 6.986ms
[2022-01-06T14:20:16.347+0900][gc,cpu      ] GC(1) User=0.02s Sys=0.01s Real=0.00s
[2022-01-06T14:20:16.347+0900][gc          ] GC(2) Concurrent Mark Cycle
[2022-01-06T14:20:16.347+0900][gc,marking  ] GC(2) Concurrent Clear Claimed Marks
[2022-01-06T14:20:16.347+0900][gc,marking  ] GC(2) Concurrent Clear Claimed Marks 0.022ms
[2022-01-06T14:20:16.347+0900][gc,marking  ] GC(2) Concurrent Scan Root Regions
[2022-01-06T14:20:16.350+0900][gc,marking  ] GC(2) Concurrent Scan Root Regions 2.690ms
[2022-01-06T14:20:16.350+0900][gc,marking  ] GC(2) Concurrent Mark
[2022-01-06T14:20:16.350+0900][gc,marking  ] GC(2) Concurrent Mark From Roots
[2022-01-06T14:20:16.350+0900][gc,task     ] GC(2) Using 2 workers of 2 for marking
[2022-01-06T14:20:16.351+0900][gc,marking  ] GC(2) Concurrent Mark From Roots 1.144ms
[2022-01-06T14:20:16.351+0900][gc,marking  ] GC(2) Concurrent Preclean
[2022-01-06T14:20:16.351+0900][gc,marking  ] GC(2) Concurrent Preclean 0.028ms
[2022-01-06T14:20:16.351+0900][gc,start    ] GC(2) Pause Remark
[2022-01-06T14:20:16.352+0900][gc          ] GC(2) Pause Remark 9M->9M(1024M) 1.200ms
[2022-01-06T14:20:16.352+0900][gc,cpu      ] GC(2) User=0.00s Sys=0.00s Real=0.00s
[2022-01-06T14:20:16.352+0900][gc,marking  ] GC(2) Concurrent Mark 2.680ms
[2022-01-06T14:20:16.352+0900][gc,marking  ] GC(2) Concurrent Rebuild Remembered Sets
[2022-01-06T14:20:16.352+0900][gc,marking  ] GC(2) Concurrent Rebuild Remembered Sets 0.010ms
[2022-01-06T14:20:16.352+0900][gc,start    ] GC(2) Pause Cleanup
[2022-01-06T14:20:16.352+0900][gc          ] GC(2) Pause Cleanup 9M->9M(1024M) 0.027ms
[2022-01-06T14:20:16.352+0900][gc,cpu      ] GC(2) User=0.00s Sys=0.00s Real=0.00s
[2022-01-06T14:20:16.352+0900][gc,marking  ] GC(2) Concurrent Cleanup for Next Mark
[2022-01-06T14:20:16.358+0900][gc,marking  ] GC(2) Concurrent Cleanup for Next Mark 5.713ms
[2022-01-06T14:20:16.358+0900][gc          ] GC(2) Concurrent Mark Cycle 11.551ms
[2022-01-06T14:20:19.348+0900][gc,start    ] GC(3) Pause Young (Normal) (G1 Evacuation Pause)
[2022-01-06T14:20:19.348+0900][gc,task     ] GC(3) Using 8 workers of 8 for evacuation
[2022-01-06T14:20:19.352+0900][gc,phases   ] GC(3)   Pre Evacuate Collection Set: 0.1ms
[2022-01-06T14:20:19.352+0900][gc,phases   ] GC(3)   Merge Heap Roots: 0.0ms
[2022-01-06T14:20:19.352+0900][gc,phases   ] GC(3)   Evacuate Collection Set: 2.7ms
[2022-01-06T14:20:19.352+0900][gc,phases   ] GC(3)   Post Evacuate Collection Set: 0.5ms
[2022-01-06T14:20:19.352+0900][gc,phases   ] GC(3)   Other: 0.1ms
[2022-01-06T14:20:19.352+0900][gc,heap     ] GC(3) Eden regions: 49->0(45)
[2022-01-06T14:20:19.352+0900][gc,heap     ] GC(3) Survivor regions: 2->6(7)
[2022-01-06T14:20:19.352+0900][gc,heap     ] GC(3) Old regions: 7->7
[2022-01-06T14:20:19.352+0900][gc,heap     ] GC(3) Archive regions: 2->2
[2022-01-06T14:20:19.352+0900][gc,heap     ] GC(3) Humongous regions: 129->129
[2022-01-06T14:20:19.352+0900][gc,metaspace] GC(3) Metaspace: 29619K(29888K)->29619K(29888K) NonClass: 26220K(26368K)->26220K(26368K) Class: 3399K(3520K)->3399K(3520K)
[2022-01-06T14:20:19.352+0900][gc          ] GC(3) Pause Young (Normal) (G1 Evacuation Pause) 186M->142M(1024M) 3.598ms
[2022-01-06T14:20:19.352+0900][gc,cpu      ] GC(3) User=0.02s Sys=0.00s Real=0.01s
[2022-01-06T14:20:19.676+0900][gc,start    ] GC(4) Pause Young (Concurrent Start) (Metadata GC Threshold)
[2022-01-06T14:20:19.676+0900][gc,task     ] GC(4) Using 8 workers of 8 for evacuation
[2022-01-06T14:20:19.681+0900][gc,phases   ] GC(4)   Pre Evacuate Collection Set: 0.1ms
[2022-01-06T14:20:19.681+0900][gc,phases   ] GC(4)   Merge Heap Roots: 0.1ms
[2022-01-06T14:20:19.681+0900][gc,phases   ] GC(4)   Evacuate Collection Set: 3.9ms
[2022-01-06T14:20:19.681+0900][gc,phases   ] GC(4)   Post Evacuate Collection Set: 0.6ms
[2022-01-06T14:20:19.681+0900][gc,phases   ] GC(4)   Other: 0.2ms
[2022-01-06T14:20:19.681+0900][gc,heap     ] GC(4) Eden regions: 26->0(48)
[2022-01-06T14:20:19.681+0900][gc,heap     ] GC(4) Survivor regions: 6->3(7)
[2022-01-06T14:20:19.681+0900][gc,heap     ] GC(4) Old regions: 7->12
[2022-01-06T14:20:19.681+0900][gc,heap     ] GC(4) Archive regions: 2->2
[2022-01-06T14:20:19.681+0900][gc,heap     ] GC(4) Humongous regions: 129->129
[2022-01-06T14:20:19.681+0900][gc,metaspace] GC(4) Metaspace: 35846K(36096K)->35846K(36096K) NonClass: 31726K(31872K)->31726K(31872K) Class: 4120K(4224K)->4120K(4224K)
[2022-01-06T14:20:19.681+0900][gc          ] GC(4) Pause Young (Concurrent Start) (Metadata GC Threshold) 168M->144M(1024M) 4.979ms
[2022-01-06T14:20:19.681+0900][gc,cpu      ] GC(4) User=0.02s Sys=0.00s Real=0.01s
[2022-01-06T14:20:19.681+0900][gc          ] GC(5) Concurrent Mark Cycle
[2022-01-06T14:20:19.681+0900][gc,marking  ] GC(5) Concurrent Clear Claimed Marks
[2022-01-06T14:20:19.681+0900][gc,marking  ] GC(5) Concurrent Clear Claimed Marks 0.069ms
[2022-01-06T14:20:19.681+0900][gc,marking  ] GC(5) Concurrent Scan Root Regions
[2022-01-06T14:20:19.685+0900][gc,marking  ] GC(5) Concurrent Scan Root Regions 3.649ms
[2022-01-06T14:20:19.685+0900][gc,marking  ] GC(5) Concurrent Mark
[2022-01-06T14:20:19.685+0900][gc,marking  ] GC(5) Concurrent Mark From Roots
[2022-01-06T14:20:19.685+0900][gc,task     ] GC(5) Using 2 workers of 2 for marking
[2022-01-06T14:20:19.692+0900][gc,marking  ] GC(5) Concurrent Mark From Roots 6.517ms
[2022-01-06T14:20:19.692+0900][gc,marking  ] GC(5) Concurrent Preclean
[2022-01-06T14:20:19.692+0900][gc,marking  ] GC(5) Concurrent Preclean 0.114ms
[2022-01-06T14:20:19.692+0900][gc,start    ] GC(5) Pause Remark
[2022-01-06T14:20:19.694+0900][gc          ] GC(5) Pause Remark 145M->145M(1024M) 1.602ms
[2022-01-06T14:20:19.694+0900][gc,cpu      ] GC(5) User=0.01s Sys=0.00s Real=0.00s
[2022-01-06T14:20:19.694+0900][gc,marking  ] GC(5) Concurrent Mark 8.767ms
[2022-01-06T14:20:19.694+0900][gc,marking  ] GC(5) Concurrent Rebuild Remembered Sets
[2022-01-06T14:20:19.701+0900][gc,marking  ] GC(5) Concurrent Rebuild Remembered Sets 6.624ms
[2022-01-06T14:20:19.701+0900][gc,start    ] GC(5) Pause Cleanup
[2022-01-06T14:20:19.701+0900][gc          ] GC(5) Pause Cleanup 146M->146M(1024M) 0.194ms
[2022-01-06T14:20:19.701+0900][gc,cpu      ] GC(5) User=0.00s Sys=0.00s Real=0.00s
[2022-01-06T14:20:19.703+0900][gc,marking  ] GC(5) Concurrent Cleanup for Next Mark
[2022-01-06T14:20:19.709+0900][gc,marking  ] GC(5) Concurrent Cleanup for Next Mark 6.009ms
[2022-01-06T14:20:19.727+0900][gc          ] GC(5) Concurrent Mark Cycle 45.946ms
[2022-01-06T14:20:20.729+0900][gc,start    ] GC(6) Pause Young (Normal) (G1 Evacuation Pause)
[2022-01-06T14:20:20.744+0900][gc,task     ] GC(6) Using 8 workers of 8 for evacuation
[2022-01-06T14:20:20.747+0900][gc,phases   ] GC(6)   Pre Evacuate Collection Set: 0.1ms
[2022-01-06T14:20:20.747+0900][gc,phases   ] GC(6)   Merge Heap Roots: 0.1ms
[2022-01-06T14:20:20.747+0900][gc,phases   ] GC(6)   Evacuate Collection Set: 2.6ms
[2022-01-06T14:20:20.747+0900][gc,phases   ] GC(6)   Post Evacuate Collection Set: 0.4ms
[2022-01-06T14:20:20.747+0900][gc,phases   ] GC(6)   Other: 15.1ms
[2022-01-06T14:20:20.748+0900][gc,heap     ] GC(6) Eden regions: 48->0(46)
[2022-01-06T14:20:20.748+0900][gc,heap     ] GC(6) Survivor regions: 3->5(7)
[2022-01-06T14:20:20.748+0900][gc,heap     ] GC(6) Old regions: 12->12
[2022-01-06T14:20:20.748+0900][gc,heap     ] GC(6) Archive regions: 2->2
[2022-01-06T14:20:20.748+0900][gc,heap     ] GC(6) Humongous regions: 129->129
[2022-01-06T14:20:20.748+0900][gc,metaspace] GC(6) Metaspace: 37977K(38464K)->37977K(38464K) NonClass: 33596K(33856K)->33596K(33856K) Class: 4380K(4608K)->4380K(4608K)
[2022-01-06T14:20:20.748+0900][gc          ] GC(6) Pause Young (Normal) (G1 Evacuation Pause) 192M->145M(1024M) 18.354ms
[2022-01-06T14:20:20.748+0900][gc,cpu      ] GC(6) User=0.02s Sys=0.00s Real=0.02s
[2022-01-06T14:20:23.079+0900][gc,start    ] GC(7) Pause Young (Normal) (G1 Evacuation Pause)
[2022-01-06T14:20:23.079+0900][gc,task     ] GC(7) Using 8 workers of 8 for evacuation
[2022-01-06T14:20:23.086+0900][gc,phases   ] GC(7)   Pre Evacuate Collection Set: 0.1ms
[2022-01-06T14:20:23.086+0900][gc,phases   ] GC(7)   Merge Heap Roots: 0.1ms
[2022-01-06T14:20:23.086+0900][gc,phases   ] GC(7)   Evacuate Collection Set: 5.7ms
[2022-01-06T14:20:23.086+0900][gc,phases   ] GC(7)   Post Evacuate Collection Set: 0.7ms
[2022-01-06T14:20:23.086+0900][gc,phases   ] GC(7)   Other: 0.8ms
[2022-01-06T14:20:23.086+0900][gc,heap     ] GC(7) Eden regions: 46->0(48)
[2022-01-06T14:20:23.086+0900][gc,heap     ] GC(7) Survivor regions: 5->3(7)
[2022-01-06T14:20:23.086+0900][gc,heap     ] GC(7) Old regions: 12->14
[2022-01-06T14:20:23.086+0900][gc,heap     ] GC(7) Archive regions: 2->2
[2022-01-06T14:20:23.086+0900][gc,heap     ] GC(7) Humongous regions: 135->129
[2022-01-06T14:20:23.086+0900][gc,metaspace] GC(7) Metaspace: 39638K(40256K)->39638K(40256K) NonClass: 34922K(35264K)->34922K(35264K) Class: 4716K(4992K)->4716K(4992K)
[2022-01-06T14:20:23.086+0900][gc          ] GC(7) Pause Young (Normal) (G1 Evacuation Pause) 197M->146M(1024M) 7.639ms
[2022-01-06T14:20:23.086+0900][gc,cpu      ] GC(7) User=0.04s Sys=0.00s Real=0.01s
[2022-01-06T14:24:30.378+0900][gc,start    ] GC(8) Pause Young (Normal) (G1 Evacuation Pause)
[2022-01-06T14:24:30.378+0900][gc,task     ] GC(8) Using 8 workers of 8 for evacuation
[2022-01-06T14:24:30.389+0900][gc,phases   ] GC(8)   Pre Evacuate Collection Set: 0.4ms
[2022-01-06T14:24:30.389+0900][gc,phases   ] GC(8)   Merge Heap Roots: 0.2ms
[2022-01-06T14:24:30.389+0900][gc,phases   ] GC(8)   Evacuate Collection Set: 9.3ms
[2022-01-06T14:24:30.389+0900][gc,phases   ] GC(8)   Post Evacuate Collection Set: 0.6ms
[2022-01-06T14:24:30.389+0900][gc,phases   ] GC(8)   Other: 0.5ms
[2022-01-06T14:24:30.389+0900][gc,heap     ] GC(8) Eden regions: 48->0(44)
[2022-01-06T14:24:30.389+0900][gc,heap     ] GC(8) Survivor regions: 3->7(7)
[2022-01-06T14:24:30.389+0900][gc,heap     ] GC(8) Old regions: 14->14
[2022-01-06T14:24:30.389+0900][gc,heap     ] GC(8) Archive regions: 2->2
[2022-01-06T14:24:30.389+0900][gc,heap     ] GC(8) Humongous regions: 129->129
[2022-01-06T14:24:30.389+0900][gc,metaspace] GC(8) Metaspace: 40221K(40832K)->40221K(40832K) NonClass: 35430K(35776K)->35430K(35776K) Class: 4790K(5056K)->4790K(5056K)
[2022-01-06T14:24:30.389+0900][gc          ] GC(8) Pause Young (Normal) (G1 Evacuation Pause) 194M->150M(1024M) 11.209ms
[2022-01-06T14:24:30.389+0900][gc,cpu      ] GC(8) User=0.06s Sys=0.00s Real=0.01s
[2022-01-06T14:28:45.313+0900][gc,start    ] GC(9) Pause Young (Normal) (G1 Evacuation Pause)
[2022-01-06T14:28:45.315+0900][gc,task     ] GC(9) Using 8 workers of 8 for evacuation
[2022-01-06T14:28:45.325+0900][gc,phases   ] GC(9)   Pre Evacuate Collection Set: 0.5ms
[2022-01-06T14:28:45.325+0900][gc,phases   ] GC(9)   Merge Heap Roots: 0.2ms
[2022-01-06T14:28:45.325+0900][gc,phases   ] GC(9)   Evacuate Collection Set: 8.4ms
[2022-01-06T14:28:45.325+0900][gc,phases   ] GC(9)   Post Evacuate Collection Set: 0.6ms
[2022-01-06T14:28:45.325+0900][gc,phases   ] GC(9)   Other: 1.8ms
[2022-01-06T14:28:45.325+0900][gc,heap     ] GC(9) Eden regions: 44->0(46)
[2022-01-06T14:28:45.325+0900][gc,heap     ] GC(9) Survivor regions: 7->5(7)
[2022-01-06T14:28:45.325+0900][gc,heap     ] GC(9) Old regions: 14->16
[2022-01-06T14:28:45.325+0900][gc,heap     ] GC(9) Archive regions: 2->2
[2022-01-06T14:28:45.325+0900][gc,heap     ] GC(9) Humongous regions: 129->129
[2022-01-06T14:28:45.325+0900][gc,metaspace] GC(9) Metaspace: 40284K(40896K)->40284K(40896K) NonClass: 35489K(35840K)->35489K(35840K) Class: 4794K(5056K)->4794K(5056K)
[2022-01-06T14:28:45.325+0900][gc          ] GC(9) Pause Young (Normal) (G1 Evacuation Pause) 194M->150M(1024M) 11.797ms
[2022-01-06T14:28:45.325+0900][gc,cpu      ] GC(9) User=0.07s Sys=0.00s Real=0.01s
[2022-01-06T14:33:16.311+0900][gc,start    ] GC(10) Pause Young (Normal) (G1 Evacuation Pause)
[2022-01-06T14:33:16.313+0900][gc,task     ] GC(10) Using 8 workers of 8 for evacuation
[2022-01-06T14:33:16.321+0900][gc,phases   ] GC(10)   Pre Evacuate Collection Set: 0.4ms
[2022-01-06T14:33:16.321+0900][gc,phases   ] GC(10)   Merge Heap Roots: 0.2ms
[2022-01-06T14:33:16.321+0900][gc,phases   ] GC(10)   Evacuate Collection Set: 5.5ms
[2022-01-06T14:33:16.321+0900][gc,phases   ] GC(10)   Post Evacuate Collection Set: 1.4ms
[2022-01-06T14:33:16.321+0900][gc,phases   ] GC(10)   Other: 1.9ms
[2022-01-06T14:33:16.321+0900][gc,heap     ] GC(10) Eden regions: 46->0(76)
[2022-01-06T14:33:16.321+0900][gc,heap     ] GC(10) Survivor regions: 5->3(7)
[2022-01-06T14:33:16.321+0900][gc,heap     ] GC(10) Old regions: 16->17
[2022-01-06T14:33:16.321+0900][gc,heap     ] GC(10) Archive regions: 2->2
[2022-01-06T14:33:16.321+0900][gc,heap     ] GC(10) Humongous regions: 129->129
[2022-01-06T14:33:16.321+0900][gc,metaspace] GC(10) Metaspace: 40388K(41024K)->40388K(41024K) NonClass: 35575K(35904K)->35575K(35904K) Class: 4812K(5120K)->4812K(5120K)
[2022-01-06T14:33:16.321+0900][gc          ] GC(10) Pause Young (Normal) (G1 Evacuation Pause) 196M->148M(1024M) 9.770ms
[2022-01-06T14:33:16.321+0900][gc,cpu      ] GC(10) User=0.04s Sys=0.01s Real=0.01s
[2022-01-06T14:40:38.468+0900][gc,start    ] GC(11) Pause Young (Normal) (G1 Evacuation Pause)
[2022-01-06T14:40:38.469+0900][gc,task     ] GC(11) Using 8 workers of 8 for evacuation
[2022-01-06T14:40:38.479+0900][gc,phases   ] GC(11)   Pre Evacuate Collection Set: 0.2ms
[2022-01-06T14:40:38.479+0900][gc,phases   ] GC(11)   Merge Heap Roots: 0.2ms
[2022-01-06T14:40:38.479+0900][gc,phases   ] GC(11)   Evacuate Collection Set: 9.1ms
[2022-01-06T14:40:38.479+0900][gc,phases   ] GC(11)   Post Evacuate Collection Set: 0.4ms
[2022-01-06T14:40:38.479+0900][gc,phases   ] GC(11)   Other: 1.3ms
[2022-01-06T14:40:38.479+0900][gc,heap     ] GC(11) Eden regions: 73->0(46)
[2022-01-06T14:40:38.479+0900][gc,heap     ] GC(11) Survivor regions: 3->8(10)
[2022-01-06T14:40:38.479+0900][gc,heap     ] GC(11) Old regions: 17->17
[2022-01-06T14:40:38.479+0900][gc,heap     ] GC(11) Archive regions: 2->2
[2022-01-06T14:40:38.479+0900][gc,heap     ] GC(11) Humongous regions: 129->129
[2022-01-06T14:40:38.479+0900][gc,metaspace] GC(11) Metaspace: 40434K(41088K)->40434K(41088K) NonClass: 35622K(35968K)->35622K(35968K) Class: 4812K(5120K)->4812K(5120K)
[2022-01-06T14:40:38.479+0900][gc          ] GC(11) Pause Young (Normal) (G1 Evacuation Pause) 221M->153M(1024M) 11.502ms
[2022-01-06T14:40:38.479+0900][gc,cpu      ] GC(11) User=0.06s Sys=0.01s Real=0.01s
[2022-01-06T14:44:20.394+0900][gc,heap,exit] Heap
[2022-01-06T14:44:20.395+0900][gc,heap,exit]  garbage-first heap   total 1048576K, used 203040K [0x00000007c0000000, 0x0000000800000000)
[2022-01-06T14:44:20.395+0900][gc,heap,exit]   region size 1024K, 53 young (54272K), 8 survivors (8192K)
[2022-01-06T14:44:20.395+0900][gc,heap,exit]  Metaspace       used 41083K, committed 41728K, reserved 1089536K
[2022-01-06T14:44:20.395+0900][gc,heap,exit]   class space    used 4969K, committed 5248K, reserved 1048576K
