[2022-01-07T00:51:57.469+0900][gc] Using G1
[2022-01-07T00:51:57.475+0900][gc,init] Version: 17.0.1+1 (release)
[2022-01-07T00:51:57.475+0900][gc,init] CPUs: 8 total, 8 available
[2022-01-07T00:51:57.475+0900][gc,init] Memory: 32768M
[2022-01-07T00:51:57.475+0900][gc,init] Large Page Support: Disabled
[2022-01-07T00:51:57.475+0900][gc,init] NUMA Support: Disabled
[2022-01-07T00:51:57.475+0900][gc,init] Compressed Oops: Enabled (Zero based)
[2022-01-07T00:51:57.475+0900][gc,init] Heap Region Size: 1M
[2022-01-07T00:51:57.475+0900][gc,init] Heap Min Capacity: 1G
[2022-01-07T00:51:57.475+0900][gc,init] Heap Initial Capacity: 1G
[2022-01-07T00:51:57.475+0900][gc,init] Heap Max Capacity: 1G
[2022-01-07T00:51:57.476+0900][gc,init] Pre-touch: Disabled
[2022-01-07T00:51:57.476+0900][gc,init] Parallel Workers: 8
[2022-01-07T00:51:57.476+0900][gc,init] Concurrent Workers: 2
[2022-01-07T00:51:57.476+0900][gc,init] Concurrent Refinement Workers: 8
[2022-01-07T00:51:57.476+0900][gc,init] Periodic GC: Disabled
[2022-01-07T00:51:57.476+0900][gc,metaspace] CDS archive(s) mapped at: [0x0000000800000000-0x0000000800bd0000-0x0000000800bd0000), size 12386304, SharedBaseAddress: 0x0000000800000000, ArchiveRelocationMode: 0.
[2022-01-07T00:51:57.476+0900][gc,metaspace] Compressed class space mapped at: 0x0000000800c00000-0x0000000840c00000, reserved size: 1073741824
[2022-01-07T00:51:57.476+0900][gc,metaspace] Narrow klass base: 0x0000000800000000, Narrow klass shift: 0, Narrow klass range: 0x100000000
[2022-01-07T00:51:58.935+0900][gc,start    ] GC(0) Pause Young (Normal) (G1 Evacuation Pause)
[2022-01-07T00:51:58.936+0900][gc,task     ] GC(0) Using 8 workers of 8 for evacuation
[2022-01-07T00:51:58.940+0900][gc,phases   ] GC(0)   Pre Evacuate Collection Set: 0.1ms
[2022-01-07T00:51:58.940+0900][gc,phases   ] GC(0)   Merge Heap Roots: 0.1ms
[2022-01-07T00:51:58.940+0900][gc,phases   ] GC(0)   Evacuate Collection Set: 3.3ms
[2022-01-07T00:51:58.940+0900][gc,phases   ] GC(0)   Post Evacuate Collection Set: 0.6ms
[2022-01-07T00:51:58.940+0900][gc,phases   ] GC(0)   Other: 0.7ms
[2022-01-07T00:51:58.940+0900][gc,heap     ] GC(0) Eden regions: 51->0(44)
[2022-01-07T00:51:58.940+0900][gc,heap     ] GC(0) Survivor regions: 0->7(7)
[2022-01-07T00:51:58.940+0900][gc,heap     ] GC(0) Old regions: 0->1
[2022-01-07T00:51:58.940+0900][gc,heap     ] GC(0) Archive regions: 2->2
[2022-01-07T00:51:58.940+0900][gc,heap     ] GC(0) Humongous regions: 0->0
[2022-01-07T00:51:58.940+0900][gc,metaspace] GC(0) Metaspace: 18524K(18688K)->18524K(18688K) NonClass: 16300K(16384K)->16300K(16384K) Class: 2224K(2304K)->2224K(2304K)
[2022-01-07T00:51:58.940+0900][gc          ] GC(0) Pause Young (Normal) (G1 Evacuation Pause) 51M->7M(1024M) 5.010ms
[2022-01-07T00:51:58.940+0900][gc,cpu      ] GC(0) User=0.01s Sys=0.01s Real=0.01s
[2022-01-07T00:51:59.126+0900][gc,start    ] GC(1) Pause Young (Concurrent Start) (Metadata GC Threshold)
[2022-01-07T00:51:59.126+0900][gc,task     ] GC(1) Using 8 workers of 8 for evacuation
[2022-01-07T00:51:59.132+0900][gc,phases   ] GC(1)   Pre Evacuate Collection Set: 0.1ms
[2022-01-07T00:51:59.132+0900][gc,phases   ] GC(1)   Merge Heap Roots: 0.0ms
[2022-01-07T00:51:59.132+0900][gc,phases   ] GC(1)   Evacuate Collection Set: 4.9ms
[2022-01-07T00:51:59.132+0900][gc,phases   ] GC(1)   Post Evacuate Collection Set: 0.4ms
[2022-01-07T00:51:59.132+0900][gc,phases   ] GC(1)   Other: 0.2ms
[2022-01-07T00:51:59.132+0900][gc,heap     ] GC(1) Eden regions: 11->0(49)
[2022-01-07T00:51:59.132+0900][gc,heap     ] GC(1) Survivor regions: 7->2(7)
[2022-01-07T00:51:59.132+0900][gc,heap     ] GC(1) Old regions: 1->7
[2022-01-07T00:51:59.132+0900][gc,heap     ] GC(1) Archive regions: 2->2
[2022-01-07T00:51:59.132+0900][gc,heap     ] GC(1) Humongous regions: 0->0
[2022-01-07T00:51:59.132+0900][gc,metaspace] GC(1) Metaspace: 21310K(21504K)->21310K(21504K) NonClass: 18714K(18816K)->18714K(18816K) Class: 2596K(2688K)->2596K(2688K)
[2022-01-07T00:51:59.132+0900][gc          ] GC(1) Pause Young (Concurrent Start) (Metadata GC Threshold) 18M->9M(1024M) 5.803ms
[2022-01-07T00:51:59.132+0900][gc,cpu      ] GC(1) User=0.02s Sys=0.01s Real=0.01s
[2022-01-07T00:51:59.132+0900][gc          ] GC(2) Concurrent Mark Cycle
[2022-01-07T00:51:59.132+0900][gc,marking  ] GC(2) Concurrent Clear Claimed Marks
[2022-01-07T00:51:59.132+0900][gc,marking  ] GC(2) Concurrent Clear Claimed Marks 0.014ms
[2022-01-07T00:51:59.132+0900][gc,marking  ] GC(2) Concurrent Scan Root Regions
[2022-01-07T00:51:59.134+0900][gc,marking  ] GC(2) Concurrent Scan Root Regions 1.930ms
[2022-01-07T00:51:59.134+0900][gc,marking  ] GC(2) Concurrent Mark
[2022-01-07T00:51:59.134+0900][gc,marking  ] GC(2) Concurrent Mark From Roots
[2022-01-07T00:51:59.134+0900][gc,task     ] GC(2) Using 2 workers of 2 for marking
[2022-01-07T00:51:59.135+0900][gc,marking  ] GC(2) Concurrent Mark From Roots 0.985ms
[2022-01-07T00:51:59.135+0900][gc,marking  ] GC(2) Concurrent Preclean
[2022-01-07T00:51:59.135+0900][gc,marking  ] GC(2) Concurrent Preclean 0.032ms
[2022-01-07T00:51:59.135+0900][gc,start    ] GC(2) Pause Remark
[2022-01-07T00:51:59.137+0900][gc          ] GC(2) Pause Remark 9M->9M(1024M) 1.338ms
[2022-01-07T00:51:59.137+0900][gc,cpu      ] GC(2) User=0.00s Sys=0.00s Real=0.00s
[2022-01-07T00:51:59.137+0900][gc,marking  ] GC(2) Concurrent Mark 2.627ms
[2022-01-07T00:51:59.137+0900][gc,marking  ] GC(2) Concurrent Rebuild Remembered Sets
[2022-01-07T00:51:59.137+0900][gc,marking  ] GC(2) Concurrent Rebuild Remembered Sets 0.007ms
[2022-01-07T00:51:59.137+0900][gc,start    ] GC(2) Pause Cleanup
[2022-01-07T00:51:59.137+0900][gc          ] GC(2) Pause Cleanup 9M->9M(1024M) 0.025ms
[2022-01-07T00:51:59.137+0900][gc,cpu      ] GC(2) User=0.00s Sys=0.00s Real=0.00s
[2022-01-07T00:51:59.137+0900][gc,marking  ] GC(2) Concurrent Cleanup for Next Mark
[2022-01-07T00:51:59.141+0900][gc,marking  ] GC(2) Concurrent Cleanup for Next Mark 4.401ms
[2022-01-07T00:51:59.141+0900][gc          ] GC(2) Concurrent Mark Cycle 9.399ms
[2022-01-07T00:52:01.972+0900][gc,start    ] GC(3) Pause Young (Normal) (G1 Evacuation Pause)
[2022-01-07T00:52:01.972+0900][gc,task     ] GC(3) Using 8 workers of 8 for evacuation
[2022-01-07T00:52:01.975+0900][gc,phases   ] GC(3)   Pre Evacuate Collection Set: 0.1ms
[2022-01-07T00:52:01.975+0900][gc,phases   ] GC(3)   Merge Heap Roots: 0.0ms
[2022-01-07T00:52:01.975+0900][gc,phases   ] GC(3)   Evacuate Collection Set: 2.1ms
[2022-01-07T00:52:01.975+0900][gc,phases   ] GC(3)   Post Evacuate Collection Set: 0.4ms
[2022-01-07T00:52:01.975+0900][gc,phases   ] GC(3)   Other: 0.2ms
[2022-01-07T00:52:01.975+0900][gc,heap     ] GC(3) Eden regions: 49->0(46)
[2022-01-07T00:52:01.975+0900][gc,heap     ] GC(3) Survivor regions: 2->5(7)
[2022-01-07T00:52:01.975+0900][gc,heap     ] GC(3) Old regions: 7->7
[2022-01-07T00:52:01.975+0900][gc,heap     ] GC(3) Archive regions: 2->2
[2022-01-07T00:52:01.975+0900][gc,heap     ] GC(3) Humongous regions: 129->129
[2022-01-07T00:52:01.975+0900][gc,metaspace] GC(3) Metaspace: 29554K(29888K)->29554K(29888K) NonClass: 26165K(26368K)->26165K(26368K) Class: 3388K(3520K)->3388K(3520K)
[2022-01-07T00:52:01.975+0900][gc          ] GC(3) Pause Young (Normal) (G1 Evacuation Pause) 187M->141M(1024M) 2.882ms
[2022-01-07T00:52:01.975+0900][gc,cpu      ] GC(3) User=0.02s Sys=0.00s Real=0.00s
[2022-01-07T00:52:02.273+0900][gc,start    ] GC(4) Pause Young (Concurrent Start) (Metadata GC Threshold)
[2022-01-07T00:52:02.273+0900][gc,task     ] GC(4) Using 8 workers of 8 for evacuation
[2022-01-07T00:52:02.278+0900][gc,phases   ] GC(4)   Pre Evacuate Collection Set: 0.2ms
[2022-01-07T00:52:02.278+0900][gc,phases   ] GC(4)   Merge Heap Roots: 0.1ms
[2022-01-07T00:52:02.278+0900][gc,phases   ] GC(4)   Evacuate Collection Set: 3.4ms
[2022-01-07T00:52:02.278+0900][gc,phases   ] GC(4)   Post Evacuate Collection Set: 0.5ms
[2022-01-07T00:52:02.278+0900][gc,phases   ] GC(4)   Other: 0.2ms
[2022-01-07T00:52:02.278+0900][gc,heap     ] GC(4) Eden regions: 28->0(48)
[2022-01-07T00:52:02.278+0900][gc,heap     ] GC(4) Survivor regions: 5->3(7)
[2022-01-07T00:52:02.278+0900][gc,heap     ] GC(4) Old regions: 7->12
[2022-01-07T00:52:02.278+0900][gc,heap     ] GC(4) Archive regions: 2->2
[2022-01-07T00:52:02.278+0900][gc,heap     ] GC(4) Humongous regions: 129->129
[2022-01-07T00:52:02.278+0900][gc,metaspace] GC(4) Metaspace: 35842K(36096K)->35842K(36096K) NonClass: 31727K(31872K)->31727K(31872K) Class: 4114K(4224K)->4114K(4224K)
[2022-01-07T00:52:02.278+0900][gc          ] GC(4) Pause Young (Concurrent Start) (Metadata GC Threshold) 168M->143M(1024M) 4.501ms
[2022-01-07T00:52:02.278+0900][gc,cpu      ] GC(4) User=0.03s Sys=0.00s Real=0.00s
[2022-01-07T00:52:02.278+0900][gc          ] GC(5) Concurrent Mark Cycle
[2022-01-07T00:52:02.278+0900][gc,marking  ] GC(5) Concurrent Clear Claimed Marks
[2022-01-07T00:52:02.278+0900][gc,marking  ] GC(5) Concurrent Clear Claimed Marks 0.021ms
[2022-01-07T00:52:02.278+0900][gc,marking  ] GC(5) Concurrent Scan Root Regions
[2022-01-07T00:52:02.281+0900][gc,marking  ] GC(5) Concurrent Scan Root Regions 3.083ms
[2022-01-07T00:52:02.281+0900][gc,marking  ] GC(5) Concurrent Mark
[2022-01-07T00:52:02.281+0900][gc,marking  ] GC(5) Concurrent Mark From Roots
[2022-01-07T00:52:02.281+0900][gc,task     ] GC(5) Using 2 workers of 2 for marking
[2022-01-07T00:52:02.287+0900][gc,marking  ] GC(5) Concurrent Mark From Roots 5.765ms
[2022-01-07T00:52:02.305+0900][gc,marking  ] GC(5) Concurrent Preclean
[2022-01-07T00:52:02.305+0900][gc,marking  ] GC(5) Concurrent Preclean 0.087ms
[2022-01-07T00:52:02.305+0900][gc,start    ] GC(5) Pause Remark
[2022-01-07T00:52:02.307+0900][gc          ] GC(5) Pause Remark 145M->145M(1024M) 1.815ms
[2022-01-07T00:52:02.307+0900][gc,cpu      ] GC(5) User=0.01s Sys=0.01s Real=0.00s
[2022-01-07T00:52:02.307+0900][gc,marking  ] GC(5) Concurrent Mark 26.192ms
[2022-01-07T00:52:02.307+0900][gc,marking  ] GC(5) Concurrent Rebuild Remembered Sets
[2022-01-07T00:52:02.311+0900][gc,marking  ] GC(5) Concurrent Rebuild Remembered Sets 3.851ms
[2022-01-07T00:52:02.314+0900][gc,start    ] GC(5) Pause Cleanup
[2022-01-07T00:52:02.314+0900][gc          ] GC(5) Pause Cleanup 146M->146M(1024M) 0.195ms
[2022-01-07T00:52:02.314+0900][gc,cpu      ] GC(5) User=0.00s Sys=0.00s Real=0.00s
[2022-01-07T00:52:02.314+0900][gc,marking  ] GC(5) Concurrent Cleanup for Next Mark
[2022-01-07T00:52:02.319+0900][gc,marking  ] GC(5) Concurrent Cleanup for Next Mark 5.120ms
[2022-01-07T00:52:02.319+0900][gc          ] GC(5) Concurrent Mark Cycle 41.273ms
[2022-01-07T00:52:54.410+0900][gc,start    ] GC(6) Pause Young (Normal) (G1 Evacuation Pause)
[2022-01-07T00:52:54.411+0900][gc,task     ] GC(6) Using 8 workers of 8 for evacuation
[2022-01-07T00:52:54.421+0900][gc,phases   ] GC(6)   Pre Evacuate Collection Set: 0.2ms
[2022-01-07T00:52:54.421+0900][gc,phases   ] GC(6)   Merge Heap Roots: 0.2ms
[2022-01-07T00:52:54.421+0900][gc,phases   ] GC(6)   Evacuate Collection Set: 8.0ms
[2022-01-07T00:52:54.421+0900][gc,phases   ] GC(6)   Post Evacuate Collection Set: 1.1ms
[2022-01-07T00:52:54.422+0900][gc,phases   ] GC(6)   Other: 1.5ms
[2022-01-07T00:52:54.422+0900][gc,heap     ] GC(6) Eden regions: 48->0(44)
[2022-01-07T00:52:54.422+0900][gc,heap     ] GC(6) Survivor regions: 3->7(7)
[2022-01-07T00:52:54.422+0900][gc,heap     ] GC(6) Old regions: 12->12
[2022-01-07T00:52:54.422+0900][gc,heap     ] GC(6) Archive regions: 2->2
[2022-01-07T00:52:54.422+0900][gc,heap     ] GC(6) Humongous regions: 165->129
[2022-01-07T00:52:54.422+0900][gc,metaspace] GC(6) Metaspace: 40564K(41216K)->40564K(41216K) NonClass: 35679K(36032K)->35679K(36032K) Class: 4884K(5184K)->4884K(5184K)
[2022-01-07T00:52:54.422+0900][gc          ] GC(6) Pause Young (Normal) (G1 Evacuation Pause) 227M->147M(1024M) 11.833ms
[2022-01-07T00:52:54.422+0900][gc,cpu      ] GC(6) User=0.07s Sys=0.00s Real=0.01s
[2022-01-07T00:55:11.255+0900][gc,start    ] GC(7) Pause Young (Normal) (G1 Evacuation Pause)
[2022-01-07T00:55:11.256+0900][gc,task     ] GC(7) Using 8 workers of 8 for evacuation
[2022-01-07T00:55:11.265+0900][gc,phases   ] GC(7)   Pre Evacuate Collection Set: 0.4ms
[2022-01-07T00:55:11.265+0900][gc,phases   ] GC(7)   Merge Heap Roots: 0.2ms
[2022-01-07T00:55:11.265+0900][gc,phases   ] GC(7)   Evacuate Collection Set: 8.0ms
[2022-01-07T00:55:11.265+0900][gc,phases   ] GC(7)   Post Evacuate Collection Set: 0.7ms
[2022-01-07T00:55:11.266+0900][gc,phases   ] GC(7)   Other: 1.5ms
[2022-01-07T00:55:11.266+0900][gc,heap     ] GC(7) Eden regions: 44->0(48)
[2022-01-07T00:55:11.266+0900][gc,heap     ] GC(7) Survivor regions: 7->3(7)
[2022-01-07T00:55:11.266+0900][gc,heap     ] GC(7) Old regions: 12->16
[2022-01-07T00:55:11.266+0900][gc,heap     ] GC(7) Archive regions: 2->2
[2022-01-07T00:55:11.266+0900][gc,heap     ] GC(7) Humongous regions: 129->129
[2022-01-07T00:55:11.266+0900][gc,metaspace] GC(7) Metaspace: 40772K(41408K)->40772K(41408K) NonClass: 35873K(36224K)->35873K(36224K) Class: 4898K(5184K)->4898K(5184K)
[2022-01-07T00:55:11.266+0900][gc          ] GC(7) Pause Young (Normal) (G1 Evacuation Pause) 191M->148M(1024M) 11.158ms
[2022-01-07T00:55:11.266+0900][gc,cpu      ] GC(7) User=0.06s Sys=0.00s Real=0.01s
[2022-01-07T00:57:53.911+0900][gc,start    ] GC(8) Pause Young (Normal) (G1 Evacuation Pause)
[2022-01-07T00:57:53.912+0900][gc,task     ] GC(8) Using 8 workers of 8 for evacuation
[2022-01-07T00:57:53.919+0900][gc,phases   ] GC(8)   Pre Evacuate Collection Set: 0.3ms
[2022-01-07T00:57:53.919+0900][gc,phases   ] GC(8)   Merge Heap Roots: 0.1ms
[2022-01-07T00:57:53.919+0900][gc,phases   ] GC(8)   Evacuate Collection Set: 6.1ms
[2022-01-07T00:57:53.919+0900][gc,phases   ] GC(8)   Post Evacuate Collection Set: 0.5ms
[2022-01-07T00:57:53.919+0900][gc,phases   ] GC(8)   Other: 1.2ms
[2022-01-07T00:57:53.919+0900][gc,heap     ] GC(8) Eden regions: 48->0(46)
[2022-01-07T00:57:53.919+0900][gc,heap     ] GC(8) Survivor regions: 3->5(7)
[2022-01-07T00:57:53.919+0900][gc,heap     ] GC(8) Old regions: 16->16
[2022-01-07T00:57:53.919+0900][gc,heap     ] GC(8) Archive regions: 2->2
[2022-01-07T00:57:53.919+0900][gc,heap     ] GC(8) Humongous regions: 129->129
[2022-01-07T00:57:53.919+0900][gc,metaspace] GC(8) Metaspace: 40826K(41472K)->40826K(41472K) NonClass: 35928K(36288K)->35928K(36288K) Class: 4898K(5184K)->4898K(5184K)
[2022-01-07T00:57:53.919+0900][gc          ] GC(8) Pause Young (Normal) (G1 Evacuation Pause) 196M->150M(1024M) 8.409ms
[2022-01-07T00:57:53.919+0900][gc,cpu      ] GC(8) User=0.03s Sys=0.00s Real=0.00s
[2022-01-07T00:59:59.405+0900][gc,start    ] GC(9) Pause Young (Normal) (G1 Evacuation Pause)
[2022-01-07T00:59:59.406+0900][gc,task     ] GC(9) Using 8 workers of 8 for evacuation
[2022-01-07T00:59:59.414+0900][gc,phases   ] GC(9)   Pre Evacuate Collection Set: 0.1ms
[2022-01-07T00:59:59.414+0900][gc,phases   ] GC(9)   Merge Heap Roots: 0.1ms
[2022-01-07T00:59:59.414+0900][gc,phases   ] GC(9)   Evacuate Collection Set: 7.2ms
[2022-01-07T00:59:59.414+0900][gc,phases   ] GC(9)   Post Evacuate Collection Set: 0.6ms
[2022-01-07T00:59:59.414+0900][gc,phases   ] GC(9)   Other: 0.7ms
[2022-01-07T00:59:59.414+0900][gc,heap     ] GC(9) Eden regions: 46->0(44)
[2022-01-07T00:59:59.414+0900][gc,heap     ] GC(9) Survivor regions: 5->7(7)
[2022-01-07T00:59:59.414+0900][gc,heap     ] GC(9) Old regions: 16->17
[2022-01-07T00:59:59.414+0900][gc,heap     ] GC(9) Archive regions: 2->2
[2022-01-07T00:59:59.414+0900][gc,heap     ] GC(9) Humongous regions: 129->129
[2022-01-07T00:59:59.414+0900][gc,metaspace] GC(9) Metaspace: 41960K(42624K)->41960K(42624K) NonClass: 36793K(37120K)->36793K(37120K) Class: 5167K(5504K)->5167K(5504K)
[2022-01-07T00:59:59.414+0900][gc          ] GC(9) Pause Young (Normal) (G1 Evacuation Pause) 196M->153M(1024M) 9.021ms
[2022-01-07T00:59:59.415+0900][gc,cpu      ] GC(9) User=0.04s Sys=0.00s Real=0.01s
[2022-01-07T01:02:25.779+0900][gc,start    ] GC(10) Pause Young (Normal) (G1 Evacuation Pause)
[2022-01-07T01:02:25.780+0900][gc,task     ] GC(10) Using 8 workers of 8 for evacuation
[2022-01-07T01:02:25.795+0900][gc,phases   ] GC(10)   Pre Evacuate Collection Set: 0.3ms
[2022-01-07T01:02:25.795+0900][gc,phases   ] GC(10)   Merge Heap Roots: 0.3ms
[2022-01-07T01:02:25.795+0900][gc,phases   ] GC(10)   Evacuate Collection Set: 12.7ms
[2022-01-07T01:02:25.795+0900][gc,phases   ] GC(10)   Post Evacuate Collection Set: 0.6ms
[2022-01-07T01:02:25.795+0900][gc,phases   ] GC(10)   Other: 1.8ms
[2022-01-07T01:02:25.795+0900][gc,heap     ] GC(10) Eden regions: 44->0(47)
[2022-01-07T01:02:25.795+0900][gc,heap     ] GC(10) Survivor regions: 7->4(7)
[2022-01-07T01:02:25.795+0900][gc,heap     ] GC(10) Old regions: 17->23
[2022-01-07T01:02:25.795+0900][gc,heap     ] GC(10) Archive regions: 2->2
[2022-01-07T01:02:25.795+0900][gc,heap     ] GC(10) Humongous regions: 129->129
[2022-01-07T01:02:25.795+0900][gc,metaspace] GC(10) Metaspace: 42065K(42752K)->42065K(42752K) NonClass: 36876K(37248K)->36876K(37248K) Class: 5188K(5504K)->5188K(5504K)
[2022-01-07T01:02:25.795+0900][gc          ] GC(10) Pause Young (Normal) (G1 Evacuation Pause) 197M->156M(1024M) 15.909ms
[2022-01-07T01:02:25.795+0900][gc,cpu      ] GC(10) User=0.09s Sys=0.02s Real=0.02s
[2022-01-07T01:04:52.490+0900][gc,start    ] GC(11) Pause Young (Normal) (G1 Evacuation Pause)
[2022-01-07T01:04:52.491+0900][gc,task     ] GC(11) Using 8 workers of 8 for evacuation
[2022-01-07T01:04:52.501+0900][gc,phases   ] GC(11)   Pre Evacuate Collection Set: 0.2ms
[2022-01-07T01:04:52.501+0900][gc,phases   ] GC(11)   Merge Heap Roots: 0.2ms
[2022-01-07T01:04:52.501+0900][gc,phases   ] GC(11)   Evacuate Collection Set: 8.4ms
[2022-01-07T01:04:52.501+0900][gc,phases   ] GC(11)   Post Evacuate Collection Set: 0.4ms
[2022-01-07T01:04:52.501+0900][gc,phases   ] GC(11)   Other: 1.5ms
[2022-01-07T01:04:52.501+0900][gc,heap     ] GC(11) Eden regions: 47->0(44)
[2022-01-07T01:04:52.501+0900][gc,heap     ] GC(11) Survivor regions: 4->7(7)
[2022-01-07T01:04:52.501+0900][gc,heap     ] GC(11) Old regions: 23->23
[2022-01-07T01:04:52.501+0900][gc,heap     ] GC(11) Archive regions: 2->2
[2022-01-07T01:04:52.501+0900][gc,heap     ] GC(11) Humongous regions: 129->129
[2022-01-07T01:04:52.501+0900][gc,metaspace] GC(11) Metaspace: 42116K(42816K)->42116K(42816K) NonClass: 36926K(37312K)->36926K(37312K) Class: 5189K(5504K)->5189K(5504K)
[2022-01-07T01:04:52.501+0900][gc          ] GC(11) Pause Young (Normal) (G1 Evacuation Pause) 203M->159M(1024M) 10.969ms
[2022-01-07T01:04:52.501+0900][gc,cpu      ] GC(11) User=0.06s Sys=0.00s Real=0.01s
[2022-01-07T01:07:07.353+0900][gc,start    ] GC(12) Pause Young (Normal) (G1 Evacuation Pause)
[2022-01-07T01:07:07.354+0900][gc,task     ] GC(12) Using 8 workers of 8 for evacuation
[2022-01-07T01:07:07.361+0900][gc,phases   ] GC(12)   Pre Evacuate Collection Set: 0.1ms
[2022-01-07T01:07:07.361+0900][gc,phases   ] GC(12)   Merge Heap Roots: 0.1ms
[2022-01-07T01:07:07.361+0900][gc,phases   ] GC(12)   Evacuate Collection Set: 6.1ms
[2022-01-07T01:07:07.361+0900][gc,phases   ] GC(12)   Post Evacuate Collection Set: 0.3ms
[2022-01-07T01:07:07.361+0900][gc,phases   ] GC(12)   Other: 1.2ms
[2022-01-07T01:07:07.361+0900][gc,heap     ] GC(12) Eden regions: 44->0(58)
[2022-01-07T01:07:07.361+0900][gc,heap     ] GC(12) Survivor regions: 7->7(7)
[2022-01-07T01:07:07.361+0900][gc,heap     ] GC(12) Old regions: 23->26
[2022-01-07T01:07:07.361+0900][gc,heap     ] GC(12) Archive regions: 2->2
[2022-01-07T01:07:07.361+0900][gc,heap     ] GC(12) Humongous regions: 129->129
[2022-01-07T01:07:07.361+0900][gc,metaspace] GC(12) Metaspace: 42130K(42816K)->42130K(42816K) NonClass: 36940K(37312K)->36940K(37312K) Class: 5189K(5504K)->5189K(5504K)
[2022-01-07T01:07:07.361+0900][gc          ] GC(12) Pause Young (Normal) (G1 Evacuation Pause) 203M->161M(1024M) 7.995ms
[2022-01-07T01:07:07.361+0900][gc,cpu      ] GC(12) User=0.04s Sys=0.00s Real=0.01s
[2022-01-07T01:09:55.324+0900][gc,start    ] GC(13) Pause Young (Normal) (G1 Evacuation Pause)
[2022-01-07T01:09:55.324+0900][gc,task     ] GC(13) Using 8 workers of 8 for evacuation
[2022-01-07T01:09:55.344+0900][gc,phases   ] GC(13)   Pre Evacuate Collection Set: 0.3ms
[2022-01-07T01:09:55.344+0900][gc,phases   ] GC(13)   Merge Heap Roots: 0.2ms
[2022-01-07T01:09:55.344+0900][gc,phases   ] GC(13)   Evacuate Collection Set: 18.1ms
[2022-01-07T01:09:55.344+0900][gc,phases   ] GC(13)   Post Evacuate Collection Set: 1.1ms
[2022-01-07T01:09:55.344+0900][gc,phases   ] GC(13)   Other: 0.6ms
[2022-01-07T01:09:55.344+0900][gc,heap     ] GC(13) Eden regions: 55->0(48)
[2022-01-07T01:09:55.344+0900][gc,heap     ] GC(13) Survivor regions: 7->8(8)
[2022-01-07T01:09:55.344+0900][gc,heap     ] GC(13) Old regions: 26->29
[2022-01-07T01:09:55.344+0900][gc,heap     ] GC(13) Archive regions: 2->2
[2022-01-07T01:09:55.344+0900][gc,heap     ] GC(13) Humongous regions: 129->129
[2022-01-07T01:09:55.344+0900][gc,metaspace] GC(13) Metaspace: 42149K(42816K)->42149K(42816K) NonClass: 36959K(37312K)->36959K(37312K) Class: 5189K(5504K)->5189K(5504K)
[2022-01-07T01:09:55.344+0900][gc          ] GC(13) Pause Young (Normal) (G1 Evacuation Pause) 216M->166M(1024M) 20.702ms
[2022-01-07T01:09:55.344+0900][gc,cpu      ] GC(13) User=0.07s Sys=0.02s Real=0.02s
[2022-01-07T01:12:22.903+0900][gc,start    ] GC(14) Pause Young (Normal) (G1 Evacuation Pause)
[2022-01-07T01:12:22.903+0900][gc,task     ] GC(14) Using 8 workers of 8 for evacuation
[2022-01-07T01:12:22.914+0900][gc,phases   ] GC(14)   Pre Evacuate Collection Set: 0.2ms
[2022-01-07T01:12:22.914+0900][gc,phases   ] GC(14)   Merge Heap Roots: 0.2ms
[2022-01-07T01:12:22.914+0900][gc,phases   ] GC(14)   Evacuate Collection Set: 9.3ms
[2022-01-07T01:12:22.914+0900][gc,phases   ] GC(14)   Post Evacuate Collection Set: 0.5ms
[2022-01-07T01:12:22.914+0900][gc,phases   ] GC(14)   Other: 0.8ms
[2022-01-07T01:12:22.914+0900][gc,heap     ] GC(14) Eden regions: 48->0(84)
[2022-01-07T01:12:22.914+0900][gc,heap     ] GC(14) Survivor regions: 8->5(7)
[2022-01-07T01:12:22.914+0900][gc,heap     ] GC(14) Old regions: 29->36
[2022-01-07T01:12:22.914+0900][gc,heap     ] GC(14) Archive regions: 2->2
[2022-01-07T01:12:22.914+0900][gc,heap     ] GC(14) Humongous regions: 129->129
[2022-01-07T01:12:22.914+0900][gc,metaspace] GC(14) Metaspace: 42162K(42880K)->42162K(42880K) NonClass: 36972K(37376K)->36972K(37376K) Class: 5189K(5504K)->5189K(5504K)
[2022-01-07T01:12:22.914+0900][gc          ] GC(14) Pause Young (Normal) (G1 Evacuation Pause) 214M->169M(1024M) 11.129ms
[2022-01-07T01:12:22.914+0900][gc,cpu      ] GC(14) User=0.06s Sys=0.01s Real=0.01s
[2022-01-07T01:16:42.911+0900][gc,start    ] GC(15) Pause Young (Normal) (G1 Evacuation Pause)
[2022-01-07T01:16:42.911+0900][gc,task     ] GC(15) Using 8 workers of 8 for evacuation
[2022-01-07T01:16:42.928+0900][gc,phases   ] GC(15)   Pre Evacuate Collection Set: 0.3ms
[2022-01-07T01:16:42.928+0900][gc,phases   ] GC(15)   Merge Heap Roots: 0.2ms
[2022-01-07T01:16:42.928+0900][gc,phases   ] GC(15)   Evacuate Collection Set: 15.0ms
[2022-01-07T01:16:42.928+0900][gc,phases   ] GC(15)   Post Evacuate Collection Set: 0.6ms
[2022-01-07T01:16:42.928+0900][gc,phases   ] GC(15)   Other: 1.0ms
[2022-01-07T01:16:42.928+0900][gc,heap     ] GC(15) Eden regions: 84->0(56)
[2022-01-07T01:16:42.928+0900][gc,heap     ] GC(15) Survivor regions: 5->10(12)
[2022-01-07T01:16:42.928+0900][gc,heap     ] GC(15) Old regions: 36->36
[2022-01-07T01:16:42.928+0900][gc,heap     ] GC(15) Archive regions: 2->2
[2022-01-07T01:16:42.928+0900][gc,heap     ] GC(15) Humongous regions: 129->129
[2022-01-07T01:16:42.928+0900][gc,metaspace] GC(15) Metaspace: 42185K(42880K)->42185K(42880K) NonClass: 36995K(37376K)->36995K(37376K) Class: 5189K(5504K)->5189K(5504K)
[2022-01-07T01:16:42.928+0900][gc          ] GC(15) Pause Young (Normal) (G1 Evacuation Pause) 253M->174M(1024M) 17.286ms
[2022-01-07T01:16:42.928+0900][gc,cpu      ] GC(15) User=0.09s Sys=0.02s Real=0.01s
[2022-01-07T01:19:33.588+0900][gc,start    ] GC(16) Pause Young (Normal) (G1 Evacuation Pause)
[2022-01-07T01:19:33.589+0900][gc,task     ] GC(16) Using 8 workers of 8 for evacuation
[2022-01-07T01:19:33.606+0900][gc,phases   ] GC(16)   Pre Evacuate Collection Set: 0.3ms
[2022-01-07T01:19:33.606+0900][gc,phases   ] GC(16)   Merge Heap Roots: 0.3ms
[2022-01-07T01:19:33.606+0900][gc,phases   ] GC(16)   Evacuate Collection Set: 15.7ms
[2022-01-07T01:19:33.606+0900][gc,phases   ] GC(16)   Post Evacuate Collection Set: 0.5ms
[2022-01-07T01:19:33.606+0900][gc,phases   ] GC(16)   Other: 1.6ms
[2022-01-07T01:19:33.606+0900][gc,heap     ] GC(16) Eden regions: 56->0(78)
[2022-01-07T01:19:33.606+0900][gc,heap     ] GC(16) Survivor regions: 10->6(9)
[2022-01-07T01:19:33.606+0900][gc,heap     ] GC(16) Old regions: 36->44
[2022-01-07T01:19:33.606+0900][gc,heap     ] GC(16) Archive regions: 2->2
[2022-01-07T01:19:33.606+0900][gc,heap     ] GC(16) Humongous regions: 129->129
[2022-01-07T01:19:33.606+0900][gc,metaspace] GC(16) Metaspace: 42197K(42880K)->42197K(42880K) NonClass: 37007K(37376K)->37007K(37376K) Class: 5189K(5504K)->5189K(5504K)
[2022-01-07T01:19:33.606+0900][gc          ] GC(16) Pause Young (Normal) (G1 Evacuation Pause) 230M->179M(1024M) 18.381ms
[2022-01-07T01:19:33.606+0900][gc,cpu      ] GC(16) User=0.10s Sys=0.01s Real=0.02s
[2022-01-07T01:23:33.018+0900][gc,start    ] GC(17) Pause Young (Normal) (G1 Evacuation Pause)
[2022-01-07T01:23:33.019+0900][gc,task     ] GC(17) Using 8 workers of 8 for evacuation
[2022-01-07T01:23:33.031+0900][gc,phases   ] GC(17)   Pre Evacuate Collection Set: 0.2ms
[2022-01-07T01:23:33.031+0900][gc,phases   ] GC(17)   Merge Heap Roots: 0.1ms
[2022-01-07T01:23:33.031+0900][gc,phases   ] GC(17)   Evacuate Collection Set: 11.5ms
[2022-01-07T01:23:33.031+0900][gc,phases   ] GC(17)   Post Evacuate Collection Set: 0.5ms
[2022-01-07T01:23:33.031+0900][gc,phases   ] GC(17)   Other: 1.3ms
[2022-01-07T01:23:33.031+0900][gc,heap     ] GC(17) Eden regions: 78->0(54)
[2022-01-07T01:23:33.031+0900][gc,heap     ] GC(17) Survivor regions: 6->11(11)
[2022-01-07T01:23:33.031+0900][gc,heap     ] GC(17) Old regions: 44->44
[2022-01-07T01:23:33.031+0900][gc,heap     ] GC(17) Archive regions: 2->2
[2022-01-07T01:23:33.031+0900][gc,heap     ] GC(17) Humongous regions: 129->129
[2022-01-07T01:23:33.031+0900][gc,metaspace] GC(17) Metaspace: 42215K(42944K)->42215K(42944K) NonClass: 37026K(37440K)->37026K(37440K) Class: 5189K(5504K)->5189K(5504K)
[2022-01-07T01:23:33.032+0900][gc          ] GC(17) Pause Young (Normal) (G1 Evacuation Pause) 257M->184M(1024M) 13.930ms
[2022-01-07T01:23:33.032+0900][gc,cpu      ] GC(17) User=0.08s Sys=0.00s Real=0.02s
[2022-01-07T01:26:18.775+0900][gc,start    ] GC(18) Pause Young (Normal) (G1 Evacuation Pause)
[2022-01-07T01:26:18.776+0900][gc,task     ] GC(18) Using 8 workers of 8 for evacuation
[2022-01-07T01:26:18.791+0900][gc,phases   ] GC(18)   Pre Evacuate Collection Set: 0.3ms
[2022-01-07T01:26:18.791+0900][gc,phases   ] GC(18)   Merge Heap Roots: 0.2ms
[2022-01-07T01:26:18.791+0900][gc,phases   ] GC(18)   Evacuate Collection Set: 13.6ms
[2022-01-07T01:26:18.791+0900][gc,phases   ] GC(18)   Post Evacuate Collection Set: 0.4ms
[2022-01-07T01:26:18.791+0900][gc,phases   ] GC(18)   Other: 1.3ms
[2022-01-07T01:26:18.791+0900][gc,heap     ] GC(18) Eden regions: 54->0(122)
[2022-01-07T01:26:18.791+0900][gc,heap     ] GC(18) Survivor regions: 11->5(9)
[2022-01-07T01:26:18.791+0900][gc,heap     ] GC(18) Old regions: 44->53
[2022-01-07T01:26:18.791+0900][gc,heap     ] GC(18) Archive regions: 2->2
[2022-01-07T01:26:18.791+0900][gc,heap     ] GC(18) Humongous regions: 129->129
[2022-01-07T01:26:18.791+0900][gc,metaspace] GC(18) Metaspace: 42237K(42944K)->42237K(42944K) NonClass: 37048K(37440K)->37048K(37440K) Class: 5189K(5504K)->5189K(5504K)
[2022-01-07T01:26:18.791+0900][gc          ] GC(18) Pause Young (Normal) (G1 Evacuation Pause) 238M->187M(1024M) 15.982ms
[2022-01-07T01:26:18.791+0900][gc,cpu      ] GC(18) User=0.09s Sys=0.02s Real=0.02s
[2022-01-07T01:32:35.637+0900][gc,start    ] GC(19) Pause Young (Normal) (G1 Evacuation Pause)
[2022-01-07T01:32:35.639+0900][gc,task     ] GC(19) Using 8 workers of 8 for evacuation
[2022-01-07T01:32:35.658+0900][gc,phases   ] GC(19)   Pre Evacuate Collection Set: 0.3ms
[2022-01-07T01:32:35.659+0900][gc,phases   ] GC(19)   Merge Heap Roots: 0.3ms
[2022-01-07T01:32:35.659+0900][gc,phases   ] GC(19)   Evacuate Collection Set: 18.1ms
[2022-01-07T01:32:35.659+0900][gc,phases   ] GC(19)   Post Evacuate Collection Set: 0.6ms
[2022-01-07T01:32:35.659+0900][gc,phases   ] GC(19)   Other: 2.0ms
[2022-01-07T01:32:35.659+0900][gc,heap     ] GC(19) Eden regions: 122->0(49)
[2022-01-07T01:32:35.659+0900][gc,heap     ] GC(19) Survivor regions: 5->13(16)
[2022-01-07T01:32:35.659+0900][gc,heap     ] GC(19) Old regions: 53->53
[2022-01-07T01:32:35.659+0900][gc,heap     ] GC(19) Archive regions: 2->2
[2022-01-07T01:32:35.659+0900][gc,heap     ] GC(19) Humongous regions: 129->129
[2022-01-07T01:32:35.659+0900][gc,metaspace] GC(19) Metaspace: 42251K(42944K)->42251K(42944K) NonClass: 37061K(37440K)->37061K(37440K) Class: 5189K(5504K)->5189K(5504K)
[2022-01-07T01:32:35.659+0900][gc          ] GC(19) Pause Young (Normal) (G1 Evacuation Pause) 309M->195M(1024M) 21.553ms
[2022-01-07T01:32:35.659+0900][gc,cpu      ] GC(19) User=0.11s Sys=0.02s Real=0.02s
[2022-01-07T01:35:05.700+0900][gc,start    ] GC(20) Pause Young (Normal) (G1 Evacuation Pause)
[2022-01-07T01:35:05.701+0900][gc,task     ] GC(20) Using 8 workers of 8 for evacuation
[2022-01-07T01:35:05.710+0900][gc,phases   ] GC(20)   Pre Evacuate Collection Set: 0.1ms
[2022-01-07T01:35:05.710+0900][gc,phases   ] GC(20)   Merge Heap Roots: 0.1ms
[2022-01-07T01:35:05.710+0900][gc,phases   ] GC(20)   Evacuate Collection Set: 7.9ms
[2022-01-07T01:35:05.710+0900][gc,phases   ] GC(20)   Post Evacuate Collection Set: 0.3ms
[2022-01-07T01:35:05.710+0900][gc,phases   ] GC(20)   Other: 1.0ms
[2022-01-07T01:35:05.710+0900][gc,heap     ] GC(20) Eden regions: 49->0(126)
[2022-01-07T01:35:05.710+0900][gc,heap     ] GC(20) Survivor regions: 13->5(8)
[2022-01-07T01:35:05.710+0900][gc,heap     ] GC(20) Old regions: 53->65
[2022-01-07T01:35:05.710+0900][gc,heap     ] GC(20) Archive regions: 2->2
[2022-01-07T01:35:05.710+0900][gc,heap     ] GC(20) Humongous regions: 129->129
[2022-01-07T01:35:05.710+0900][gc,metaspace] GC(20) Metaspace: 42268K(42944K)->42268K(42944K) NonClass: 37079K(37440K)->37079K(37440K) Class: 5189K(5504K)->5189K(5504K)
[2022-01-07T01:35:05.710+0900][gc          ] GC(20) Pause Young (Normal) (G1 Evacuation Pause) 244M->199M(1024M) 9.616ms
[2022-01-07T01:35:05.710+0900][gc,cpu      ] GC(20) User=0.05s Sys=0.01s Real=0.01s
[2022-01-07T01:41:36.938+0900][gc,start    ] GC(21) Pause Young (Normal) (G1 Evacuation Pause)
[2022-01-07T01:41:36.939+0900][gc,task     ] GC(21) Using 8 workers of 8 for evacuation
[2022-01-07T01:41:36.956+0900][gc,phases   ] GC(21)   Pre Evacuate Collection Set: 0.3ms
[2022-01-07T01:41:36.956+0900][gc,phases   ] GC(21)   Merge Heap Roots: 0.3ms
[2022-01-07T01:41:36.956+0900][gc,phases   ] GC(21)   Evacuate Collection Set: 16.0ms
[2022-01-07T01:41:36.956+0900][gc,phases   ] GC(21)   Post Evacuate Collection Set: 0.5ms
[2022-01-07T01:41:36.956+0900][gc,phases   ] GC(21)   Other: 1.5ms
[2022-01-07T01:41:36.956+0900][gc,heap     ] GC(21) Eden regions: 126->0(46)
[2022-01-07T01:41:36.956+0900][gc,heap     ] GC(21) Survivor regions: 5->14(17)
[2022-01-07T01:41:36.956+0900][gc,heap     ] GC(21) Old regions: 65->65
[2022-01-07T01:41:36.956+0900][gc,heap     ] GC(21) Archive regions: 2->2
[2022-01-07T01:41:36.956+0900][gc,heap     ] GC(21) Humongous regions: 129->129
[2022-01-07T01:41:36.956+0900][gc,metaspace] GC(21) Metaspace: 42273K(42944K)->42273K(42944K) NonClass: 37084K(37440K)->37084K(37440K) Class: 5189K(5504K)->5189K(5504K)
[2022-01-07T01:41:36.956+0900][gc          ] GC(21) Pause Young (Normal) (G1 Evacuation Pause) 325M->207M(1024M) 18.708ms
[2022-01-07T01:41:36.956+0900][gc,cpu      ] GC(21) User=0.11s Sys=0.01s Real=0.02s
[2022-01-07T01:43:58.488+0900][gc,start    ] GC(22) Pause Young (Normal) (G1 Evacuation Pause)
[2022-01-07T01:43:58.489+0900][gc,task     ] GC(22) Using 8 workers of 8 for evacuation
[2022-01-07T01:43:58.510+0900][gc,mmu      ] GC(22) MMU target violated: 20.0ms (20.0ms/21.0ms)
[2022-01-07T01:43:58.510+0900][gc,phases   ] GC(22)   Pre Evacuate Collection Set: 0.4ms
[2022-01-07T01:43:58.510+0900][gc,phases   ] GC(22)   Merge Heap Roots: 0.3ms
[2022-01-07T01:43:58.510+0900][gc,phases   ] GC(22)   Evacuate Collection Set: 18.8ms
[2022-01-07T01:43:58.510+0900][gc,phases   ] GC(22)   Post Evacuate Collection Set: 0.5ms
[2022-01-07T01:43:58.510+0900][gc,phases   ] GC(22)   Other: 1.7ms
[2022-01-07T01:43:58.510+0900][gc,heap     ] GC(22) Eden regions: 46->0(127)
[2022-01-07T01:43:58.510+0900][gc,heap     ] GC(22) Survivor regions: 14->6(8)
[2022-01-07T01:43:58.510+0900][gc,heap     ] GC(22) Old regions: 65->77
[2022-01-07T01:43:58.510+0900][gc,heap     ] GC(22) Archive regions: 2->2
[2022-01-07T01:43:58.510+0900][gc,heap     ] GC(22) Humongous regions: 129->129
[2022-01-07T01:43:58.510+0900][gc,metaspace] GC(22) Metaspace: 42277K(42944K)->42277K(42944K) NonClass: 37088K(37440K)->37088K(37440K) Class: 5189K(5504K)->5189K(5504K)
[2022-01-07T01:43:58.510+0900][gc          ] GC(22) Pause Young (Normal) (G1 Evacuation Pause) 253M->211M(1024M) 21.855ms
[2022-01-07T01:43:58.510+0900][gc,cpu      ] GC(22) User=0.13s Sys=0.02s Real=0.03s
[2022-01-07T01:50:32.279+0900][gc,start    ] GC(23) Pause Young (Normal) (G1 Evacuation Pause)
[2022-01-07T01:50:32.280+0900][gc,task     ] GC(23) Using 8 workers of 8 for evacuation
[2022-01-07T01:50:32.296+0900][gc,phases   ] GC(23)   Pre Evacuate Collection Set: 0.6ms
[2022-01-07T01:50:32.296+0900][gc,phases   ] GC(23)   Merge Heap Roots: 0.5ms
[2022-01-07T01:50:32.296+0900][gc,phases   ] GC(23)   Evacuate Collection Set: 13.8ms
[2022-01-07T01:50:32.296+0900][gc,phases   ] GC(23)   Post Evacuate Collection Set: 0.4ms
[2022-01-07T01:50:32.296+0900][gc,phases   ] GC(23)   Other: 1.9ms
[2022-01-07T01:50:32.296+0900][gc,heap     ] GC(23) Eden regions: 127->0(58)
[2022-01-07T01:50:32.296+0900][gc,heap     ] GC(23) Survivor regions: 6->13(17)
[2022-01-07T01:50:32.296+0900][gc,heap     ] GC(23) Old regions: 77->77
[2022-01-07T01:50:32.296+0900][gc,heap     ] GC(23) Archive regions: 2->2
[2022-01-07T01:50:32.296+0900][gc,heap     ] GC(23) Humongous regions: 129->129
[2022-01-07T01:50:32.296+0900][gc,metaspace] GC(23) Metaspace: 42314K(43008K)->42314K(43008K) NonClass: 37124K(37504K)->37124K(37504K) Class: 5189K(5504K)->5189K(5504K)
[2022-01-07T01:50:32.296+0900][gc          ] GC(23) Pause Young (Normal) (G1 Evacuation Pause) 338M->218M(1024M) 17.376ms
[2022-01-07T01:50:32.296+0900][gc,cpu      ] GC(23) User=0.10s Sys=0.01s Real=0.02s
[2022-01-07T01:53:21.005+0900][gc,start    ] GC(24) Pause Young (Normal) (G1 Evacuation Pause)
[2022-01-07T01:53:21.006+0900][gc,task     ] GC(24) Using 8 workers of 8 for evacuation
[2022-01-07T01:53:21.018+0900][gc,phases   ] GC(24)   Pre Evacuate Collection Set: 0.2ms
[2022-01-07T01:53:21.018+0900][gc,phases   ] GC(24)   Merge Heap Roots: 0.1ms
[2022-01-07T01:53:21.018+0900][gc,phases   ] GC(24)   Evacuate Collection Set: 10.4ms
[2022-01-07T01:53:21.018+0900][gc,phases   ] GC(24)   Post Evacuate Collection Set: 0.6ms
[2022-01-07T01:53:21.018+0900][gc,phases   ] GC(24)   Other: 1.1ms
[2022-01-07T01:53:21.018+0900][gc,heap     ] GC(24) Eden regions: 58->0(135)
[2022-01-07T01:53:21.018+0900][gc,heap     ] GC(24) Survivor regions: 13->7(9)
[2022-01-07T01:53:21.018+0900][gc,heap     ] GC(24) Old regions: 77->88
[2022-01-07T01:53:21.018+0900][gc,heap     ] GC(24) Archive regions: 2->2
[2022-01-07T01:53:21.018+0900][gc,heap     ] GC(24) Humongous regions: 129->129
[2022-01-07T01:53:21.018+0900][gc,metaspace] GC(24) Metaspace: 42341K(43008K)->42341K(43008K) NonClass: 37148K(37504K)->37148K(37504K) Class: 5193K(5504K)->5193K(5504K)
[2022-01-07T01:53:21.018+0900][gc          ] GC(24) Pause Young (Normal) (G1 Evacuation Pause) 276M->223M(1024M) 12.554ms
[2022-01-07T01:53:21.018+0900][gc,cpu      ] GC(24) User=0.05s Sys=0.01s Real=0.01s
[2022-01-07T02:00:20.544+0900][gc,start    ] GC(25) Pause Young (Normal) (G1 Evacuation Pause)
[2022-01-07T02:00:20.545+0900][gc,task     ] GC(25) Using 8 workers of 8 for evacuation
[2022-01-07T02:00:20.556+0900][gc,phases   ] GC(25)   Pre Evacuate Collection Set: 0.3ms
[2022-01-07T02:00:20.557+0900][gc,phases   ] GC(25)   Merge Heap Roots: 0.3ms
[2022-01-07T02:00:20.557+0900][gc,phases   ] GC(25)   Evacuate Collection Set: 9.5ms
[2022-01-07T02:00:20.557+0900][gc,phases   ] GC(25)   Post Evacuate Collection Set: 0.5ms
[2022-01-07T02:00:20.557+0900][gc,phases   ] GC(25)   Other: 1.7ms
[2022-01-07T02:00:20.557+0900][gc,heap     ] GC(25) Eden regions: 135->0(388)
[2022-01-07T02:00:20.557+0900][gc,heap     ] GC(25) Survivor regions: 7->6(18)
[2022-01-07T02:00:20.557+0900][gc,heap     ] GC(25) Old regions: 88->88
[2022-01-07T02:00:20.557+0900][gc,heap     ] GC(25) Archive regions: 2->2
[2022-01-07T02:00:20.557+0900][gc,heap     ] GC(25) Humongous regions: 129->129
[2022-01-07T02:00:20.557+0900][gc,metaspace] GC(25) Metaspace: 42361K(43072K)->42361K(43072K) NonClass: 37168K(37568K)->37168K(37568K) Class: 5193K(5504K)->5193K(5504K)
[2022-01-07T02:00:20.557+0900][gc          ] GC(25) Pause Young (Normal) (G1 Evacuation Pause) 358M->223M(1024M) 12.625ms
[2022-01-07T02:00:20.557+0900][gc,cpu      ] GC(25) User=0.06s Sys=0.01s Real=0.01s
[2022-01-07T02:20:37.816+0900][gc,start    ] GC(26) Pause Young (Normal) (G1 Evacuation Pause)
[2022-01-07T02:20:37.816+0900][gc,task     ] GC(26) Using 8 workers of 8 for evacuation
[2022-01-07T02:20:37.827+0900][gc,phases   ] GC(26)   Pre Evacuate Collection Set: 0.2ms
[2022-01-07T02:20:37.827+0900][gc,phases   ] GC(26)   Merge Heap Roots: 0.2ms
[2022-01-07T02:20:37.827+0900][gc,phases   ] GC(26)   Evacuate Collection Set: 8.7ms
[2022-01-07T02:20:37.827+0900][gc,phases   ] GC(26)   Post Evacuate Collection Set: 1.5ms
[2022-01-07T02:20:37.827+0900][gc,phases   ] GC(26)   Other: 0.9ms
[2022-01-07T02:20:37.827+0900][gc,heap     ] GC(26) Eden regions: 388->0(608)
[2022-01-07T02:20:37.827+0900][gc,heap     ] GC(26) Survivor regions: 6->6(50)
[2022-01-07T02:20:37.827+0900][gc,heap     ] GC(26) Old regions: 88->88
[2022-01-07T02:20:37.827+0900][gc,heap     ] GC(26) Archive regions: 2->2
[2022-01-07T02:20:37.827+0900][gc,heap     ] GC(26) Humongous regions: 129->129
[2022-01-07T02:20:37.827+0900][gc,metaspace] GC(26) Metaspace: 42387K(43072K)->42387K(43072K) NonClass: 37194K(37568K)->37194K(37568K) Class: 5193K(5504K)->5193K(5504K)
[2022-01-07T02:20:37.827+0900][gc          ] GC(26) Pause Young (Normal) (G1 Evacuation Pause) 611M->223M(1024M) 11.699ms
[2022-01-07T02:20:37.827+0900][gc,cpu      ] GC(26) User=0.04s Sys=0.02s Real=0.01s
[2022-01-07T02:52:18.161+0900][gc,start    ] GC(27) Pause Young (Normal) (G1 Evacuation Pause)
[2022-01-07T02:52:18.163+0900][gc,task     ] GC(27) Using 8 workers of 8 for evacuation
[2022-01-07T02:52:18.187+0900][gc,mmu      ] GC(27) MMU target violated: 21.0ms (20.0ms/21.0ms)
[2022-01-07T02:52:18.187+0900][gc,phases   ] GC(27)   Pre Evacuate Collection Set: 0.4ms
[2022-01-07T02:52:18.187+0900][gc,phases   ] GC(27)   Merge Heap Roots: 0.4ms
[2022-01-07T02:52:18.187+0900][gc,phases   ] GC(27)   Evacuate Collection Set: 22.5ms
[2022-01-07T02:52:18.187+0900][gc,phases   ] GC(27)   Post Evacuate Collection Set: 0.9ms
[2022-01-07T02:52:18.187+0900][gc,phases   ] GC(27)   Other: 2.6ms
[2022-01-07T02:52:18.187+0900][gc,heap     ] GC(27) Eden regions: 608->0(44)
[2022-01-07T02:52:18.187+0900][gc,heap     ] GC(27) Survivor regions: 6->7(77)
[2022-01-07T02:52:18.187+0900][gc,heap     ] GC(27) Old regions: 88->88
[2022-01-07T02:52:18.187+0900][gc,heap     ] GC(27) Archive regions: 2->2
[2022-01-07T02:52:18.187+0900][gc,heap     ] GC(27) Humongous regions: 129->129
[2022-01-07T02:52:18.187+0900][gc,metaspace] GC(27) Metaspace: 42424K(43072K)->42424K(43072K) NonClass: 37231K(37568K)->37231K(37568K) Class: 5193K(5504K)->5193K(5504K)
[2022-01-07T02:52:18.187+0900][gc          ] GC(27) Pause Young (Normal) (G1 Evacuation Pause) 831M->223M(1024M) 26.803ms
[2022-01-07T02:52:18.187+0900][gc,cpu      ] GC(27) User=0.07s Sys=0.05s Real=0.02s
[2022-01-07T02:54:33.553+0900][gc,start    ] GC(28) Pause Young (Normal) (G1 Evacuation Pause)
[2022-01-07T02:54:33.554+0900][gc,task     ] GC(28) Using 8 workers of 8 for evacuation
[2022-01-07T02:54:33.564+0900][gc,phases   ] GC(28)   Pre Evacuate Collection Set: 0.2ms
[2022-01-07T02:54:33.564+0900][gc,phases   ] GC(28)   Merge Heap Roots: 0.2ms
[2022-01-07T02:54:33.564+0900][gc,phases   ] GC(28)   Evacuate Collection Set: 8.3ms
[2022-01-07T02:54:33.564+0900][gc,phases   ] GC(28)   Post Evacuate Collection Set: 0.5ms
[2022-01-07T02:54:33.564+0900][gc,phases   ] GC(28)   Other: 1.6ms
[2022-01-07T02:54:33.564+0900][gc,heap     ] GC(28) Eden regions: 44->0(124)
[2022-01-07T02:54:33.564+0900][gc,heap     ] GC(28) Survivor regions: 7->4(7)
[2022-01-07T02:54:33.564+0900][gc,heap     ] GC(28) Old regions: 88->91
[2022-01-07T02:54:33.564+0900][gc,heap     ] GC(28) Archive regions: 2->2
[2022-01-07T02:54:33.564+0900][gc,heap     ] GC(28) Humongous regions: 129->129
[2022-01-07T02:54:33.564+0900][gc,metaspace] GC(28) Metaspace: 42425K(43072K)->42425K(43072K) NonClass: 37232K(37568K)->37232K(37568K) Class: 5193K(5504K)->5193K(5504K)
[2022-01-07T02:54:33.564+0900][gc          ] GC(28) Pause Young (Normal) (G1 Evacuation Pause) 267M->223M(1024M) 11.008ms
[2022-01-07T02:54:33.564+0900][gc,cpu      ] GC(28) User=0.06s Sys=0.00s Real=0.01s
[2022-01-07T03:01:00.561+0900][gc,start    ] GC(29) Pause Young (Normal) (G1 Evacuation Pause)
[2022-01-07T03:01:00.563+0900][gc,task     ] GC(29) Using 8 workers of 8 for evacuation
[2022-01-07T03:01:00.570+0900][gc,phases   ] GC(29)   Pre Evacuate Collection Set: 0.3ms
[2022-01-07T03:01:00.570+0900][gc,phases   ] GC(29)   Merge Heap Roots: 0.2ms
[2022-01-07T03:01:00.570+0900][gc,phases   ] GC(29)   Evacuate Collection Set: 5.9ms
[2022-01-07T03:01:00.570+0900][gc,phases   ] GC(29)   Post Evacuate Collection Set: 0.7ms
[2022-01-07T03:01:00.570+0900][gc,phases   ] GC(29)   Other: 2.1ms
[2022-01-07T03:01:00.570+0900][gc,heap     ] GC(29) Eden regions: 124->0(343)
[2022-01-07T03:01:00.570+0900][gc,heap     ] GC(29) Survivor regions: 4->5(16)
[2022-01-07T03:01:00.570+0900][gc,heap     ] GC(29) Old regions: 91->91
[2022-01-07T03:01:00.570+0900][gc,heap     ] GC(29) Archive regions: 2->2
[2022-01-07T03:01:00.570+0900][gc,heap     ] GC(29) Humongous regions: 129->129
[2022-01-07T03:01:00.571+0900][gc,metaspace] GC(29) Metaspace: 42441K(43136K)->42441K(43136K) NonClass: 37248K(37632K)->37248K(37632K) Class: 5193K(5504K)->5193K(5504K)
[2022-01-07T03:01:00.571+0900][gc          ] GC(29) Pause Young (Normal) (G1 Evacuation Pause) 347M->224M(1024M) 9.512ms
[2022-01-07T03:01:00.571+0900][gc,cpu      ] GC(29) User=0.04s Sys=0.01s Real=0.01s
[2022-01-07T03:18:56.062+0900][gc,start    ] GC(30) Pause Young (Normal) (G1 Evacuation Pause)
[2022-01-07T03:18:56.063+0900][gc,task     ] GC(30) Using 8 workers of 8 for evacuation
[2022-01-07T03:18:56.065+0900][gc,phases   ] GC(30)   Pre Evacuate Collection Set: 0.1ms
[2022-01-07T03:18:56.065+0900][gc,phases   ] GC(30)   Merge Heap Roots: 0.1ms
[2022-01-07T03:18:56.065+0900][gc,phases   ] GC(30)   Evacuate Collection Set: 1.8ms
[2022-01-07T03:18:56.065+0900][gc,phases   ] GC(30)   Post Evacuate Collection Set: 0.4ms
[2022-01-07T03:18:56.065+0900][gc,phases   ] GC(30)   Other: 1.1ms
[2022-01-07T03:18:56.065+0900][gc,heap     ] GC(30) Eden regions: 343->0(610)
[2022-01-07T03:18:56.065+0900][gc,heap     ] GC(30) Survivor regions: 5->4(44)
[2022-01-07T03:18:56.065+0900][gc,heap     ] GC(30) Old regions: 91->91
[2022-01-07T03:18:56.065+0900][gc,heap     ] GC(30) Archive regions: 2->2
[2022-01-07T03:18:56.065+0900][gc,heap     ] GC(30) Humongous regions: 129->129
[2022-01-07T03:18:56.065+0900][gc,metaspace] GC(30) Metaspace: 42451K(43136K)->42451K(43136K) NonClass: 37258K(37632K)->37258K(37632K) Class: 5193K(5504K)->5193K(5504K)
[2022-01-07T03:18:56.065+0900][gc          ] GC(30) Pause Young (Normal) (G1 Evacuation Pause) 567M->224M(1024M) 3.631ms
[2022-01-07T03:18:56.065+0900][gc,cpu      ] GC(30) User=0.02s Sys=0.00s Real=0.00s
[2022-01-07T03:50:53.909+0900][gc,start    ] GC(31) Pause Young (Normal) (G1 Evacuation Pause)
[2022-01-07T03:50:53.910+0900][gc,task     ] GC(31) Using 8 workers of 8 for evacuation
[2022-01-07T03:50:53.917+0900][gc,phases   ] GC(31)   Pre Evacuate Collection Set: 0.3ms
[2022-01-07T03:50:53.917+0900][gc,phases   ] GC(31)   Merge Heap Roots: 0.5ms
[2022-01-07T03:50:53.917+0900][gc,phases   ] GC(31)   Evacuate Collection Set: 4.6ms
[2022-01-07T03:50:53.917+0900][gc,phases   ] GC(31)   Post Evacuate Collection Set: 1.0ms
[2022-01-07T03:50:53.917+0900][gc,phases   ] GC(31)   Other: 1.7ms
[2022-01-07T03:50:53.917+0900][gc,heap     ] GC(31) Eden regions: 610->0(610)
[2022-01-07T03:50:53.917+0900][gc,heap     ] GC(31) Survivor regions: 4->4(77)
[2022-01-07T03:50:53.917+0900][gc,heap     ] GC(31) Old regions: 91->91
[2022-01-07T03:50:53.917+0900][gc,heap     ] GC(31) Archive regions: 2->2
[2022-01-07T03:50:53.917+0900][gc,heap     ] GC(31) Humongous regions: 129->129
[2022-01-07T03:50:53.917+0900][gc,metaspace] GC(31) Metaspace: 42456K(43136K)->42456K(43136K) NonClass: 37263K(37632K)->37263K(37632K) Class: 5193K(5504K)->5193K(5504K)
[2022-01-07T03:50:53.917+0900][gc          ] GC(31) Pause Young (Normal) (G1 Evacuation Pause) 834M->223M(1024M) 8.493ms
[2022-01-07T03:50:53.917+0900][gc,cpu      ] GC(31) User=0.04s Sys=0.01s Real=0.01s
[2022-01-07T04:22:46.401+0900][gc,start    ] GC(32) Pause Young (Normal) (G1 Evacuation Pause)
[2022-01-07T04:22:46.401+0900][gc,task     ] GC(32) Using 8 workers of 8 for evacuation
[2022-01-07T04:22:46.411+0900][gc,phases   ] GC(32)   Pre Evacuate Collection Set: 0.3ms
[2022-01-07T04:22:46.411+0900][gc,phases   ] GC(32)   Merge Heap Roots: 0.2ms
[2022-01-07T04:22:46.411+0900][gc,phases   ] GC(32)   Evacuate Collection Set: 8.1ms
[2022-01-07T04:22:46.411+0900][gc,phases   ] GC(32)   Post Evacuate Collection Set: 0.9ms
[2022-01-07T04:22:46.411+0900][gc,phases   ] GC(32)   Other: 1.0ms
[2022-01-07T04:22:46.411+0900][gc,heap     ] GC(32) Eden regions: 610->0(609)
[2022-01-07T04:22:46.412+0900][gc,heap     ] GC(32) Survivor regions: 4->5(77)
[2022-01-07T04:22:46.412+0900][gc,heap     ] GC(32) Old regions: 91->91
[2022-01-07T04:22:46.412+0900][gc,heap     ] GC(32) Archive regions: 2->2
[2022-01-07T04:22:46.412+0900][gc,heap     ] GC(32) Humongous regions: 129->129
[2022-01-07T04:22:46.412+0900][gc,metaspace] GC(32) Metaspace: 42461K(43136K)->42461K(43136K) NonClass: 37268K(37632K)->37268K(37632K) Class: 5193K(5504K)->5193K(5504K)
[2022-01-07T04:22:46.412+0900][gc          ] GC(32) Pause Young (Normal) (G1 Evacuation Pause) 833M->224M(1024M) 10.973ms
[2022-01-07T04:22:46.412+0900][gc,cpu      ] GC(32) User=0.04s Sys=0.01s Real=0.01s
[2022-01-07T04:54:31.518+0900][gc,start    ] GC(33) Pause Young (Normal) (G1 Evacuation Pause)
[2022-01-07T04:54:31.519+0900][gc,task     ] GC(33) Using 8 workers of 8 for evacuation
[2022-01-07T04:54:31.526+0900][gc,phases   ] GC(33)   Pre Evacuate Collection Set: 0.5ms
[2022-01-07T04:54:31.526+0900][gc,phases   ] GC(33)   Merge Heap Roots: 0.4ms
[2022-01-07T04:54:31.527+0900][gc,phases   ] GC(33)   Evacuate Collection Set: 5.0ms
[2022-01-07T04:54:31.527+0900][gc,phases   ] GC(33)   Post Evacuate Collection Set: 1.0ms
[2022-01-07T04:54:31.527+0900][gc,phases   ] GC(33)   Other: 1.7ms
[2022-01-07T04:54:31.527+0900][gc,heap     ] GC(33) Eden regions: 609->0(610)
[2022-01-07T04:54:31.527+0900][gc,heap     ] GC(33) Survivor regions: 5->4(77)
[2022-01-07T04:54:31.527+0900][gc,heap     ] GC(33) Old regions: 91->91
[2022-01-07T04:54:31.527+0900][gc,heap     ] GC(33) Archive regions: 2->2
[2022-01-07T04:54:31.527+0900][gc,heap     ] GC(33) Humongous regions: 129->129
[2022-01-07T04:54:31.527+0900][gc,metaspace] GC(33) Metaspace: 42480K(43136K)->42480K(43136K) NonClass: 37287K(37632K)->37287K(37632K) Class: 5193K(5504K)->5193K(5504K)
[2022-01-07T04:54:31.527+0900][gc          ] GC(33) Pause Young (Normal) (G1 Evacuation Pause) 833M->223M(1024M) 9.016ms
[2022-01-07T04:54:31.527+0900][gc,cpu      ] GC(33) User=0.04s Sys=0.01s Real=0.01s
[2022-01-07T05:26:31.280+0900][gc,start    ] GC(34) Pause Young (Normal) (G1 Evacuation Pause)
[2022-01-07T05:26:31.281+0900][gc,task     ] GC(34) Using 8 workers of 8 for evacuation
[2022-01-07T05:26:31.289+0900][gc,phases   ] GC(34)   Pre Evacuate Collection Set: 0.3ms
[2022-01-07T05:26:31.289+0900][gc,phases   ] GC(34)   Merge Heap Roots: 0.3ms
[2022-01-07T05:26:31.289+0900][gc,phases   ] GC(34)   Evacuate Collection Set: 6.0ms
[2022-01-07T05:26:31.289+0900][gc,phases   ] GC(34)   Post Evacuate Collection Set: 1.1ms
[2022-01-07T05:26:31.289+0900][gc,phases   ] GC(34)   Other: 1.5ms
[2022-01-07T05:26:31.289+0900][gc,heap     ] GC(34) Eden regions: 610->0(611)
[2022-01-07T05:26:31.289+0900][gc,heap     ] GC(34) Survivor regions: 4->3(77)
[2022-01-07T05:26:31.289+0900][gc,heap     ] GC(34) Old regions: 91->91
[2022-01-07T05:26:31.289+0900][gc,heap     ] GC(34) Archive regions: 2->2
[2022-01-07T05:26:31.289+0900][gc,heap     ] GC(34) Humongous regions: 129->129
[2022-01-07T05:26:31.289+0900][gc,metaspace] GC(34) Metaspace: 42501K(43136K)->42501K(43136K) NonClass: 37308K(37632K)->37308K(37632K) Class: 5193K(5504K)->5193K(5504K)
[2022-01-07T05:26:31.289+0900][gc          ] GC(34) Pause Young (Normal) (G1 Evacuation Pause) 833M->222M(1024M) 9.492ms
[2022-01-07T05:26:31.289+0900][gc,cpu      ] GC(34) User=0.03s Sys=0.01s Real=0.00s
[2022-01-07T05:58:20.889+0900][gc,start    ] GC(35) Pause Young (Normal) (G1 Evacuation Pause)
[2022-01-07T05:58:20.890+0900][gc,task     ] GC(35) Using 8 workers of 8 for evacuation
[2022-01-07T05:58:20.898+0900][gc,phases   ] GC(35)   Pre Evacuate Collection Set: 0.3ms
[2022-01-07T05:58:20.898+0900][gc,phases   ] GC(35)   Merge Heap Roots: 0.3ms
[2022-01-07T05:58:20.898+0900][gc,phases   ] GC(35)   Evacuate Collection Set: 5.1ms
[2022-01-07T05:58:20.898+0900][gc,phases   ] GC(35)   Post Evacuate Collection Set: 1.2ms
[2022-01-07T05:58:20.898+0900][gc,phases   ] GC(35)   Other: 1.7ms
[2022-01-07T05:58:20.898+0900][gc,heap     ] GC(35) Eden regions: 611->0(610)
[2022-01-07T05:58:20.898+0900][gc,heap     ] GC(35) Survivor regions: 3->4(77)
[2022-01-07T05:58:20.898+0900][gc,heap     ] GC(35) Old regions: 91->91
[2022-01-07T05:58:20.898+0900][gc,heap     ] GC(35) Archive regions: 2->2
[2022-01-07T05:58:20.898+0900][gc,heap     ] GC(35) Humongous regions: 129->129
[2022-01-07T05:58:20.898+0900][gc,metaspace] GC(35) Metaspace: 42502K(43136K)->42502K(43136K) NonClass: 37309K(37632K)->37309K(37632K) Class: 5193K(5504K)->5193K(5504K)
[2022-01-07T05:58:20.898+0900][gc          ] GC(35) Pause Young (Normal) (G1 Evacuation Pause) 833M->223M(1024M) 8.899ms
[2022-01-07T05:58:20.898+0900][gc,cpu      ] GC(35) User=0.04s Sys=0.00s Real=0.01s
[2022-01-07T06:30:23.423+0900][gc,start    ] GC(36) Pause Young (Normal) (G1 Evacuation Pause)
[2022-01-07T06:30:23.424+0900][gc,task     ] GC(36) Using 8 workers of 8 for evacuation
[2022-01-07T06:30:23.433+0900][gc,phases   ] GC(36)   Pre Evacuate Collection Set: 0.4ms
[2022-01-07T06:30:23.433+0900][gc,phases   ] GC(36)   Merge Heap Roots: 0.3ms
[2022-01-07T06:30:23.433+0900][gc,phases   ] GC(36)   Evacuate Collection Set: 6.8ms
[2022-01-07T06:30:23.433+0900][gc,phases   ] GC(36)   Post Evacuate Collection Set: 0.8ms
[2022-01-07T06:30:23.433+0900][gc,phases   ] GC(36)   Other: 1.7ms
[2022-01-07T06:30:23.433+0900][gc,heap     ] GC(36) Eden regions: 610->0(610)
[2022-01-07T06:30:23.433+0900][gc,heap     ] GC(36) Survivor regions: 4->4(77)
[2022-01-07T06:30:23.433+0900][gc,heap     ] GC(36) Old regions: 91->91
[2022-01-07T06:30:23.433+0900][gc,heap     ] GC(36) Archive regions: 2->2
[2022-01-07T06:30:23.433+0900][gc,heap     ] GC(36) Humongous regions: 129->129
[2022-01-07T06:30:23.433+0900][gc,metaspace] GC(36) Metaspace: 42505K(43136K)->42505K(43136K) NonClass: 37312K(37632K)->37312K(37632K) Class: 5193K(5504K)->5193K(5504K)
[2022-01-07T06:30:23.433+0900][gc          ] GC(36) Pause Young (Normal) (G1 Evacuation Pause) 833M->223M(1024M) 10.234ms
[2022-01-07T06:30:23.433+0900][gc,cpu      ] GC(36) User=0.04s Sys=0.01s Real=0.01s
[2022-01-07T07:02:13.390+0900][gc,start    ] GC(37) Pause Young (Normal) (G1 Evacuation Pause)
[2022-01-07T07:02:13.391+0900][gc,task     ] GC(37) Using 8 workers of 8 for evacuation
[2022-01-07T07:02:13.400+0900][gc,phases   ] GC(37)   Pre Evacuate Collection Set: 0.3ms
[2022-01-07T07:02:13.400+0900][gc,phases   ] GC(37)   Merge Heap Roots: 0.3ms
[2022-01-07T07:02:13.400+0900][gc,phases   ] GC(37)   Evacuate Collection Set: 7.8ms
[2022-01-07T07:02:13.401+0900][gc,phases   ] GC(37)   Post Evacuate Collection Set: 1.0ms
[2022-01-07T07:02:13.401+0900][gc,phases   ] GC(37)   Other: 1.6ms
[2022-01-07T07:02:13.401+0900][gc,heap     ] GC(37) Eden regions: 610->0(609)
[2022-01-07T07:02:13.401+0900][gc,heap     ] GC(37) Survivor regions: 4->5(77)
[2022-01-07T07:02:13.401+0900][gc,heap     ] GC(37) Old regions: 91->91
[2022-01-07T07:02:13.401+0900][gc,heap     ] GC(37) Archive regions: 2->2
[2022-01-07T07:02:13.401+0900][gc,heap     ] GC(37) Humongous regions: 129->129
[2022-01-07T07:02:13.401+0900][gc,metaspace] GC(37) Metaspace: 42506K(43136K)->42506K(43136K) NonClass: 37313K(37632K)->37313K(37632K) Class: 5193K(5504K)->5193K(5504K)
[2022-01-07T07:02:13.401+0900][gc          ] GC(37) Pause Young (Normal) (G1 Evacuation Pause) 833M->224M(1024M) 11.156ms
[2022-01-07T07:02:13.401+0900][gc,cpu      ] GC(37) User=0.05s Sys=0.01s Real=0.01s
[2022-01-07T07:34:08.343+0900][gc,start    ] GC(38) Pause Young (Normal) (G1 Evacuation Pause)
[2022-01-07T07:34:08.345+0900][gc,task     ] GC(38) Using 8 workers of 8 for evacuation
[2022-01-07T07:34:08.353+0900][gc,phases   ] GC(38)   Pre Evacuate Collection Set: 0.4ms
[2022-01-07T07:34:08.353+0900][gc,phases   ] GC(38)   Merge Heap Roots: 0.5ms
[2022-01-07T07:34:08.353+0900][gc,phases   ] GC(38)   Evacuate Collection Set: 5.6ms
[2022-01-07T07:34:08.353+0900][gc,phases   ] GC(38)   Post Evacuate Collection Set: 1.0ms
[2022-01-07T07:34:08.353+0900][gc,phases   ] GC(38)   Other: 2.3ms
[2022-01-07T07:34:08.353+0900][gc,heap     ] GC(38) Eden regions: 609->0(610)
[2022-01-07T07:34:08.353+0900][gc,heap     ] GC(38) Survivor regions: 5->4(77)
[2022-01-07T07:34:08.353+0900][gc,heap     ] GC(38) Old regions: 91->91
[2022-01-07T07:34:08.353+0900][gc,heap     ] GC(38) Archive regions: 2->2
[2022-01-07T07:34:08.353+0900][gc,heap     ] GC(38) Humongous regions: 129->129
[2022-01-07T07:34:08.353+0900][gc,metaspace] GC(38) Metaspace: 42520K(43136K)->42520K(43136K) NonClass: 37326K(37632K)->37326K(37632K) Class: 5193K(5504K)->5193K(5504K)
[2022-01-07T07:34:08.354+0900][gc          ] GC(38) Pause Young (Normal) (G1 Evacuation Pause) 833M->223M(1024M) 10.146ms
[2022-01-07T07:34:08.354+0900][gc,cpu      ] GC(38) User=0.03s Sys=0.01s Real=0.01s
[2022-01-07T08:05:59.047+0900][gc,start    ] GC(39) Pause Young (Normal) (G1 Evacuation Pause)
[2022-01-07T08:05:59.048+0900][gc,task     ] GC(39) Using 8 workers of 8 for evacuation
[2022-01-07T08:05:59.057+0900][gc,phases   ] GC(39)   Pre Evacuate Collection Set: 0.3ms
[2022-01-07T08:05:59.057+0900][gc,phases   ] GC(39)   Merge Heap Roots: 0.4ms
[2022-01-07T08:05:59.057+0900][gc,phases   ] GC(39)   Evacuate Collection Set: 6.9ms
[2022-01-07T08:05:59.057+0900][gc,phases   ] GC(39)   Post Evacuate Collection Set: 0.9ms
[2022-01-07T08:05:59.057+0900][gc,phases   ] GC(39)   Other: 1.1ms
[2022-01-07T08:05:59.057+0900][gc,heap     ] GC(39) Eden regions: 610->0(609)
[2022-01-07T08:05:59.057+0900][gc,heap     ] GC(39) Survivor regions: 4->5(77)
[2022-01-07T08:05:59.057+0900][gc,heap     ] GC(39) Old regions: 91->91
[2022-01-07T08:05:59.057+0900][gc,heap     ] GC(39) Archive regions: 2->2
[2022-01-07T08:05:59.057+0900][gc,heap     ] GC(39) Humongous regions: 129->129
[2022-01-07T08:05:59.057+0900][gc,metaspace] GC(39) Metaspace: 42520K(43136K)->42520K(43136K) NonClass: 37327K(37632K)->37327K(37632K) Class: 5193K(5504K)->5193K(5504K)
[2022-01-07T08:05:59.057+0900][gc          ] GC(39) Pause Young (Normal) (G1 Evacuation Pause) 833M->224M(1024M) 9.875ms
[2022-01-07T08:05:59.057+0900][gc,cpu      ] GC(39) User=0.05s Sys=0.01s Real=0.01s
[2022-01-07T08:37:57.995+0900][gc,start    ] GC(40) Pause Young (Normal) (G1 Evacuation Pause)
[2022-01-07T08:37:57.996+0900][gc,task     ] GC(40) Using 8 workers of 8 for evacuation
[2022-01-07T08:37:58.003+0900][gc,phases   ] GC(40)   Pre Evacuate Collection Set: 0.4ms
[2022-01-07T08:37:58.003+0900][gc,phases   ] GC(40)   Merge Heap Roots: 0.2ms
[2022-01-07T08:37:58.003+0900][gc,phases   ] GC(40)   Evacuate Collection Set: 5.3ms
[2022-01-07T08:37:58.003+0900][gc,phases   ] GC(40)   Post Evacuate Collection Set: 0.9ms
[2022-01-07T08:37:58.003+0900][gc,phases   ] GC(40)   Other: 1.5ms
[2022-01-07T08:37:58.003+0900][gc,heap     ] GC(40) Eden regions: 609->0(610)
[2022-01-07T08:37:58.003+0900][gc,heap     ] GC(40) Survivor regions: 5->4(77)
[2022-01-07T08:37:58.003+0900][gc,heap     ] GC(40) Old regions: 91->91
[2022-01-07T08:37:58.004+0900][gc,heap     ] GC(40) Archive regions: 2->2
[2022-01-07T08:37:58.004+0900][gc,heap     ] GC(40) Humongous regions: 129->129
[2022-01-07T08:37:58.004+0900][gc,metaspace] GC(40) Metaspace: 42523K(43200K)->42523K(43200K) NonClass: 37330K(37696K)->37330K(37696K) Class: 5193K(5504K)->5193K(5504K)
[2022-01-07T08:37:58.004+0900][gc          ] GC(40) Pause Young (Normal) (G1 Evacuation Pause) 833M->224M(1024M) 8.560ms
[2022-01-07T08:37:58.004+0900][gc,cpu      ] GC(40) User=0.04s Sys=0.01s Real=0.01s
[2022-01-07T09:09:45.271+0900][gc,start    ] GC(41) Pause Young (Normal) (G1 Evacuation Pause)
[2022-01-07T09:09:45.273+0900][gc,task     ] GC(41) Using 8 workers of 8 for evacuation
[2022-01-07T09:09:45.301+0900][gc,mmu      ] GC(41) MMU target violated: 21.0ms (20.0ms/21.0ms)
[2022-01-07T09:09:45.301+0900][gc,phases   ] GC(41)   Pre Evacuate Collection Set: 2.7ms
[2022-01-07T09:09:45.301+0900][gc,phases   ] GC(41)   Merge Heap Roots: 0.7ms
[2022-01-07T09:09:45.301+0900][gc,phases   ] GC(41)   Evacuate Collection Set: 21.9ms
[2022-01-07T09:09:45.301+0900][gc,phases   ] GC(41)   Post Evacuate Collection Set: 2.1ms
[2022-01-07T09:09:45.301+0900][gc,phases   ] GC(41)   Other: 3.1ms
[2022-01-07T09:09:45.301+0900][gc,heap     ] GC(41) Eden regions: 610->0(609)
[2022-01-07T09:09:45.301+0900][gc,heap     ] GC(41) Survivor regions: 4->5(77)
[2022-01-07T09:09:45.301+0900][gc,heap     ] GC(41) Old regions: 91->91
[2022-01-07T09:09:45.301+0900][gc,heap     ] GC(41) Archive regions: 2->2
[2022-01-07T09:09:45.301+0900][gc,heap     ] GC(41) Humongous regions: 129->129
[2022-01-07T09:09:45.301+0900][gc,metaspace] GC(41) Metaspace: 42525K(43200K)->42525K(43200K) NonClass: 37332K(37696K)->37332K(37696K) Class: 5193K(5504K)->5193K(5504K)
[2022-01-07T09:09:45.301+0900][gc          ] GC(41) Pause Young (Normal) (G1 Evacuation Pause) 834M->224M(1024M) 30.343ms
[2022-01-07T09:09:45.301+0900][gc,cpu      ] GC(41) User=0.04s Sys=0.08s Real=0.03s
[2022-01-07T09:41:36.986+0900][gc,start    ] GC(42) Pause Young (Normal) (G1 Evacuation Pause)
[2022-01-07T09:41:36.987+0900][gc,task     ] GC(42) Using 8 workers of 8 for evacuation
[2022-01-07T09:41:36.999+0900][gc,phases   ] GC(42)   Pre Evacuate Collection Set: 0.3ms
[2022-01-07T09:41:37.000+0900][gc,phases   ] GC(42)   Merge Heap Roots: 0.2ms
[2022-01-07T09:41:37.000+0900][gc,phases   ] GC(42)   Evacuate Collection Set: 10.6ms
[2022-01-07T09:41:37.000+0900][gc,phases   ] GC(42)   Post Evacuate Collection Set: 0.8ms
[2022-01-07T09:41:37.000+0900][gc,phases   ] GC(42)   Other: 1.3ms
[2022-01-07T09:41:37.000+0900][gc,heap     ] GC(42) Eden regions: 609->0(610)
[2022-01-07T09:41:37.000+0900][gc,heap     ] GC(42) Survivor regions: 5->4(77)
[2022-01-07T09:41:37.000+0900][gc,heap     ] GC(42) Old regions: 91->91
[2022-01-07T09:41:37.000+0900][gc,heap     ] GC(42) Archive regions: 2->2
[2022-01-07T09:41:37.000+0900][gc,heap     ] GC(42) Humongous regions: 129->129
[2022-01-07T09:41:37.000+0900][gc,metaspace] GC(42) Metaspace: 42543K(43264K)->42543K(43264K) NonClass: 37349K(37760K)->37349K(37760K) Class: 5193K(5504K)->5193K(5504K)
[2022-01-07T09:41:37.000+0900][gc          ] GC(42) Pause Young (Normal) (G1 Evacuation Pause) 833M->224M(1024M) 13.356ms
[2022-01-07T09:41:37.000+0900][gc,cpu      ] GC(42) User=0.03s Sys=0.02s Real=0.02s
[2022-01-07T10:13:18.065+0900][gc,start    ] GC(43) Pause Young (Normal) (G1 Evacuation Pause)
[2022-01-07T10:13:18.066+0900][gc,task     ] GC(43) Using 8 workers of 8 for evacuation
[2022-01-07T10:13:18.087+0900][gc,mmu      ] GC(43) MMU target violated: 20.2ms (20.0ms/21.0ms)
[2022-01-07T10:13:18.087+0900][gc,phases   ] GC(43)   Pre Evacuate Collection Set: 0.3ms
[2022-01-07T10:13:18.087+0900][gc,phases   ] GC(43)   Merge Heap Roots: 0.6ms
[2022-01-07T10:13:18.087+0900][gc,phases   ] GC(43)   Evacuate Collection Set: 17.7ms
[2022-01-07T10:13:18.087+0900][gc,phases   ] GC(43)   Post Evacuate Collection Set: 1.6ms
[2022-01-07T10:13:18.087+0900][gc,phases   ] GC(43)   Other: 2.0ms
[2022-01-07T10:13:18.087+0900][gc,heap     ] GC(43) Eden regions: 610->0(609)
[2022-01-07T10:13:18.087+0900][gc,heap     ] GC(43) Survivor regions: 4->5(77)
[2022-01-07T10:13:18.087+0900][gc,heap     ] GC(43) Old regions: 91->91
[2022-01-07T10:13:18.087+0900][gc,heap     ] GC(43) Archive regions: 2->2
[2022-01-07T10:13:18.087+0900][gc,heap     ] GC(43) Humongous regions: 129->129
[2022-01-07T10:13:18.087+0900][gc,metaspace] GC(43) Metaspace: 42545K(43264K)->42545K(43264K) NonClass: 37352K(37760K)->37352K(37760K) Class: 5193K(5504K)->5193K(5504K)
[2022-01-07T10:13:18.087+0900][gc          ] GC(43) Pause Young (Normal) (G1 Evacuation Pause) 834M->224M(1024M) 22.295ms
[2022-01-07T10:13:18.087+0900][gc,cpu      ] GC(43) User=0.05s Sys=0.05s Real=0.02s
[2022-01-07T10:45:08.079+0900][gc,start    ] GC(44) Pause Young (Normal) (G1 Evacuation Pause)
[2022-01-07T10:45:08.079+0900][gc,task     ] GC(44) Using 8 workers of 8 for evacuation
[2022-01-07T10:45:08.094+0900][gc,phases   ] GC(44)   Pre Evacuate Collection Set: 0.7ms
[2022-01-07T10:45:08.094+0900][gc,phases   ] GC(44)   Merge Heap Roots: 0.2ms
[2022-01-07T10:45:08.094+0900][gc,phases   ] GC(44)   Evacuate Collection Set: 12.2ms
[2022-01-07T10:45:08.094+0900][gc,phases   ] GC(44)   Post Evacuate Collection Set: 1.5ms
[2022-01-07T10:45:08.094+0900][gc,phases   ] GC(44)   Other: 0.7ms
[2022-01-07T10:45:08.094+0900][gc,heap     ] GC(44) Eden regions: 609->0(610)
[2022-01-07T10:45:08.094+0900][gc,heap     ] GC(44) Survivor regions: 5->4(77)
[2022-01-07T10:45:08.094+0900][gc,heap     ] GC(44) Old regions: 91->91
[2022-01-07T10:45:08.094+0900][gc,heap     ] GC(44) Archive regions: 2->2
[2022-01-07T10:45:08.094+0900][gc,heap     ] GC(44) Humongous regions: 129->129
[2022-01-07T10:45:08.094+0900][gc,metaspace] GC(44) Metaspace: 42545K(43264K)->42545K(43264K) NonClass: 37352K(37760K)->37352K(37760K) Class: 5193K(5504K)->5193K(5504K)
[2022-01-07T10:45:08.094+0900][gc          ] GC(44) Pause Young (Normal) (G1 Evacuation Pause) 833M->224M(1024M) 15.364ms
[2022-01-07T10:45:08.094+0900][gc,cpu      ] GC(44) User=0.02s Sys=0.04s Real=0.02s
[2022-01-07T11:16:54.421+0900][gc,start    ] GC(45) Pause Young (Normal) (G1 Evacuation Pause)
[2022-01-07T11:16:54.422+0900][gc,task     ] GC(45) Using 8 workers of 8 for evacuation
[2022-01-07T11:16:54.449+0900][gc,mmu      ] GC(45) MMU target violated: 21.0ms (20.0ms/21.0ms)
[2022-01-07T11:16:54.449+0900][gc,phases   ] GC(45)   Pre Evacuate Collection Set: 2.7ms
[2022-01-07T11:16:54.449+0900][gc,phases   ] GC(45)   Merge Heap Roots: 1.5ms
[2022-01-07T11:16:54.449+0900][gc,phases   ] GC(45)   Evacuate Collection Set: 21.9ms
[2022-01-07T11:16:54.449+0900][gc,phases   ] GC(45)   Post Evacuate Collection Set: 0.6ms
[2022-01-07T11:16:54.449+0900][gc,phases   ] GC(45)   Other: 1.6ms
[2022-01-07T11:16:54.449+0900][gc,heap     ] GC(45) Eden regions: 610->0(392)
[2022-01-07T11:16:54.449+0900][gc,heap     ] GC(45) Survivor regions: 4->5(77)
[2022-01-07T11:16:54.449+0900][gc,heap     ] GC(45) Old regions: 91->91
[2022-01-07T11:16:54.449+0900][gc,heap     ] GC(45) Archive regions: 2->2
[2022-01-07T11:16:54.449+0900][gc,heap     ] GC(45) Humongous regions: 129->129
[2022-01-07T11:16:54.449+0900][gc,metaspace] GC(45) Metaspace: 42548K(43264K)->42548K(43264K) NonClass: 37354K(37760K)->37354K(37760K) Class: 5193K(5504K)->5193K(5504K)
[2022-01-07T11:16:54.450+0900][gc          ] GC(45) Pause Young (Normal) (G1 Evacuation Pause) 834M->225M(1024M) 29.293ms
[2022-01-07T11:16:54.450+0900][gc,cpu      ] GC(45) User=0.04s Sys=0.05s Real=0.03s
[2022-01-07T11:37:26.753+0900][gc,start    ] GC(46) Pause Young (Normal) (G1 Evacuation Pause)
[2022-01-07T11:37:26.754+0900][gc,task     ] GC(46) Using 8 workers of 8 for evacuation
[2022-01-07T11:37:26.762+0900][gc,phases   ] GC(46)   Pre Evacuate Collection Set: 0.3ms
[2022-01-07T11:37:26.762+0900][gc,phases   ] GC(46)   Merge Heap Roots: 0.2ms
[2022-01-07T11:37:26.762+0900][gc,phases   ] GC(46)   Evacuate Collection Set: 6.0ms
[2022-01-07T11:37:26.762+0900][gc,phases   ] GC(46)   Post Evacuate Collection Set: 0.7ms
[2022-01-07T11:37:26.762+0900][gc,phases   ] GC(46)   Other: 1.2ms
[2022-01-07T11:37:26.762+0900][gc,heap     ] GC(46) Eden regions: 392->0(609)
[2022-01-07T11:37:26.762+0900][gc,heap     ] GC(46) Survivor regions: 5->5(50)
[2022-01-07T11:37:26.762+0900][gc,heap     ] GC(46) Old regions: 91->91
[2022-01-07T11:37:26.762+0900][gc,heap     ] GC(46) Archive regions: 2->2
[2022-01-07T11:37:26.762+0900][gc,heap     ] GC(46) Humongous regions: 129->129
[2022-01-07T11:37:26.762+0900][gc,metaspace] GC(46) Metaspace: 42555K(43264K)->42555K(43264K) NonClass: 37362K(37760K)->37362K(37760K) Class: 5193K(5504K)->5193K(5504K)
[2022-01-07T11:37:26.762+0900][gc          ] GC(46) Pause Young (Normal) (G1 Evacuation Pause) 617M->225M(1024M) 8.615ms
[2022-01-07T11:37:26.762+0900][gc,cpu      ] GC(46) User=0.04s Sys=0.00s Real=0.01s
[2022-01-07T12:09:07.130+0900][gc,start    ] GC(47) Pause Young (Normal) (G1 Evacuation Pause)
[2022-01-07T12:09:07.131+0900][gc,task     ] GC(47) Using 8 workers of 8 for evacuation
[2022-01-07T12:09:07.144+0900][gc,phases   ] GC(47)   Pre Evacuate Collection Set: 2.4ms
[2022-01-07T12:09:07.145+0900][gc,phases   ] GC(47)   Merge Heap Roots: 0.4ms
[2022-01-07T12:09:07.145+0900][gc,phases   ] GC(47)   Evacuate Collection Set: 8.1ms
[2022-01-07T12:09:07.145+0900][gc,phases   ] GC(47)   Post Evacuate Collection Set: 2.0ms
[2022-01-07T12:09:07.145+0900][gc,phases   ] GC(47)   Other: 2.0ms
[2022-01-07T12:09:07.145+0900][gc,heap     ] GC(47) Eden regions: 609->0(610)
[2022-01-07T12:09:07.145+0900][gc,heap     ] GC(47) Survivor regions: 5->4(77)
[2022-01-07T12:09:07.145+0900][gc,heap     ] GC(47) Old regions: 91->91
[2022-01-07T12:09:07.145+0900][gc,heap     ] GC(47) Archive regions: 2->2
[2022-01-07T12:09:07.145+0900][gc,heap     ] GC(47) Humongous regions: 129->129
[2022-01-07T12:09:07.145+0900][gc,metaspace] GC(47) Metaspace: 42556K(43264K)->42556K(43264K) NonClass: 37363K(37760K)->37363K(37760K) Class: 5193K(5504K)->5193K(5504K)
[2022-01-07T12:09:07.145+0900][gc          ] GC(47) Pause Young (Normal) (G1 Evacuation Pause) 834M->224M(1024M) 15.153ms
[2022-01-07T12:09:07.145+0900][gc,cpu      ] GC(47) User=0.03s Sys=0.03s Real=0.01s
[2022-01-07T12:41:05.301+0900][gc,start    ] GC(48) Pause Young (Normal) (G1 Evacuation Pause)
[2022-01-07T12:41:05.302+0900][gc,task     ] GC(48) Using 8 workers of 8 for evacuation
[2022-01-07T12:41:05.320+0900][gc,phases   ] GC(48)   Pre Evacuate Collection Set: 0.3ms
[2022-01-07T12:41:05.320+0900][gc,phases   ] GC(48)   Merge Heap Roots: 0.4ms
[2022-01-07T12:41:05.320+0900][gc,phases   ] GC(48)   Evacuate Collection Set: 15.3ms
[2022-01-07T12:41:05.320+0900][gc,phases   ] GC(48)   Post Evacuate Collection Set: 1.9ms
[2022-01-07T12:41:05.320+0900][gc,phases   ] GC(48)   Other: 1.6ms
[2022-01-07T12:41:05.320+0900][gc,heap     ] GC(48) Eden regions: 610->0(610)
[2022-01-07T12:41:05.321+0900][gc,heap     ] GC(48) Survivor regions: 4->4(77)
[2022-01-07T12:41:05.321+0900][gc,heap     ] GC(48) Old regions: 91->91
[2022-01-07T12:41:05.321+0900][gc,heap     ] GC(48) Archive regions: 2->2
[2022-01-07T12:41:05.321+0900][gc,heap     ] GC(48) Humongous regions: 129->129
[2022-01-07T12:41:05.321+0900][gc,metaspace] GC(48) Metaspace: 42557K(43264K)->42557K(43264K) NonClass: 37364K(37760K)->37364K(37760K) Class: 5193K(5504K)->5193K(5504K)
[2022-01-07T12:41:05.321+0900][gc          ] GC(48) Pause Young (Normal) (G1 Evacuation Pause) 834M->223M(1024M) 19.815ms
[2022-01-07T12:41:05.321+0900][gc,cpu      ] GC(48) User=0.04s Sys=0.02s Real=0.02s
[2022-01-07T13:12:56.974+0900][gc,start    ] GC(49) Pause Young (Normal) (G1 Evacuation Pause)
[2022-01-07T13:12:56.976+0900][gc,task     ] GC(49) Using 8 workers of 8 for evacuation
[2022-01-07T13:12:56.984+0900][gc,phases   ] GC(49)   Pre Evacuate Collection Set: 0.4ms
[2022-01-07T13:12:56.984+0900][gc,phases   ] GC(49)   Merge Heap Roots: 0.4ms
[2022-01-07T13:12:56.984+0900][gc,phases   ] GC(49)   Evacuate Collection Set: 5.8ms
[2022-01-07T13:12:56.984+0900][gc,phases   ] GC(49)   Post Evacuate Collection Set: 1.0ms
[2022-01-07T13:12:56.984+0900][gc,phases   ] GC(49)   Other: 2.0ms
[2022-01-07T13:12:56.984+0900][gc,heap     ] GC(49) Eden regions: 610->0(610)
[2022-01-07T13:12:56.984+0900][gc,heap     ] GC(49) Survivor regions: 4->4(77)
[2022-01-07T13:12:56.984+0900][gc,heap     ] GC(49) Old regions: 91->91
[2022-01-07T13:12:56.984+0900][gc,heap     ] GC(49) Archive regions: 2->2
[2022-01-07T13:12:56.984+0900][gc,heap     ] GC(49) Humongous regions: 129->129
[2022-01-07T13:12:56.984+0900][gc,metaspace] GC(49) Metaspace: 42557K(43264K)->42557K(43264K) NonClass: 37364K(37760K)->37364K(37760K) Class: 5193K(5504K)->5193K(5504K)
[2022-01-07T13:12:56.984+0900][gc          ] GC(49) Pause Young (Normal) (G1 Evacuation Pause) 833M->224M(1024M) 9.863ms
[2022-01-07T13:12:56.984+0900][gc,cpu      ] GC(49) User=0.05s Sys=0.00s Real=0.01s
[2022-01-07T13:44:58.488+0900][gc,start    ] GC(50) Pause Young (Normal) (G1 Evacuation Pause)
[2022-01-07T13:44:58.489+0900][gc,task     ] GC(50) Using 8 workers of 8 for evacuation
[2022-01-07T13:44:58.498+0900][gc,phases   ] GC(50)   Pre Evacuate Collection Set: 0.3ms
[2022-01-07T13:44:58.498+0900][gc,phases   ] GC(50)   Merge Heap Roots: 0.3ms
[2022-01-07T13:44:58.498+0900][gc,phases   ] GC(50)   Evacuate Collection Set: 7.2ms
[2022-01-07T13:44:58.498+0900][gc,phases   ] GC(50)   Post Evacuate Collection Set: 0.9ms
[2022-01-07T13:44:58.498+0900][gc,phases   ] GC(50)   Other: 0.9ms
[2022-01-07T13:44:58.498+0900][gc,heap     ] GC(50) Eden regions: 610->0(610)
[2022-01-07T13:44:58.498+0900][gc,heap     ] GC(50) Survivor regions: 4->4(77)
[2022-01-07T13:44:58.498+0900][gc,heap     ] GC(50) Old regions: 91->91
[2022-01-07T13:44:58.498+0900][gc,heap     ] GC(50) Archive regions: 2->2
[2022-01-07T13:44:58.498+0900][gc,heap     ] GC(50) Humongous regions: 129->129
[2022-01-07T13:44:58.498+0900][gc,metaspace] GC(50) Metaspace: 42566K(43264K)->42566K(43264K) NonClass: 37372K(37760K)->37372K(37760K) Class: 5193K(5504K)->5193K(5504K)
[2022-01-07T13:44:58.498+0900][gc          ] GC(50) Pause Young (Normal) (G1 Evacuation Pause) 834M->223M(1024M) 9.745ms
[2022-01-07T13:44:58.498+0900][gc,cpu      ] GC(50) User=0.04s Sys=0.00s Real=0.01s
[2022-01-07T14:16:47.055+0900][gc,start    ] GC(51) Pause Young (Normal) (G1 Evacuation Pause)
[2022-01-07T14:16:47.056+0900][gc,task     ] GC(51) Using 8 workers of 8 for evacuation
[2022-01-07T14:16:47.070+0900][gc,phases   ] GC(51)   Pre Evacuate Collection Set: 0.4ms
[2022-01-07T14:16:47.070+0900][gc,phases   ] GC(51)   Merge Heap Roots: 0.3ms
[2022-01-07T14:16:47.070+0900][gc,phases   ] GC(51)   Evacuate Collection Set: 10.4ms
[2022-01-07T14:16:47.070+0900][gc,phases   ] GC(51)   Post Evacuate Collection Set: 2.3ms
[2022-01-07T14:16:47.070+0900][gc,phases   ] GC(51)   Other: 1.7ms
[2022-01-07T14:16:47.070+0900][gc,heap     ] GC(51) Eden regions: 610->0(609)
[2022-01-07T14:16:47.070+0900][gc,heap     ] GC(51) Survivor regions: 4->5(77)
[2022-01-07T14:16:47.071+0900][gc,heap     ] GC(51) Old regions: 91->91
[2022-01-07T14:16:47.071+0900][gc,heap     ] GC(51) Archive regions: 2->2
[2022-01-07T14:16:47.071+0900][gc,heap     ] GC(51) Humongous regions: 129->129
[2022-01-07T14:16:47.071+0900][gc,metaspace] GC(51) Metaspace: 42567K(43264K)->42567K(43264K) NonClass: 37373K(37760K)->37373K(37760K) Class: 5193K(5504K)->5193K(5504K)
[2022-01-07T14:16:47.071+0900][gc          ] GC(51) Pause Young (Normal) (G1 Evacuation Pause) 833M->224M(1024M) 15.352ms
[2022-01-07T14:16:47.071+0900][gc,cpu      ] GC(51) User=0.05s Sys=0.00s Real=0.02s
[2022-01-07T14:48:43.659+0900][gc,start    ] GC(52) Pause Young (Normal) (G1 Evacuation Pause)
[2022-01-07T14:48:43.660+0900][gc,task     ] GC(52) Using 8 workers of 8 for evacuation
[2022-01-07T14:48:43.669+0900][gc,phases   ] GC(52)   Pre Evacuate Collection Set: 0.3ms
[2022-01-07T14:48:43.669+0900][gc,phases   ] GC(52)   Merge Heap Roots: 0.4ms
[2022-01-07T14:48:43.669+0900][gc,phases   ] GC(52)   Evacuate Collection Set: 6.7ms
[2022-01-07T14:48:43.669+0900][gc,phases   ] GC(52)   Post Evacuate Collection Set: 1.1ms
[2022-01-07T14:48:43.669+0900][gc,phases   ] GC(52)   Other: 1.9ms
[2022-01-07T14:48:43.669+0900][gc,heap     ] GC(52) Eden regions: 609->0(610)
[2022-01-07T14:48:43.669+0900][gc,heap     ] GC(52) Survivor regions: 5->4(77)
[2022-01-07T14:48:43.669+0900][gc,heap     ] GC(52) Old regions: 91->91
[2022-01-07T14:48:43.669+0900][gc,heap     ] GC(52) Archive regions: 2->2
[2022-01-07T14:48:43.669+0900][gc,heap     ] GC(52) Humongous regions: 129->129
[2022-01-07T14:48:43.669+0900][gc,metaspace] GC(52) Metaspace: 42569K(43264K)->42569K(43264K) NonClass: 37376K(37760K)->37376K(37760K) Class: 5193K(5504K)->5193K(5504K)
[2022-01-07T14:48:43.669+0900][gc          ] GC(52) Pause Young (Normal) (G1 Evacuation Pause) 833M->224M(1024M) 10.685ms
[2022-01-07T14:48:43.669+0900][gc,cpu      ] GC(52) User=0.04s Sys=0.00s Real=0.01s
[2022-01-07T15:20:35.782+0900][gc,start    ] GC(53) Pause Young (Normal) (G1 Evacuation Pause)
[2022-01-07T15:20:35.783+0900][gc,task     ] GC(53) Using 8 workers of 8 for evacuation
[2022-01-07T15:20:35.789+0900][gc,phases   ] GC(53)   Pre Evacuate Collection Set: 0.2ms
[2022-01-07T15:20:35.789+0900][gc,phases   ] GC(53)   Merge Heap Roots: 0.2ms
[2022-01-07T15:20:35.789+0900][gc,phases   ] GC(53)   Evacuate Collection Set: 4.0ms
[2022-01-07T15:20:35.789+0900][gc,phases   ] GC(53)   Post Evacuate Collection Set: 0.6ms
[2022-01-07T15:20:35.789+0900][gc,phases   ] GC(53)   Other: 2.0ms
[2022-01-07T15:20:35.789+0900][gc,heap     ] GC(53) Eden regions: 610->0(609)
[2022-01-07T15:20:35.789+0900][gc,heap     ] GC(53) Survivor regions: 4->5(77)
[2022-01-07T15:20:35.789+0900][gc,heap     ] GC(53) Old regions: 91->91
[2022-01-07T15:20:35.789+0900][gc,heap     ] GC(53) Archive regions: 2->2
[2022-01-07T15:20:35.789+0900][gc,heap     ] GC(53) Humongous regions: 129->129
[2022-01-07T15:20:35.789+0900][gc,metaspace] GC(53) Metaspace: 42572K(43264K)->42572K(43264K) NonClass: 37379K(37760K)->37379K(37760K) Class: 5193K(5504K)->5193K(5504K)
[2022-01-07T15:20:35.789+0900][gc          ] GC(53) Pause Young (Normal) (G1 Evacuation Pause) 834M->225M(1024M) 7.218ms
[2022-01-07T15:20:35.789+0900][gc,cpu      ] GC(53) User=0.02s Sys=0.00s Real=0.00s
[2022-01-07T15:52:10.305+0900][gc,start    ] GC(54) Pause Young (Normal) (G1 Evacuation Pause)
[2022-01-07T15:52:10.307+0900][gc,task     ] GC(54) Using 8 workers of 8 for evacuation
[2022-01-07T15:52:10.336+0900][gc,mmu      ] GC(54) MMU target violated: 21.0ms (20.0ms/21.0ms)
[2022-01-07T15:52:10.336+0900][gc,phases   ] GC(54)   Pre Evacuate Collection Set: 2.5ms
[2022-01-07T15:52:10.336+0900][gc,phases   ] GC(54)   Merge Heap Roots: 0.6ms
[2022-01-07T15:52:10.336+0900][gc,phases   ] GC(54)   Evacuate Collection Set: 23.5ms
[2022-01-07T15:52:10.336+0900][gc,phases   ] GC(54)   Post Evacuate Collection Set: 1.7ms
[2022-01-07T15:52:10.336+0900][gc,phases   ] GC(54)   Other: 2.5ms
[2022-01-07T15:52:10.336+0900][gc,heap     ] GC(54) Eden regions: 609->0(610)
[2022-01-07T15:52:10.336+0900][gc,heap     ] GC(54) Survivor regions: 5->4(77)
[2022-01-07T15:52:10.336+0900][gc,heap     ] GC(54) Old regions: 91->91
[2022-01-07T15:52:10.336+0900][gc,heap     ] GC(54) Archive regions: 2->2
[2022-01-07T15:52:10.336+0900][gc,heap     ] GC(54) Humongous regions: 129->129
[2022-01-07T15:52:10.336+0900][gc,metaspace] GC(54) Metaspace: 42574K(43264K)->42574K(43264K) NonClass: 37380K(37760K)->37380K(37760K) Class: 5193K(5504K)->5193K(5504K)
[2022-01-07T15:52:10.336+0900][gc          ] GC(54) Pause Young (Normal) (G1 Evacuation Pause) 834M->224M(1024M) 30.702ms
[2022-01-07T15:52:10.336+0900][gc,cpu      ] GC(54) User=0.04s Sys=0.08s Real=0.03s
[2022-01-07T16:24:00.561+0900][gc,start    ] GC(55) Pause Young (Normal) (G1 Evacuation Pause)
[2022-01-07T16:24:00.564+0900][gc,task     ] GC(55) Using 8 workers of 8 for evacuation
[2022-01-07T16:24:00.597+0900][gc,mmu      ] GC(55) MMU target violated: 21.0ms (20.0ms/21.0ms)
[2022-01-07T16:24:00.597+0900][gc,phases   ] GC(55)   Pre Evacuate Collection Set: 2.8ms
[2022-01-07T16:24:00.597+0900][gc,phases   ] GC(55)   Merge Heap Roots: 0.5ms
[2022-01-07T16:24:00.597+0900][gc,phases   ] GC(55)   Evacuate Collection Set: 26.5ms
[2022-01-07T16:24:00.597+0900][gc,phases   ] GC(55)   Post Evacuate Collection Set: 2.4ms
[2022-01-07T16:24:00.597+0900][gc,phases   ] GC(55)   Other: 4.2ms
[2022-01-07T16:24:00.597+0900][gc,heap     ] GC(55) Eden regions: 610->0(516)
[2022-01-07T16:24:00.597+0900][gc,heap     ] GC(55) Survivor regions: 4->5(77)
[2022-01-07T16:24:00.597+0900][gc,heap     ] GC(55) Old regions: 91->91
[2022-01-07T16:24:00.597+0900][gc,heap     ] GC(55) Archive regions: 2->2
[2022-01-07T16:24:00.597+0900][gc,heap     ] GC(55) Humongous regions: 129->129
[2022-01-07T16:24:00.597+0900][gc,metaspace] GC(55) Metaspace: 42575K(43264K)->42575K(43264K) NonClass: 37381K(37760K)->37381K(37760K) Class: 5194K(5504K)->5194K(5504K)
[2022-01-07T16:24:00.598+0900][gc          ] GC(55) Pause Young (Normal) (G1 Evacuation Pause) 834M->225M(1024M) 36.254ms
[2022-01-07T16:24:00.598+0900][gc,cpu      ] GC(55) User=0.04s Sys=0.09s Real=0.03s
[2022-01-07T16:50:54.724+0900][gc,start    ] GC(56) Pause Young (Normal) (G1 Evacuation Pause)
[2022-01-07T16:50:54.725+0900][gc,task     ] GC(56) Using 8 workers of 8 for evacuation
[2022-01-07T16:50:54.748+0900][gc,mmu      ] GC(56) MMU target violated: 21.0ms (20.0ms/21.0ms)
[2022-01-07T16:50:54.748+0900][gc,phases   ] GC(56)   Pre Evacuate Collection Set: 3.6ms
[2022-01-07T16:50:54.748+0900][gc,phases   ] GC(56)   Merge Heap Roots: 0.3ms
[2022-01-07T16:50:54.748+0900][gc,phases   ] GC(56)   Evacuate Collection Set: 17.2ms
[2022-01-07T16:50:54.748+0900][gc,phases   ] GC(56)   Post Evacuate Collection Set: 1.4ms
[2022-01-07T16:50:54.748+0900][gc,phases   ] GC(56)   Other: 1.3ms
[2022-01-07T16:50:54.748+0900][gc,heap     ] GC(56) Eden regions: 516->0(225)
[2022-01-07T16:50:54.748+0900][gc,heap     ] GC(56) Survivor regions: 5->4(66)
[2022-01-07T16:50:54.748+0900][gc,heap     ] GC(56) Old regions: 91->91
[2022-01-07T16:50:54.748+0900][gc,heap     ] GC(56) Archive regions: 2->2
[2022-01-07T16:50:54.748+0900][gc,heap     ] GC(56) Humongous regions: 129->129
[2022-01-07T16:50:54.748+0900][gc,metaspace] GC(56) Metaspace: 42576K(43264K)->42576K(43264K) NonClass: 37382K(37760K)->37382K(37760K) Class: 5194K(5504K)->5194K(5504K)
[2022-01-07T16:50:54.748+0900][gc          ] GC(56) Pause Young (Normal) (G1 Evacuation Pause) 741M->224M(1024M) 24.036ms
[2022-01-07T16:50:54.748+0900][gc,cpu      ] GC(56) User=0.03s Sys=0.06s Real=0.02s
[2022-01-07T17:02:25.349+0900][gc,start    ] GC(57) Pause Young (Normal) (G1 Evacuation Pause)
[2022-01-07T17:02:25.350+0900][gc,task     ] GC(57) Using 8 workers of 8 for evacuation
[2022-01-07T17:02:25.367+0900][gc,phases   ] GC(57)   Pre Evacuate Collection Set: 1.2ms
[2022-01-07T17:02:25.367+0900][gc,phases   ] GC(57)   Merge Heap Roots: 0.2ms
[2022-01-07T17:02:25.367+0900][gc,phases   ] GC(57)   Evacuate Collection Set: 10.6ms
[2022-01-07T17:02:25.367+0900][gc,phases   ] GC(57)   Post Evacuate Collection Set: 0.9ms
[2022-01-07T17:02:25.367+0900][gc,phases   ] GC(57)   Other: 5.3ms
[2022-01-07T17:02:25.367+0900][gc,heap     ] GC(57) Eden regions: 225->0(186)
[2022-01-07T17:02:25.367+0900][gc,heap     ] GC(57) Survivor regions: 4->5(29)
[2022-01-07T17:02:25.367+0900][gc,heap     ] GC(57) Old regions: 91->91
[2022-01-07T17:02:25.368+0900][gc,heap     ] GC(57) Archive regions: 2->2
[2022-01-07T17:02:25.368+0900][gc,heap     ] GC(57) Humongous regions: 129->129
[2022-01-07T17:02:25.368+0900][gc,metaspace] GC(57) Metaspace: 42578K(43264K)->42578K(43264K) NonClass: 37384K(37760K)->37384K(37760K) Class: 5194K(5504K)->5194K(5504K)
[2022-01-07T17:02:25.368+0900][gc          ] GC(57) Pause Young (Normal) (G1 Evacuation Pause) 449M->225M(1024M) 18.520ms
[2022-01-07T17:02:25.368+0900][gc,cpu      ] GC(57) User=0.03s Sys=0.02s Real=0.02s
[2022-01-07T17:12:03.237+0900][gc,start    ] GC(58) Pause Young (Normal) (G1 Evacuation Pause)
[2022-01-07T17:12:03.238+0900][gc,task     ] GC(58) Using 8 workers of 8 for evacuation
[2022-01-07T17:12:03.249+0900][gc,phases   ] GC(58)   Pre Evacuate Collection Set: 0.4ms
[2022-01-07T17:12:03.249+0900][gc,phases   ] GC(58)   Merge Heap Roots: 0.2ms
[2022-01-07T17:12:03.250+0900][gc,phases   ] GC(58)   Evacuate Collection Set: 8.3ms
[2022-01-07T17:12:03.250+0900][gc,phases   ] GC(58)   Post Evacuate Collection Set: 0.8ms
[2022-01-07T17:12:03.250+0900][gc,phases   ] GC(58)   Other: 3.0ms
[2022-01-07T17:12:03.250+0900][gc,heap     ] GC(58) Eden regions: 186->0(609)
[2022-01-07T17:12:03.250+0900][gc,heap     ] GC(58) Survivor regions: 5->5(24)
[2022-01-07T17:12:03.250+0900][gc,heap     ] GC(58) Old regions: 91->91
[2022-01-07T17:12:03.250+0900][gc,heap     ] GC(58) Archive regions: 2->2
[2022-01-07T17:12:03.250+0900][gc,heap     ] GC(58) Humongous regions: 129->129
[2022-01-07T17:12:03.250+0900][gc,metaspace] GC(58) Metaspace: 42578K(43264K)->42578K(43264K) NonClass: 37384K(37760K)->37384K(37760K) Class: 5194K(5504K)->5194K(5504K)
[2022-01-07T17:12:03.250+0900][gc          ] GC(58) Pause Young (Normal) (G1 Evacuation Pause) 411M->225M(1024M) 12.900ms
[2022-01-07T17:12:03.250+0900][gc,cpu      ] GC(58) User=0.04s Sys=0.02s Real=0.02s
[2022-01-07T17:43:42.542+0900][gc,start    ] GC(59) Pause Young (Normal) (G1 Evacuation Pause)
[2022-01-07T17:43:42.544+0900][gc,task     ] GC(59) Using 8 workers of 8 for evacuation
[2022-01-07T17:43:42.637+0900][gc,mmu      ] GC(59) MMU target violated: 21.0ms (20.0ms/21.0ms)
[2022-01-07T17:43:42.637+0900][gc,phases   ] GC(59)   Pre Evacuate Collection Set: 10.1ms
[2022-01-07T17:43:42.637+0900][gc,phases   ] GC(59)   Merge Heap Roots: 1.3ms
[2022-01-07T17:43:42.637+0900][gc,phases   ] GC(59)   Evacuate Collection Set: 75.5ms
[2022-01-07T17:43:42.637+0900][gc,phases   ] GC(59)   Post Evacuate Collection Set: 5.6ms
[2022-01-07T17:43:42.637+0900][gc,phases   ] GC(59)   Other: 4.1ms
[2022-01-07T17:43:42.637+0900][gc,heap     ] GC(59) Eden regions: 609->0(47)
[2022-01-07T17:43:42.637+0900][gc,heap     ] GC(59) Survivor regions: 5->4(77)
[2022-01-07T17:43:42.637+0900][gc,heap     ] GC(59) Old regions: 91->91
[2022-01-07T17:43:42.637+0900][gc,heap     ] GC(59) Archive regions: 2->2
[2022-01-07T17:43:42.637+0900][gc,heap     ] GC(59) Humongous regions: 129->129
[2022-01-07T17:43:42.637+0900][gc,metaspace] GC(59) Metaspace: 42596K(43264K)->42596K(43264K) NonClass: 37401K(37760K)->37401K(37760K) Class: 5194K(5504K)->5194K(5504K)
[2022-01-07T17:43:42.638+0900][gc          ] GC(59) Pause Young (Normal) (G1 Evacuation Pause) 834M->224M(1024M) 96.127ms
[2022-01-07T17:43:42.638+0900][gc,cpu      ] GC(59) User=0.09s Sys=0.11s Real=0.09s
[2022-01-07T17:46:07.350+0900][gc,start    ] GC(60) Pause Young (Normal) (G1 Evacuation Pause)
[2022-01-07T17:46:07.351+0900][gc,task     ] GC(60) Using 8 workers of 8 for evacuation
[2022-01-07T17:46:07.374+0900][gc,mmu      ] GC(60) MMU target violated: 21.0ms (20.0ms/21.0ms)
[2022-01-07T17:46:07.374+0900][gc,phases   ] GC(60)   Pre Evacuate Collection Set: 3.1ms
[2022-01-07T17:46:07.374+0900][gc,phases   ] GC(60)   Merge Heap Roots: 1.4ms
[2022-01-07T17:46:07.374+0900][gc,phases   ] GC(60)   Evacuate Collection Set: 17.9ms
[2022-01-07T17:46:07.374+0900][gc,phases   ] GC(60)   Post Evacuate Collection Set: 1.1ms
[2022-01-07T17:46:07.374+0900][gc,phases   ] GC(60)   Other: 1.1ms
[2022-01-07T17:46:07.374+0900][gc,heap     ] GC(60) Eden regions: 47->0(47)
[2022-01-07T17:46:07.374+0900][gc,heap     ] GC(60) Survivor regions: 4->4(7)
[2022-01-07T17:46:07.374+0900][gc,heap     ] GC(60) Old regions: 91->91
[2022-01-07T17:46:07.374+0900][gc,heap     ] GC(60) Archive regions: 2->2
[2022-01-07T17:46:07.374+0900][gc,heap     ] GC(60) Humongous regions: 129->129
[2022-01-07T17:46:07.374+0900][gc,metaspace] GC(60) Metaspace: 42596K(43264K)->42596K(43264K) NonClass: 37401K(37760K)->37401K(37760K) Class: 5194K(5504K)->5194K(5504K)
[2022-01-07T17:46:07.375+0900][gc          ] GC(60) Pause Young (Normal) (G1 Evacuation Pause) 271M->224M(1024M) 24.638ms
[2022-01-07T17:46:07.375+0900][gc,cpu      ] GC(60) User=0.03s Sys=0.06s Real=0.02s
[2022-01-07T17:48:31.998+0900][gc,start    ] GC(61) Pause Young (Normal) (G1 Evacuation Pause)
[2022-01-07T17:48:31.999+0900][gc,task     ] GC(61) Using 8 workers of 8 for evacuation
[2022-01-07T17:48:32.021+0900][gc,mmu      ] GC(61) MMU target violated: 21.0ms (20.0ms/21.0ms)
[2022-01-07T17:48:32.021+0900][gc,phases   ] GC(61)   Pre Evacuate Collection Set: 0.4ms
[2022-01-07T17:48:32.021+0900][gc,phases   ] GC(61)   Merge Heap Roots: 0.1ms
[2022-01-07T17:48:32.021+0900][gc,phases   ] GC(61)   Evacuate Collection Set: 20.0ms
[2022-01-07T17:48:32.021+0900][gc,phases   ] GC(61)   Post Evacuate Collection Set: 0.5ms
[2022-01-07T17:48:32.021+0900][gc,phases   ] GC(61)   Other: 2.1ms
[2022-01-07T17:48:32.021+0900][gc,heap     ] GC(61) Eden regions: 47->0(47)
[2022-01-07T17:48:32.021+0900][gc,heap     ] GC(61) Survivor regions: 4->4(7)
[2022-01-07T17:48:32.021+0900][gc,heap     ] GC(61) Old regions: 91->91
[2022-01-07T17:48:32.021+0900][gc,heap     ] GC(61) Archive regions: 2->2
[2022-01-07T17:48:32.021+0900][gc,heap     ] GC(61) Humongous regions: 129->129
[2022-01-07T17:48:32.021+0900][gc,metaspace] GC(61) Metaspace: 42596K(43264K)->42596K(43264K) NonClass: 37401K(37760K)->37401K(37760K) Class: 5194K(5504K)->5194K(5504K)
[2022-01-07T17:48:32.021+0900][gc          ] GC(61) Pause Young (Normal) (G1 Evacuation Pause) 271M->224M(1024M) 23.221ms
[2022-01-07T17:48:32.021+0900][gc,cpu      ] GC(61) User=0.03s Sys=0.05s Real=0.03s
[2022-01-07T17:50:57.439+0900][gc,start    ] GC(62) Pause Young (Normal) (G1 Evacuation Pause)
[2022-01-07T17:50:57.441+0900][gc,task     ] GC(62) Using 8 workers of 8 for evacuation
[2022-01-07T17:50:57.460+0900][gc,phases   ] GC(62)   Pre Evacuate Collection Set: 3.1ms
[2022-01-07T17:50:57.460+0900][gc,phases   ] GC(62)   Merge Heap Roots: 0.2ms
[2022-01-07T17:50:57.460+0900][gc,phases   ] GC(62)   Evacuate Collection Set: 15.6ms
[2022-01-07T17:50:57.460+0900][gc,phases   ] GC(62)   Post Evacuate Collection Set: 0.5ms
[2022-01-07T17:50:57.461+0900][gc,phases   ] GC(62)   Other: 1.8ms
[2022-01-07T17:50:57.461+0900][gc,heap     ] GC(62) Eden regions: 47->0(47)
[2022-01-07T17:50:57.461+0900][gc,heap     ] GC(62) Survivor regions: 4->4(7)
[2022-01-07T17:50:57.461+0900][gc,heap     ] GC(62) Old regions: 91->92
[2022-01-07T17:50:57.461+0900][gc,heap     ] GC(62) Archive regions: 2->2
[2022-01-07T17:50:57.461+0900][gc,heap     ] GC(62) Humongous regions: 129->129
[2022-01-07T17:50:57.461+0900][gc,metaspace] GC(62) Metaspace: 42596K(43264K)->42596K(43264K) NonClass: 37401K(37760K)->37401K(37760K) Class: 5194K(5504K)->5194K(5504K)
[2022-01-07T17:50:57.461+0900][gc          ] GC(62) Pause Young (Normal) (G1 Evacuation Pause) 271M->224M(1024M) 21.516ms
[2022-01-07T17:50:57.461+0900][gc,cpu      ] GC(62) User=0.05s Sys=0.01s Real=0.03s
[2022-01-07T17:53:10.608+0900][gc,start    ] GC(63) Pause Young (Normal) (G1 Evacuation Pause)
[2022-01-07T17:53:10.609+0900][gc,task     ] GC(63) Using 8 workers of 8 for evacuation
[2022-01-07T17:53:10.619+0900][gc,phases   ] GC(63)   Pre Evacuate Collection Set: 3.0ms
[2022-01-07T17:53:10.619+0900][gc,phases   ] GC(63)   Merge Heap Roots: 0.2ms
[2022-01-07T17:53:10.619+0900][gc,phases   ] GC(63)   Evacuate Collection Set: 5.8ms
[2022-01-07T17:53:10.619+0900][gc,phases   ] GC(63)   Post Evacuate Collection Set: 0.6ms
[2022-01-07T17:53:10.619+0900][gc,phases   ] GC(63)   Other: 1.7ms
[2022-01-07T17:53:10.619+0900][gc,heap     ] GC(63) Eden regions: 47->0(75)
[2022-01-07T17:53:10.619+0900][gc,heap     ] GC(63) Survivor regions: 4->4(7)
[2022-01-07T17:53:10.619+0900][gc,heap     ] GC(63) Old regions: 92->92
[2022-01-07T17:53:10.619+0900][gc,heap     ] GC(63) Archive regions: 2->2
[2022-01-07T17:53:10.619+0900][gc,heap     ] GC(63) Humongous regions: 129->129
[2022-01-07T17:53:10.619+0900][gc,metaspace] GC(63) Metaspace: 42596K(43264K)->42596K(43264K) NonClass: 37401K(37760K)->37401K(37760K) Class: 5194K(5504K)->5194K(5504K)
[2022-01-07T17:53:10.620+0900][gc          ] GC(63) Pause Young (Normal) (G1 Evacuation Pause) 271M->224M(1024M) 12.781ms
[2022-01-07T17:53:10.621+0900][gc,cpu      ] GC(63) User=0.04s Sys=0.01s Real=0.02s
[2022-01-07T17:57:02.958+0900][gc,start    ] GC(64) Pause Young (Normal) (G1 Evacuation Pause)
[2022-01-07T17:57:02.958+0900][gc,task     ] GC(64) Using 8 workers of 8 for evacuation
[2022-01-07T17:57:02.967+0900][gc,phases   ] GC(64)   Pre Evacuate Collection Set: 0.1ms
[2022-01-07T17:57:02.967+0900][gc,phases   ] GC(64)   Merge Heap Roots: 0.2ms
[2022-01-07T17:57:02.967+0900][gc,phases   ] GC(64)   Evacuate Collection Set: 7.7ms
[2022-01-07T17:57:02.967+0900][gc,phases   ] GC(64)   Post Evacuate Collection Set: 0.2ms
[2022-01-07T17:57:02.967+0900][gc,phases   ] GC(64)   Other: 0.5ms
[2022-01-07T17:57:02.967+0900][gc,heap     ] GC(64) Eden regions: 75->0(186)
[2022-01-07T17:57:02.967+0900][gc,heap     ] GC(64) Survivor regions: 4->4(10)
[2022-01-07T17:57:02.967+0900][gc,heap     ] GC(64) Old regions: 92->92
[2022-01-07T17:57:02.967+0900][gc,heap     ] GC(64) Archive regions: 2->2
[2022-01-07T17:57:02.967+0900][gc,heap     ] GC(64) Humongous regions: 129->129
[2022-01-07T17:57:02.967+0900][gc,metaspace] GC(64) Metaspace: 42596K(43264K)->42596K(43264K) NonClass: 37401K(37760K)->37401K(37760K) Class: 5194K(5504K)->5194K(5504K)
[2022-01-07T17:57:02.967+0900][gc          ] GC(64) Pause Young (Normal) (G1 Evacuation Pause) 299M->224M(1024M) 8.939ms
[2022-01-07T17:57:02.967+0900][gc,cpu      ] GC(64) User=0.01s Sys=0.02s Real=0.01s
[2022-01-07T18:06:44.637+0900][gc,start    ] GC(65) Pause Young (Normal) (G1 Evacuation Pause)
[2022-01-07T18:06:44.638+0900][gc,task     ] GC(65) Using 8 workers of 8 for evacuation
[2022-01-07T18:06:44.660+0900][gc,mmu      ] GC(65) MMU target violated: 21.0ms (20.0ms/21.0ms)
[2022-01-07T18:06:44.660+0900][gc,phases   ] GC(65)   Pre Evacuate Collection Set: 0.4ms
[2022-01-07T18:06:44.660+0900][gc,phases   ] GC(65)   Merge Heap Roots: 0.3ms
[2022-01-07T18:06:44.660+0900][gc,phases   ] GC(65)   Evacuate Collection Set: 17.5ms
[2022-01-07T18:06:44.660+0900][gc,phases   ] GC(65)   Post Evacuate Collection Set: 0.4ms
[2022-01-07T18:06:44.660+0900][gc,phases   ] GC(65)   Other: 3.9ms
[2022-01-07T18:06:44.660+0900][gc,heap     ] GC(65) Eden regions: 186->0(61)
[2022-01-07T18:06:44.660+0900][gc,heap     ] GC(65) Survivor regions: 4->4(24)
[2022-01-07T18:06:44.660+0900][gc,heap     ] GC(65) Old regions: 92->92
[2022-01-07T18:06:44.660+0900][gc,heap     ] GC(65) Archive regions: 2->2
[2022-01-07T18:06:44.660+0900][gc,heap     ] GC(65) Humongous regions: 129->129
[2022-01-07T18:06:44.660+0900][gc,metaspace] GC(65) Metaspace: 42598K(43264K)->42598K(43264K) NonClass: 37403K(37760K)->37403K(37760K) Class: 5194K(5504K)->5194K(5504K)
[2022-01-07T18:06:44.660+0900][gc          ] GC(65) Pause Young (Normal) (G1 Evacuation Pause) 410M->224M(1024M) 22.639ms
[2022-01-07T18:06:44.660+0900][gc,cpu      ] GC(65) User=0.04s Sys=0.05s Real=0.03s
[2022-01-07T18:09:53.020+0900][gc,start    ] GC(66) Pause Young (Normal) (G1 Evacuation Pause)
[2022-01-07T18:09:53.022+0900][gc,task     ] GC(66) Using 8 workers of 8 for evacuation
[2022-01-07T18:09:53.029+0900][gc,phases   ] GC(66)   Pre Evacuate Collection Set: 0.4ms
[2022-01-07T18:09:53.029+0900][gc,phases   ] GC(66)   Merge Heap Roots: 0.2ms
[2022-01-07T18:09:53.029+0900][gc,phases   ] GC(66)   Evacuate Collection Set: 5.8ms
[2022-01-07T18:09:53.029+0900][gc,phases   ] GC(66)   Post Evacuate Collection Set: 0.8ms
[2022-01-07T18:09:53.029+0900][gc,phases   ] GC(66)   Other: 1.8ms
[2022-01-07T18:09:53.029+0900][gc,heap     ] GC(66) Eden regions: 61->0(316)
[2022-01-07T18:09:53.029+0900][gc,heap     ] GC(66) Survivor regions: 4->3(9)
[2022-01-07T18:09:53.029+0900][gc,heap     ] GC(66) Old regions: 92->92
[2022-01-07T18:09:53.030+0900][gc,heap     ] GC(66) Archive regions: 2->2
[2022-01-07T18:09:53.030+0900][gc,heap     ] GC(66) Humongous regions: 129->129
[2022-01-07T18:09:53.030+0900][gc,metaspace] GC(66) Metaspace: 42600K(43264K)->42600K(43264K) NonClass: 37405K(37760K)->37405K(37760K) Class: 5194K(5504K)->5194K(5504K)
[2022-01-07T18:09:53.030+0900][gc          ] GC(66) Pause Young (Normal) (G1 Evacuation Pause) 285M->223M(1024M) 9.328ms
[2022-01-07T18:09:53.030+0900][gc,cpu      ] GC(66) User=0.03s Sys=0.01s Real=0.01s
[2022-01-07T18:26:22.473+0900][gc,start    ] GC(67) Pause Young (Normal) (G1 Evacuation Pause)
[2022-01-07T18:26:22.473+0900][gc,task     ] GC(67) Using 8 workers of 8 for evacuation
[2022-01-07T18:26:22.525+0900][gc,mmu      ] GC(67) MMU target violated: 21.0ms (20.0ms/21.0ms)
[2022-01-07T18:26:22.525+0900][gc,phases   ] GC(67)   Pre Evacuate Collection Set: 0.1ms
[2022-01-07T18:26:22.525+0900][gc,phases   ] GC(67)   Merge Heap Roots: 0.1ms
[2022-01-07T18:26:22.525+0900][gc,phases   ] GC(67)   Evacuate Collection Set: 51.2ms
[2022-01-07T18:26:22.525+0900][gc,phases   ] GC(67)   Post Evacuate Collection Set: 0.4ms
[2022-01-07T18:26:22.525+0900][gc,phases   ] GC(67)   Other: 0.4ms
[2022-01-07T18:26:22.525+0900][gc,heap     ] GC(67) Eden regions: 316->0(46)
[2022-01-07T18:26:22.525+0900][gc,heap     ] GC(67) Survivor regions: 3->5(40)
[2022-01-07T18:26:22.525+0900][gc,heap     ] GC(67) Old regions: 92->92
[2022-01-07T18:26:22.525+0900][gc,heap     ] GC(67) Archive regions: 2->2
[2022-01-07T18:26:22.525+0900][gc,heap     ] GC(67) Humongous regions: 129->129
[2022-01-07T18:26:22.525+0900][gc,metaspace] GC(67) Metaspace: 42600K(43264K)->42600K(43264K) NonClass: 37405K(37760K)->37405K(37760K) Class: 5194K(5504K)->5194K(5504K)
[2022-01-07T18:26:22.525+0900][gc          ] GC(67) Pause Young (Normal) (G1 Evacuation Pause) 539M->225M(1024M) 52.411ms
[2022-01-07T18:26:22.525+0900][gc,cpu      ] GC(67) User=0.02s Sys=0.02s Real=0.05s
[2022-01-07T18:28:44.316+0900][gc,start    ] GC(68) Pause Young (Normal) (G1 Evacuation Pause)
[2022-01-07T18:28:44.317+0900][gc,task     ] GC(68) Using 8 workers of 8 for evacuation
[2022-01-07T18:28:44.320+0900][gc,phases   ] GC(68)   Pre Evacuate Collection Set: 0.1ms
[2022-01-07T18:28:44.321+0900][gc,phases   ] GC(68)   Merge Heap Roots: 0.1ms
[2022-01-07T18:28:44.321+0900][gc,phases   ] GC(68)   Evacuate Collection Set: 2.6ms
[2022-01-07T18:28:44.321+0900][gc,phases   ] GC(68)   Post Evacuate Collection Set: 0.9ms
[2022-01-07T18:28:44.321+0900][gc,phases   ] GC(68)   Other: 0.6ms
[2022-01-07T18:28:44.321+0900][gc,heap     ] GC(68) Eden regions: 46->0(47)
[2022-01-07T18:28:44.321+0900][gc,heap     ] GC(68) Survivor regions: 5->4(7)
[2022-01-07T18:28:44.321+0900][gc,heap     ] GC(68) Old regions: 92->92
[2022-01-07T18:28:44.321+0900][gc,heap     ] GC(68) Archive regions: 2->2
[2022-01-07T18:28:44.321+0900][gc,heap     ] GC(68) Humongous regions: 129->129
[2022-01-07T18:28:44.321+0900][gc,metaspace] GC(68) Metaspace: 42601K(43264K)->42601K(43264K) NonClass: 37406K(37760K)->37406K(37760K) Class: 5194K(5504K)->5194K(5504K)
[2022-01-07T18:28:44.321+0900][gc          ] GC(68) Pause Young (Normal) (G1 Evacuation Pause) 271M->225M(1024M) 4.375ms
[2022-01-07T18:28:44.321+0900][gc,cpu      ] GC(68) User=0.01s Sys=0.00s Real=0.01s
[2022-01-07T18:31:09.899+0900][gc,start    ] GC(69) Pause Young (Normal) (G1 Evacuation Pause)
[2022-01-07T18:31:09.900+0900][gc,task     ] GC(69) Using 8 workers of 8 for evacuation
[2022-01-07T18:31:09.906+0900][gc,phases   ] GC(69)   Pre Evacuate Collection Set: 0.3ms
[2022-01-07T18:31:09.906+0900][gc,phases   ] GC(69)   Merge Heap Roots: 0.2ms
[2022-01-07T18:31:09.906+0900][gc,phases   ] GC(69)   Evacuate Collection Set: 4.9ms
[2022-01-07T18:31:09.906+0900][gc,phases   ] GC(69)   Post Evacuate Collection Set: 0.6ms
[2022-01-07T18:31:09.906+0900][gc,phases   ] GC(69)   Other: 1.0ms
[2022-01-07T18:31:09.906+0900][gc,heap     ] GC(69) Eden regions: 47->0(47)
[2022-01-07T18:31:09.906+0900][gc,heap     ] GC(69) Survivor regions: 4->4(7)
[2022-01-07T18:31:09.906+0900][gc,heap     ] GC(69) Old regions: 92->92
[2022-01-07T18:31:09.906+0900][gc,heap     ] GC(69) Archive regions: 2->2
[2022-01-07T18:31:09.906+0900][gc,heap     ] GC(69) Humongous regions: 129->129
[2022-01-07T18:31:09.906+0900][gc,metaspace] GC(69) Metaspace: 42601K(43264K)->42601K(43264K) NonClass: 37406K(37760K)->37406K(37760K) Class: 5194K(5504K)->5194K(5504K)
[2022-01-07T18:31:09.906+0900][gc          ] GC(69) Pause Young (Normal) (G1 Evacuation Pause) 272M->225M(1024M) 7.421ms
[2022-01-07T18:31:09.906+0900][gc,cpu      ] GC(69) User=0.04s Sys=0.01s Real=0.01s
[2022-01-07T18:33:34.537+0900][gc,start    ] GC(70) Pause Young (Normal) (G1 Evacuation Pause)
[2022-01-07T18:33:34.538+0900][gc,task     ] GC(70) Using 8 workers of 8 for evacuation
[2022-01-07T18:33:34.543+0900][gc,phases   ] GC(70)   Pre Evacuate Collection Set: 0.3ms
[2022-01-07T18:33:34.543+0900][gc,phases   ] GC(70)   Merge Heap Roots: 0.1ms
[2022-01-07T18:33:34.543+0900][gc,phases   ] GC(70)   Evacuate Collection Set: 4.1ms
[2022-01-07T18:33:34.543+0900][gc,phases   ] GC(70)   Post Evacuate Collection Set: 0.6ms
[2022-01-07T18:33:34.543+0900][gc,phases   ] GC(70)   Other: 1.2ms
[2022-01-07T18:33:34.543+0900][gc,heap     ] GC(70) Eden regions: 47->0(86)
[2022-01-07T18:33:34.543+0900][gc,heap     ] GC(70) Survivor regions: 4->4(7)
[2022-01-07T18:33:34.543+0900][gc,heap     ] GC(70) Old regions: 92->92
[2022-01-07T18:33:34.543+0900][gc,heap     ] GC(70) Archive regions: 2->2
[2022-01-07T18:33:34.543+0900][gc,heap     ] GC(70) Humongous regions: 129->129
[2022-01-07T18:33:34.543+0900][gc,metaspace] GC(70) Metaspace: 42601K(43264K)->42601K(43264K) NonClass: 37406K(37760K)->37406K(37760K) Class: 5194K(5504K)->5194K(5504K)
[2022-01-07T18:33:34.543+0900][gc          ] GC(70) Pause Young (Normal) (G1 Evacuation Pause) 272M->225M(1024M) 6.594ms
[2022-01-07T18:33:34.543+0900][gc,cpu      ] GC(70) User=0.03s Sys=0.00s Real=0.01s
[2022-01-07T18:38:00.561+0900][gc,start    ] GC(71) Pause Young (Normal) (G1 Evacuation Pause)
[2022-01-07T18:38:00.561+0900][gc,task     ] GC(71) Using 8 workers of 8 for evacuation
[2022-01-07T18:38:00.566+0900][gc,phases   ] GC(71)   Pre Evacuate Collection Set: 0.2ms
[2022-01-07T18:38:00.566+0900][gc,phases   ] GC(71)   Merge Heap Roots: 0.1ms
[2022-01-07T18:38:00.566+0900][gc,phases   ] GC(71)   Evacuate Collection Set: 3.7ms
[2022-01-07T18:38:00.566+0900][gc,phases   ] GC(71)   Post Evacuate Collection Set: 0.5ms
[2022-01-07T18:38:00.566+0900][gc,phases   ] GC(71)   Other: 0.9ms
[2022-01-07T18:38:00.566+0900][gc,heap     ] GC(71) Eden regions: 86->0(294)
[2022-01-07T18:38:00.566+0900][gc,heap     ] GC(71) Survivor regions: 4->3(12)
[2022-01-07T18:38:00.566+0900][gc,heap     ] GC(71) Old regions: 92->92
[2022-01-07T18:38:00.566+0900][gc,heap     ] GC(71) Archive regions: 2->2
[2022-01-07T18:38:00.566+0900][gc,heap     ] GC(71) Humongous regions: 129->129
[2022-01-07T18:38:00.566+0900][gc,metaspace] GC(71) Metaspace: 42601K(43264K)->42601K(43264K) NonClass: 37406K(37760K)->37406K(37760K) Class: 5194K(5504K)->5194K(5504K)
[2022-01-07T18:38:00.566+0900][gc          ] GC(71) Pause Young (Normal) (G1 Evacuation Pause) 311M->224M(1024M) 5.613ms
[2022-01-07T18:38:00.566+0900][gc,cpu      ] GC(71) User=0.02s Sys=0.00s Real=0.00s
[2022-01-07T18:53:05.502+0900][gc,start    ] GC(72) Pause Young (Normal) (G1 Evacuation Pause)
[2022-01-07T18:53:05.503+0900][gc,task     ] GC(72) Using 8 workers of 8 for evacuation
[2022-01-07T18:53:05.522+0900][gc,phases   ] GC(72)   Pre Evacuate Collection Set: 1.8ms
[2022-01-07T18:53:05.523+0900][gc,phases   ] GC(72)   Merge Heap Roots: 0.6ms
[2022-01-07T18:53:05.523+0900][gc,phases   ] GC(72)   Evacuate Collection Set: 14.5ms
[2022-01-07T18:53:05.523+0900][gc,phases   ] GC(72)   Post Evacuate Collection Set: 1.9ms
[2022-01-07T18:53:05.523+0900][gc,phases   ] GC(72)   Other: 2.2ms
[2022-01-07T18:53:05.523+0900][gc,heap     ] GC(72) Eden regions: 294->0(202)
[2022-01-07T18:53:05.523+0900][gc,heap     ] GC(72) Survivor regions: 3->3(38)
[2022-01-07T18:53:05.523+0900][gc,heap     ] GC(72) Old regions: 92->92
[2022-01-07T18:53:05.523+0900][gc,heap     ] GC(72) Archive regions: 2->2
[2022-01-07T18:53:05.523+0900][gc,heap     ] GC(72) Humongous regions: 129->129
[2022-01-07T18:53:05.523+0900][gc,metaspace] GC(72) Metaspace: 42601K(43264K)->42601K(43264K) NonClass: 37407K(37760K)->37407K(37760K) Class: 5194K(5504K)->5194K(5504K)
[2022-01-07T18:53:05.523+0900][gc          ] GC(72) Pause Young (Normal) (G1 Evacuation Pause) 518M->224M(1024M) 20.677ms
[2022-01-07T18:53:05.523+0900][gc,cpu      ] GC(72) User=0.03s Sys=0.07s Real=0.02s
[2022-01-07T19:03:33.720+0900][gc,start    ] GC(73) Pause Young (Normal) (G1 Evacuation Pause)
[2022-01-07T19:03:33.722+0900][gc,task     ] GC(73) Using 8 workers of 8 for evacuation
[2022-01-07T19:03:33.730+0900][gc,phases   ] GC(73)   Pre Evacuate Collection Set: 0.3ms
[2022-01-07T19:03:33.730+0900][gc,phases   ] GC(73)   Merge Heap Roots: 0.2ms
[2022-01-07T19:03:33.730+0900][gc,phases   ] GC(73)   Evacuate Collection Set: 6.4ms
[2022-01-07T19:03:33.730+0900][gc,phases   ] GC(73)   Post Evacuate Collection Set: 0.8ms
[2022-01-07T19:03:33.730+0900][gc,phases   ] GC(73)   Other: 1.8ms
[2022-01-07T19:03:33.730+0900][gc,heap     ] GC(73) Eden regions: 202->0(188)
[2022-01-07T19:03:33.730+0900][gc,heap     ] GC(73) Survivor regions: 3->5(26)
[2022-01-07T19:03:33.730+0900][gc,heap     ] GC(73) Old regions: 92->92
[2022-01-07T19:03:33.730+0900][gc,heap     ] GC(73) Archive regions: 2->2
[2022-01-07T19:03:33.730+0900][gc,heap     ] GC(73) Humongous regions: 129->129
[2022-01-07T19:03:33.730+0900][gc,metaspace] GC(73) Metaspace: 42601K(43264K)->42601K(43264K) NonClass: 37407K(37760K)->37407K(37760K) Class: 5194K(5504K)->5194K(5504K)
[2022-01-07T19:03:33.730+0900][gc          ] GC(73) Pause Young (Normal) (G1 Evacuation Pause) 426M->226M(1024M) 9.762ms
[2022-01-07T19:03:33.730+0900][gc,cpu      ] GC(73) User=0.04s Sys=0.00s Real=0.01s
[2022-01-07T19:13:21.930+0900][gc,start    ] GC(74) Pause Young (Normal) (G1 Evacuation Pause)
[2022-01-07T19:13:21.931+0900][gc,task     ] GC(74) Using 8 workers of 8 for evacuation
[2022-01-07T19:13:21.938+0900][gc,phases   ] GC(74)   Pre Evacuate Collection Set: 0.3ms
[2022-01-07T19:13:21.938+0900][gc,phases   ] GC(74)   Merge Heap Roots: 0.2ms
[2022-01-07T19:13:21.938+0900][gc,phases   ] GC(74)   Evacuate Collection Set: 6.1ms
[2022-01-07T19:13:21.938+0900][gc,phases   ] GC(74)   Post Evacuate Collection Set: 0.7ms
[2022-01-07T19:13:21.938+0900][gc,phases   ] GC(74)   Other: 1.3ms
[2022-01-07T19:13:21.938+0900][gc,heap     ] GC(74) Eden regions: 188->0(397)
[2022-01-07T19:13:21.938+0900][gc,heap     ] GC(74) Survivor regions: 5->5(25)
[2022-01-07T19:13:21.938+0900][gc,heap     ] GC(74) Old regions: 92->92
[2022-01-07T19:13:21.938+0900][gc,heap     ] GC(74) Archive regions: 2->2
[2022-01-07T19:13:21.938+0900][gc,heap     ] GC(74) Humongous regions: 129->129
[2022-01-07T19:13:21.938+0900][gc,metaspace] GC(74) Metaspace: 42602K(43264K)->42602K(43264K) NonClass: 37408K(37760K)->37408K(37760K) Class: 5194K(5504K)->5194K(5504K)
[2022-01-07T19:13:21.938+0900][gc          ] GC(74) Pause Young (Normal) (G1 Evacuation Pause) 414M->226M(1024M) 8.778ms
[2022-01-07T19:13:21.939+0900][gc,cpu      ] GC(74) User=0.05s Sys=0.01s Real=0.00s
[2022-01-07T19:34:08.636+0900][gc,start    ] GC(75) Pause Young (Normal) (G1 Evacuation Pause)
[2022-01-07T19:34:08.640+0900][gc,task     ] GC(75) Using 8 workers of 8 for evacuation
[2022-01-07T19:34:08.662+0900][gc,mmu      ] GC(75) MMU target violated: 21.0ms (20.0ms/21.0ms)
[2022-01-07T19:34:08.662+0900][gc,phases   ] GC(75)   Pre Evacuate Collection Set: 0.4ms
[2022-01-07T19:34:08.662+0900][gc,phases   ] GC(75)   Merge Heap Roots: 0.4ms
[2022-01-07T19:34:08.662+0900][gc,phases   ] GC(75)   Evacuate Collection Set: 18.1ms
[2022-01-07T19:34:08.662+0900][gc,phases   ] GC(75)   Post Evacuate Collection Set: 0.6ms
[2022-01-07T19:34:08.662+0900][gc,phases   ] GC(75)   Other: 6.6ms
[2022-01-07T19:34:08.662+0900][gc,heap     ] GC(75) Eden regions: 397->0(133)
[2022-01-07T19:34:08.662+0900][gc,heap     ] GC(75) Survivor regions: 5->4(51)
[2022-01-07T19:34:08.662+0900][gc,heap     ] GC(75) Old regions: 92->92
[2022-01-07T19:34:08.662+0900][gc,heap     ] GC(75) Archive regions: 2->2
[2022-01-07T19:34:08.662+0900][gc,heap     ] GC(75) Humongous regions: 129->129
[2022-01-07T19:34:08.662+0900][gc,metaspace] GC(75) Metaspace: 42602K(43264K)->42602K(43264K) NonClass: 37408K(37760K)->37408K(37760K) Class: 5194K(5504K)->5194K(5504K)
[2022-01-07T19:34:08.662+0900][gc          ] GC(75) Pause Young (Normal) (G1 Evacuation Pause) 623M->225M(1024M) 26.174ms
[2022-01-07T19:34:08.662+0900][gc,cpu      ] GC(75) User=0.04s Sys=0.05s Real=0.03s
[2022-01-07T19:41:03.031+0900][gc,start    ] GC(76) Pause Young (Normal) (G1 Evacuation Pause)
[2022-01-07T19:41:03.032+0900][gc,task     ] GC(76) Using 8 workers of 8 for evacuation
[2022-01-07T19:41:03.041+0900][gc,phases   ] GC(76)   Pre Evacuate Collection Set: 0.4ms
[2022-01-07T19:41:03.041+0900][gc,phases   ] GC(76)   Merge Heap Roots: 0.2ms
[2022-01-07T19:41:03.041+0900][gc,phases   ] GC(76)   Evacuate Collection Set: 7.0ms
[2022-01-07T19:41:03.041+0900][gc,phases   ] GC(76)   Post Evacuate Collection Set: 0.8ms
[2022-01-07T19:41:03.041+0900][gc,phases   ] GC(76)   Other: 1.3ms
[2022-01-07T19:41:03.041+0900][gc,heap     ] GC(76) Eden regions: 133->0(532)
[2022-01-07T19:41:03.041+0900][gc,heap     ] GC(76) Survivor regions: 4->3(18)
[2022-01-07T19:41:03.041+0900][gc,heap     ] GC(76) Old regions: 92->92
[2022-01-07T19:41:03.041+0900][gc,heap     ] GC(76) Archive regions: 2->2
[2022-01-07T19:41:03.041+0900][gc,heap     ] GC(76) Humongous regions: 129->129
[2022-01-07T19:41:03.041+0900][gc,metaspace] GC(76) Metaspace: 42602K(43264K)->42602K(43264K) NonClass: 37408K(37760K)->37408K(37760K) Class: 5194K(5504K)->5194K(5504K)
[2022-01-07T19:41:03.041+0900][gc          ] GC(76) Pause Young (Normal) (G1 Evacuation Pause) 358M->224M(1024M) 10.010ms
[2022-01-07T19:41:03.042+0900][gc,cpu      ] GC(76) User=0.03s Sys=0.01s Real=0.01s
[2022-01-07T20:08:41.705+0900][gc,start    ] GC(77) Pause Young (Normal) (G1 Evacuation Pause)
[2022-01-07T20:08:41.706+0900][gc,task     ] GC(77) Using 8 workers of 8 for evacuation
[2022-01-07T20:08:41.713+0900][gc,phases   ] GC(77)   Pre Evacuate Collection Set: 0.3ms
[2022-01-07T20:08:41.713+0900][gc,phases   ] GC(77)   Merge Heap Roots: 0.1ms
[2022-01-07T20:08:41.713+0900][gc,phases   ] GC(77)   Evacuate Collection Set: 6.1ms
[2022-01-07T20:08:41.713+0900][gc,phases   ] GC(77)   Post Evacuate Collection Set: 0.5ms
[2022-01-07T20:08:41.713+0900][gc,phases   ] GC(77)   Other: 0.8ms
[2022-01-07T20:08:41.713+0900][gc,heap     ] GC(77) Eden regions: 532->0(611)
[2022-01-07T20:08:41.713+0900][gc,heap     ] GC(77) Survivor regions: 3->3(67)
[2022-01-07T20:08:41.713+0900][gc,heap     ] GC(77) Old regions: 92->92
[2022-01-07T20:08:41.713+0900][gc,heap     ] GC(77) Archive regions: 2->2
[2022-01-07T20:08:41.713+0900][gc,heap     ] GC(77) Humongous regions: 129->129
[2022-01-07T20:08:41.713+0900][gc,metaspace] GC(77) Metaspace: 42605K(43328K)->42605K(43328K) NonClass: 37411K(37824K)->37411K(37824K) Class: 5194K(5504K)->5194K(5504K)
[2022-01-07T20:08:41.713+0900][gc          ] GC(77) Pause Young (Normal) (G1 Evacuation Pause) 756M->224M(1024M) 7.863ms
[2022-01-07T20:08:41.713+0900][gc,cpu      ] GC(77) User=0.01s Sys=0.01s Real=0.01s
[2022-01-07T20:40:47.277+0900][gc,start    ] GC(78) Pause Young (Normal) (G1 Evacuation Pause)
[2022-01-07T20:40:47.277+0900][gc,task     ] GC(78) Using 8 workers of 8 for evacuation
[2022-01-07T20:40:47.307+0900][gc,mmu      ] GC(78) MMU target violated: 21.0ms (20.0ms/21.0ms)
[2022-01-07T20:40:47.307+0900][gc,phases   ] GC(78)   Pre Evacuate Collection Set: 0.4ms
[2022-01-07T20:40:47.307+0900][gc,phases   ] GC(78)   Merge Heap Roots: 0.3ms
[2022-01-07T20:40:47.307+0900][gc,phases   ] GC(78)   Evacuate Collection Set: 27.0ms
[2022-01-07T20:40:47.307+0900][gc,phases   ] GC(78)   Post Evacuate Collection Set: 1.5ms
[2022-01-07T20:40:47.307+0900][gc,phases   ] GC(78)   Other: 1.2ms
[2022-01-07T20:40:47.307+0900][gc,heap     ] GC(78) Eden regions: 611->0(46)
[2022-01-07T20:40:47.307+0900][gc,heap     ] GC(78) Survivor regions: 3->5(77)
[2022-01-07T20:40:47.307+0900][gc,heap     ] GC(78) Old regions: 92->92
[2022-01-07T20:40:47.307+0900][gc,heap     ] GC(78) Archive regions: 2->2
[2022-01-07T20:40:47.307+0900][gc,heap     ] GC(78) Humongous regions: 129->129
[2022-01-07T20:40:47.307+0900][gc,metaspace] GC(78) Metaspace: 42625K(43328K)->42625K(43328K) NonClass: 37430K(37824K)->37430K(37824K) Class: 5194K(5504K)->5194K(5504K)
[2022-01-07T20:40:47.307+0900][gc          ] GC(78) Pause Young (Normal) (G1 Evacuation Pause) 835M->226M(1024M) 30.507ms
[2022-01-07T20:40:47.307+0900][gc,cpu      ] GC(78) User=0.04s Sys=0.06s Real=0.03s
[2022-01-07T20:43:09.937+0900][gc,start    ] GC(79) Pause Young (Normal) (G1 Evacuation Pause)
[2022-01-07T20:43:09.938+0900][gc,task     ] GC(79) Using 8 workers of 8 for evacuation
[2022-01-07T20:43:09.945+0900][gc,phases   ] GC(79)   Pre Evacuate Collection Set: 0.3ms
[2022-01-07T20:43:09.945+0900][gc,phases   ] GC(79)   Merge Heap Roots: 0.2ms
[2022-01-07T20:43:09.945+0900][gc,phases   ] GC(79)   Evacuate Collection Set: 5.7ms
[2022-01-07T20:43:09.945+0900][gc,phases   ] GC(79)   Post Evacuate Collection Set: 0.6ms
[2022-01-07T20:43:09.945+0900][gc,phases   ] GC(79)   Other: 0.9ms
[2022-01-07T20:43:09.945+0900][gc,heap     ] GC(79) Eden regions: 46->0(154)
[2022-01-07T20:43:09.945+0900][gc,heap     ] GC(79) Survivor regions: 5->4(7)
[2022-01-07T20:43:09.945+0900][gc,heap     ] GC(79) Old regions: 92->93
[2022-01-07T20:43:09.945+0900][gc,heap     ] GC(79) Archive regions: 2->2
[2022-01-07T20:43:09.945+0900][gc,heap     ] GC(79) Humongous regions: 129->129
[2022-01-07T20:43:09.945+0900][gc,metaspace] GC(79) Metaspace: 42639K(43328K)->42639K(43328K) NonClass: 37444K(37824K)->37444K(37824K) Class: 5194K(5504K)->5194K(5504K)
[2022-01-07T20:43:09.945+0900][gc          ] GC(79) Pause Young (Normal) (G1 Evacuation Pause) 272M->226M(1024M) 7.953ms
[2022-01-07T20:43:09.945+0900][gc,cpu      ] GC(79) User=0.03s Sys=0.00s Real=0.01s
[2022-01-07T20:51:10.780+0900][gc,start    ] GC(80) Pause Young (Normal) (G1 Evacuation Pause)
[2022-01-07T20:51:10.781+0900][gc,task     ] GC(80) Using 8 workers of 8 for evacuation
[2022-01-07T20:51:10.784+0900][gc,phases   ] GC(80)   Pre Evacuate Collection Set: 0.2ms
[2022-01-07T20:51:10.784+0900][gc,phases   ] GC(80)   Merge Heap Roots: 0.2ms
[2022-01-07T20:51:10.784+0900][gc,phases   ] GC(80)   Evacuate Collection Set: 1.6ms
[2022-01-07T20:51:10.784+0900][gc,phases   ] GC(80)   Post Evacuate Collection Set: 0.4ms
[2022-01-07T20:51:10.784+0900][gc,phases   ] GC(80)   Other: 1.1ms
[2022-01-07T20:51:10.784+0900][gc,heap     ] GC(80) Eden regions: 154->0(405)
[2022-01-07T20:51:10.784+0900][gc,heap     ] GC(80) Survivor regions: 4->3(20)
[2022-01-07T20:51:10.784+0900][gc,heap     ] GC(80) Old regions: 93->93
[2022-01-07T20:51:10.784+0900][gc,heap     ] GC(80) Archive regions: 2->2
[2022-01-07T20:51:10.784+0900][gc,heap     ] GC(80) Humongous regions: 129->129
[2022-01-07T20:51:10.784+0900][gc,metaspace] GC(80) Metaspace: 42639K(43328K)->42639K(43328K) NonClass: 37445K(37824K)->37445K(37824K) Class: 5194K(5504K)->5194K(5504K)
[2022-01-07T20:51:10.784+0900][gc          ] GC(80) Pause Young (Normal) (G1 Evacuation Pause) 380M->225M(1024M) 3.569ms
[2022-01-07T20:51:10.784+0900][gc,cpu      ] GC(80) User=0.01s Sys=0.00s Real=0.00s
[2022-01-07T21:12:12.244+0900][gc,start    ] GC(81) Pause Young (Normal) (G1 Evacuation Pause)
[2022-01-07T21:12:12.245+0900][gc,task     ] GC(81) Using 8 workers of 8 for evacuation
[2022-01-07T21:12:12.252+0900][gc,phases   ] GC(81)   Pre Evacuate Collection Set: 0.3ms
[2022-01-07T21:12:12.252+0900][gc,phases   ] GC(81)   Merge Heap Roots: 0.2ms
[2022-01-07T21:12:12.252+0900][gc,phases   ] GC(81)   Evacuate Collection Set: 5.3ms
[2022-01-07T21:12:12.252+0900][gc,phases   ] GC(81)   Post Evacuate Collection Set: 0.7ms
[2022-01-07T21:12:12.252+0900][gc,phases   ] GC(81)   Other: 1.4ms
[2022-01-07T21:12:12.252+0900][gc,heap     ] GC(81) Eden regions: 405->0(456)
[2022-01-07T21:12:12.252+0900][gc,heap     ] GC(81) Survivor regions: 3->5(51)
[2022-01-07T21:12:12.252+0900][gc,heap     ] GC(81) Old regions: 93->93
[2022-01-07T21:12:12.252+0900][gc,heap     ] GC(81) Archive regions: 2->2
[2022-01-07T21:12:12.252+0900][gc,heap     ] GC(81) Humongous regions: 129->129
[2022-01-07T21:12:12.252+0900][gc,metaspace] GC(81) Metaspace: 42641K(43328K)->42641K(43328K) NonClass: 37447K(37824K)->37447K(37824K) Class: 5194K(5504K)->5194K(5504K)
[2022-01-07T21:12:12.252+0900][gc          ] GC(81) Pause Young (Normal) (G1 Evacuation Pause) 630M->227M(1024M) 8.151ms
[2022-01-07T21:12:12.252+0900][gc,cpu      ] GC(81) User=0.03s Sys=0.00s Real=0.01s
[2022-01-07T21:36:03.738+0900][gc,start    ] GC(82) Pause Young (Normal) (G1 Evacuation Pause)
[2022-01-07T21:36:03.739+0900][gc,task     ] GC(82) Using 8 workers of 8 for evacuation
[2022-01-07T21:36:03.747+0900][gc,phases   ] GC(82)   Pre Evacuate Collection Set: 0.4ms
[2022-01-07T21:36:03.747+0900][gc,phases   ] GC(82)   Merge Heap Roots: 0.4ms
[2022-01-07T21:36:03.747+0900][gc,phases   ] GC(82)   Evacuate Collection Set: 5.7ms
[2022-01-07T21:36:03.747+0900][gc,phases   ] GC(82)   Post Evacuate Collection Set: 1.0ms
[2022-01-07T21:36:03.747+0900][gc,phases   ] GC(82)   Other: 1.6ms
[2022-01-07T21:36:03.747+0900][gc,heap     ] GC(82) Eden regions: 456->0(609)
[2022-01-07T21:36:03.747+0900][gc,heap     ] GC(82) Survivor regions: 5->5(58)
[2022-01-07T21:36:03.747+0900][gc,heap     ] GC(82) Old regions: 93->93
[2022-01-07T21:36:03.747+0900][gc,heap     ] GC(82) Archive regions: 2->2
[2022-01-07T21:36:03.747+0900][gc,heap     ] GC(82) Humongous regions: 129->129
[2022-01-07T21:36:03.747+0900][gc,metaspace] GC(82) Metaspace: 42643K(43328K)->42643K(43328K) NonClass: 37448K(37824K)->37448K(37824K) Class: 5194K(5504K)->5194K(5504K)
[2022-01-07T21:36:03.748+0900][gc          ] GC(82) Pause Young (Normal) (G1 Evacuation Pause) 683M->226M(1024M) 9.425ms
[2022-01-07T21:36:03.748+0900][gc,cpu      ] GC(82) User=0.04s Sys=0.00s Real=0.01s
[2022-01-07T22:07:43.506+0900][gc,start    ] GC(83) Pause Young (Normal) (G1 Evacuation Pause)
[2022-01-07T22:07:43.507+0900][gc,task     ] GC(83) Using 8 workers of 8 for evacuation
[2022-01-07T22:07:43.530+0900][gc,mmu      ] GC(83) MMU target violated: 21.0ms (20.0ms/21.0ms)
[2022-01-07T22:07:43.530+0900][gc,phases   ] GC(83)   Pre Evacuate Collection Set: 4.8ms
[2022-01-07T22:07:43.530+0900][gc,phases   ] GC(83)   Merge Heap Roots: 0.5ms
[2022-01-07T22:07:43.530+0900][gc,phases   ] GC(83)   Evacuate Collection Set: 14.9ms
[2022-01-07T22:07:43.530+0900][gc,phases   ] GC(83)   Post Evacuate Collection Set: 2.3ms
[2022-01-07T22:07:43.530+0900][gc,phases   ] GC(83)   Other: 2.3ms
[2022-01-07T22:07:43.530+0900][gc,heap     ] GC(83) Eden regions: 609->0(368)
[2022-01-07T22:07:43.530+0900][gc,heap     ] GC(83) Survivor regions: 5->4(77)
[2022-01-07T22:07:43.530+0900][gc,heap     ] GC(83) Old regions: 93->93
[2022-01-07T22:07:43.530+0900][gc,heap     ] GC(83) Archive regions: 2->2
[2022-01-07T22:07:43.530+0900][gc,heap     ] GC(83) Humongous regions: 129->129
[2022-01-07T22:07:43.530+0900][gc,metaspace] GC(83) Metaspace: 42652K(43328K)->42652K(43328K) NonClass: 37457K(37824K)->37457K(37824K) Class: 5194K(5504K)->5194K(5504K)
[2022-01-07T22:07:43.530+0900][gc          ] GC(83) Pause Young (Normal) (G1 Evacuation Pause) 835M->225M(1024M) 24.661ms
[2022-01-07T22:07:43.531+0900][gc,cpu      ] GC(83) User=0.03s Sys=0.07s Real=0.03s
[2022-01-07T22:26:57.816+0900][gc,start    ] GC(84) Pause Young (Normal) (G1 Evacuation Pause)
[2022-01-07T22:26:57.817+0900][gc,task     ] GC(84) Using 8 workers of 8 for evacuation
[2022-01-07T22:26:57.823+0900][gc,phases   ] GC(84)   Pre Evacuate Collection Set: 0.3ms
[2022-01-07T22:26:57.823+0900][gc,phases   ] GC(84)   Merge Heap Roots: 0.2ms
[2022-01-07T22:26:57.823+0900][gc,phases   ] GC(84)   Evacuate Collection Set: 4.6ms
[2022-01-07T22:26:57.823+0900][gc,phases   ] GC(84)   Post Evacuate Collection Set: 0.8ms
[2022-01-07T22:26:57.823+0900][gc,phases   ] GC(84)   Other: 1.5ms
[2022-01-07T22:26:57.823+0900][gc,heap     ] GC(84) Eden regions: 368->0(611)
[2022-01-07T22:26:57.823+0900][gc,heap     ] GC(84) Survivor regions: 4->3(47)
[2022-01-07T22:26:57.823+0900][gc,heap     ] GC(84) Old regions: 93->93
[2022-01-07T22:26:57.823+0900][gc,heap     ] GC(84) Archive regions: 2->2
[2022-01-07T22:26:57.823+0900][gc,heap     ] GC(84) Humongous regions: 129->129
[2022-01-07T22:26:57.823+0900][gc,metaspace] GC(84) Metaspace: 42652K(43328K)->42652K(43328K) NonClass: 37457K(37824K)->37457K(37824K) Class: 5194K(5504K)->5194K(5504K)
[2022-01-07T22:26:57.823+0900][gc          ] GC(84) Pause Young (Normal) (G1 Evacuation Pause) 593M->225M(1024M) 7.839ms
[2022-01-07T22:26:57.824+0900][gc,cpu      ] GC(84) User=0.04s Sys=0.00s Real=0.01s
[2022-01-07T22:58:49.116+0900][gc,start    ] GC(85) Pause Young (Normal) (G1 Evacuation Pause)
[2022-01-07T22:58:49.116+0900][gc,task     ] GC(85) Using 8 workers of 8 for evacuation
[2022-01-07T22:58:49.129+0900][gc,phases   ] GC(85)   Pre Evacuate Collection Set: 0.5ms
[2022-01-07T22:58:49.129+0900][gc,phases   ] GC(85)   Merge Heap Roots: 0.4ms
[2022-01-07T22:58:49.129+0900][gc,phases   ] GC(85)   Evacuate Collection Set: 10.6ms
[2022-01-07T22:58:49.129+0900][gc,phases   ] GC(85)   Post Evacuate Collection Set: 1.0ms
[2022-01-07T22:58:49.129+0900][gc,phases   ] GC(85)   Other: 0.9ms
[2022-01-07T22:58:49.129+0900][gc,heap     ] GC(85) Eden regions: 611->0(610)
[2022-01-07T22:58:49.129+0900][gc,heap     ] GC(85) Survivor regions: 3->4(77)
[2022-01-07T22:58:49.129+0900][gc,heap     ] GC(85) Old regions: 93->93
[2022-01-07T22:58:49.129+0900][gc,heap     ] GC(85) Archive regions: 2->2
[2022-01-07T22:58:49.129+0900][gc,heap     ] GC(85) Humongous regions: 129->129
[2022-01-07T22:58:49.129+0900][gc,metaspace] GC(85) Metaspace: 42652K(43328K)->42652K(43328K) NonClass: 37457K(37824K)->37457K(37824K) Class: 5194K(5504K)->5194K(5504K)
[2022-01-07T22:58:49.129+0900][gc          ] GC(85) Pause Young (Normal) (G1 Evacuation Pause) 836M->226M(1024M) 13.595ms
[2022-01-07T22:58:49.129+0900][gc,cpu      ] GC(85) User=0.04s Sys=0.02s Real=0.01s
[2022-01-07T23:02:38.146+0900][gc,heap,exit] Heap
[2022-01-07T23:02:38.147+0900][gc,heap,exit]  garbage-first heap   total 1048576K, used 319704K [0x00000007c0000000, 0x0000000800000000)
[2022-01-07T23:02:38.147+0900][gc,heap,exit]   region size 1024K, 90 young (92160K), 4 survivors (4096K)
[2022-01-07T23:02:38.147+0900][gc,heap,exit]  Metaspace       used 43228K, committed 43904K, reserved 1089536K
[2022-01-07T23:02:38.147+0900][gc,heap,exit]   class space    used 5343K, committed 5632K, reserved 1048576K
