[2022-01-05T21:55:38.382+0900][gc] Using G1
[2022-01-05T21:55:38.391+0900][gc,init] Version: 17.0.1+1 (release)
[2022-01-05T21:55:38.391+0900][gc,init] CPUs: 8 total, 8 available
[2022-01-05T21:55:38.391+0900][gc,init] Memory: 32768M
[2022-01-05T21:55:38.391+0900][gc,init] Large Page Support: Disabled
[2022-01-05T21:55:38.391+0900][gc,init] NUMA Support: Disabled
[2022-01-05T21:55:38.391+0900][gc,init] Compressed Oops: Enabled (Zero based)
[2022-01-05T21:55:38.391+0900][gc,init] Heap Region Size: 1M
[2022-01-05T21:55:38.391+0900][gc,init] Heap Min Capacity: 1G
[2022-01-05T21:55:38.391+0900][gc,init] Heap Initial Capacity: 1G
[2022-01-05T21:55:38.391+0900][gc,init] Heap Max Capacity: 1G
[2022-01-05T21:55:38.391+0900][gc,init] Pre-touch: Disabled
[2022-01-05T21:55:38.391+0900][gc,init] Parallel Workers: 8
[2022-01-05T21:55:38.391+0900][gc,init] Concurrent Workers: 2
[2022-01-05T21:55:38.391+0900][gc,init] Concurrent Refinement Workers: 8
[2022-01-05T21:55:38.391+0900][gc,init] Periodic GC: Disabled
[2022-01-05T21:55:38.391+0900][gc,metaspace] CDS archive(s) mapped at: [0x0000000800000000-0x0000000800bd0000-0x0000000800bd0000), size 12386304, SharedBaseAddress: 0x0000000800000000, ArchiveRelocationMode: 0.
[2022-01-05T21:55:38.391+0900][gc,metaspace] Compressed class space mapped at: 0x0000000800c00000-0x0000000840c00000, reserved size: 1073741824
[2022-01-05T21:55:38.391+0900][gc,metaspace] Narrow klass base: 0x0000000800000000, Narrow klass shift: 0, Narrow klass range: 0x100000000
[2022-01-05T21:55:41.259+0900][gc,start    ] GC(0) Pause Young (Normal) (G1 Evacuation Pause)
[2022-01-05T21:55:41.260+0900][gc,task     ] GC(0) Using 8 workers of 8 for evacuation
[2022-01-05T21:55:41.266+0900][gc,phases   ] GC(0)   Pre Evacuate Collection Set: 0.2ms
[2022-01-05T21:55:41.266+0900][gc,phases   ] GC(0)   Merge Heap Roots: 0.1ms
[2022-01-05T21:55:41.266+0900][gc,phases   ] GC(0)   Evacuate Collection Set: 5.5ms
[2022-01-05T21:55:41.266+0900][gc,phases   ] GC(0)   Post Evacuate Collection Set: 0.6ms
[2022-01-05T21:55:41.266+0900][gc,phases   ] GC(0)   Other: 0.7ms
[2022-01-05T21:55:41.266+0900][gc,heap     ] GC(0) Eden regions: 51->0(44)
[2022-01-05T21:55:41.266+0900][gc,heap     ] GC(0) Survivor regions: 0->7(7)
[2022-01-05T21:55:41.266+0900][gc,heap     ] GC(0) Old regions: 0->1
[2022-01-05T21:55:41.266+0900][gc,heap     ] GC(0) Archive regions: 2->2
[2022-01-05T21:55:41.266+0900][gc,heap     ] GC(0) Humongous regions: 0->0
[2022-01-05T21:55:41.266+0900][gc,metaspace] GC(0) Metaspace: 18553K(18752K)->18553K(18752K) NonClass: 16324K(16448K)->16324K(16448K) Class: 2229K(2304K)->2229K(2304K)
[2022-01-05T21:55:41.266+0900][gc          ] GC(0) Pause Young (Normal) (G1 Evacuation Pause) 51M->8M(1024M) 7.158ms
[2022-01-05T21:55:41.266+0900][gc,cpu      ] GC(0) User=0.02s Sys=0.01s Real=0.01s
[2022-01-05T21:55:41.720+0900][gc,start    ] GC(1) Pause Young (Concurrent Start) (Metadata GC Threshold)
[2022-01-05T21:55:41.720+0900][gc,task     ] GC(1) Using 8 workers of 8 for evacuation
[2022-01-05T21:55:41.725+0900][gc,phases   ] GC(1)   Pre Evacuate Collection Set: 0.1ms
[2022-01-05T21:55:41.726+0900][gc,phases   ] GC(1)   Merge Heap Roots: 0.0ms
[2022-01-05T21:55:41.726+0900][gc,phases   ] GC(1)   Evacuate Collection Set: 5.3ms
[2022-01-05T21:55:41.726+0900][gc,phases   ] GC(1)   Post Evacuate Collection Set: 0.3ms
[2022-01-05T21:55:41.726+0900][gc,phases   ] GC(1)   Other: 0.3ms
[2022-01-05T21:55:41.726+0900][gc,heap     ] GC(1) Eden regions: 12->0(49)
[2022-01-05T21:55:41.726+0900][gc,heap     ] GC(1) Survivor regions: 7->2(7)
[2022-01-05T21:55:41.726+0900][gc,heap     ] GC(1) Old regions: 1->8
[2022-01-05T21:55:41.726+0900][gc,heap     ] GC(1) Archive regions: 2->2
[2022-01-05T21:55:41.726+0900][gc,heap     ] GC(1) Humongous regions: 129->129
[2022-01-05T21:55:41.726+0900][gc,metaspace] GC(1) Metaspace: 21300K(21504K)->21300K(21504K) NonClass: 18712K(18816K)->18712K(18816K) Class: 2587K(2688K)->2587K(2688K)
[2022-01-05T21:55:41.726+0900][gc          ] GC(1) Pause Young (Concurrent Start) (Metadata GC Threshold) 149M->138M(1024M) 6.153ms
[2022-01-05T21:55:41.726+0900][gc,cpu      ] GC(1) User=0.02s Sys=0.01s Real=0.00s
[2022-01-05T21:55:41.726+0900][gc          ] GC(2) Concurrent Mark Cycle
[2022-01-05T21:55:41.726+0900][gc,marking  ] GC(2) Concurrent Clear Claimed Marks
[2022-01-05T21:55:41.726+0900][gc,marking  ] GC(2) Concurrent Clear Claimed Marks 0.017ms
[2022-01-05T21:55:41.726+0900][gc,marking  ] GC(2) Concurrent Scan Root Regions
[2022-01-05T21:55:41.729+0900][gc,marking  ] GC(2) Concurrent Scan Root Regions 2.714ms
[2022-01-05T21:55:41.729+0900][gc,marking  ] GC(2) Concurrent Mark
[2022-01-05T21:55:41.729+0900][gc,marking  ] GC(2) Concurrent Mark From Roots
[2022-01-05T21:55:41.729+0900][gc,task     ] GC(2) Using 2 workers of 2 for marking
[2022-01-05T21:55:41.733+0900][gc,marking  ] GC(2) Concurrent Mark From Roots 4.904ms
[2022-01-05T21:55:41.734+0900][gc,marking  ] GC(2) Concurrent Preclean
[2022-01-05T21:55:41.734+0900][gc,marking  ] GC(2) Concurrent Preclean 0.030ms
[2022-01-05T21:55:41.734+0900][gc,start    ] GC(2) Pause Remark
[2022-01-05T21:55:41.736+0900][gc          ] GC(2) Pause Remark 139M->139M(1024M) 2.140ms
[2022-01-05T21:55:41.736+0900][gc,cpu      ] GC(2) User=0.01s Sys=0.00s Real=0.00s
[2022-01-05T21:55:41.736+0900][gc,marking  ] GC(2) Concurrent Mark 7.591ms
[2022-01-05T21:55:41.736+0900][gc,marking  ] GC(2) Concurrent Rebuild Remembered Sets
[2022-01-05T21:55:41.739+0900][gc,marking  ] GC(2) Concurrent Rebuild Remembered Sets 3.030ms
[2022-01-05T21:55:41.739+0900][gc,start    ] GC(2) Pause Cleanup
[2022-01-05T21:55:41.740+0900][gc          ] GC(2) Pause Cleanup 139M->139M(1024M) 0.137ms
[2022-01-05T21:55:41.740+0900][gc,cpu      ] GC(2) User=0.00s Sys=0.00s Real=0.01s
[2022-01-05T21:55:41.740+0900][gc,marking  ] GC(2) Concurrent Cleanup for Next Mark
[2022-01-05T21:55:41.747+0900][gc,marking  ] GC(2) Concurrent Cleanup for Next Mark 7.047ms
[2022-01-05T21:55:41.747+0900][gc          ] GC(2) Concurrent Mark Cycle 21.347ms
[2022-01-05T21:55:43.046+0900][gc,start    ] GC(3) Pause Young (Normal) (G1 Evacuation Pause)
[2022-01-05T21:55:43.046+0900][gc,task     ] GC(3) Using 8 workers of 8 for evacuation
[2022-01-05T21:55:43.049+0900][gc,phases   ] GC(3)   Pre Evacuate Collection Set: 0.1ms
[2022-01-05T21:55:43.049+0900][gc,phases   ] GC(3)   Merge Heap Roots: 0.0ms
[2022-01-05T21:55:43.049+0900][gc,phases   ] GC(3)   Evacuate Collection Set: 2.6ms
[2022-01-05T21:55:43.049+0900][gc,phases   ] GC(3)   Post Evacuate Collection Set: 0.3ms
[2022-01-05T21:55:43.049+0900][gc,phases   ] GC(3)   Other: 0.1ms
[2022-01-05T21:55:43.049+0900][gc,heap     ] GC(3) Eden regions: 49->0(45)
[2022-01-05T21:55:43.049+0900][gc,heap     ] GC(3) Survivor regions: 2->6(7)
[2022-01-05T21:55:43.049+0900][gc,heap     ] GC(3) Old regions: 8->8
[2022-01-05T21:55:43.049+0900][gc,heap     ] GC(3) Archive regions: 2->2
[2022-01-05T21:55:43.049+0900][gc,heap     ] GC(3) Humongous regions: 129->129
[2022-01-05T21:55:43.049+0900][gc,metaspace] GC(3) Metaspace: 32805K(33088K)->32805K(33088K) NonClass: 29082K(29248K)->29082K(29248K) Class: 3722K(3840K)->3722K(3840K)
[2022-01-05T21:55:43.049+0900][gc          ] GC(3) Pause Young (Normal) (G1 Evacuation Pause) 187M->142M(1024M) 3.355ms
[2022-01-05T21:55:43.049+0900][gc,cpu      ] GC(3) User=0.02s Sys=0.00s Real=0.00s
[2022-01-05T22:01:37.229+0900][gc,start    ] GC(4) Pause Young (Concurrent Start) (Metadata GC Threshold)
[2022-01-05T22:01:37.230+0900][gc,task     ] GC(4) Using 8 workers of 8 for evacuation
[2022-01-05T22:01:37.234+0900][gc,phases   ] GC(4)   Pre Evacuate Collection Set: 0.1ms
[2022-01-05T22:01:37.234+0900][gc,phases   ] GC(4)   Merge Heap Roots: 0.1ms
[2022-01-05T22:01:37.234+0900][gc,phases   ] GC(4)   Evacuate Collection Set: 3.7ms
[2022-01-05T22:01:37.234+0900][gc,phases   ] GC(4)   Post Evacuate Collection Set: 0.7ms
[2022-01-05T22:01:37.234+0900][gc,phases   ] GC(4)   Other: 0.6ms
[2022-01-05T22:01:37.234+0900][gc,heap     ] GC(4) Eden regions: 18->0(49)
[2022-01-05T22:01:37.234+0900][gc,heap     ] GC(4) Survivor regions: 6->2(7)
[2022-01-05T22:01:37.234+0900][gc,heap     ] GC(4) Old regions: 8->13
[2022-01-05T22:01:37.234+0900][gc,heap     ] GC(4) Archive regions: 2->2
[2022-01-05T22:01:37.234+0900][gc,heap     ] GC(4) Humongous regions: 129->129
[2022-01-05T22:01:37.234+0900][gc,metaspace] GC(4) Metaspace: 35732K(36096K)->35732K(36096K) NonClass: 31481K(31680K)->31481K(31680K) Class: 4251K(4416K)->4251K(4416K)
[2022-01-05T22:01:37.234+0900][gc          ] GC(4) Pause Young (Concurrent Start) (Metadata GC Threshold) 159M->143M(1024M) 5.341ms
[2022-01-05T22:01:37.234+0900][gc,cpu      ] GC(4) User=0.02s Sys=0.01s Real=0.01s
[2022-01-05T22:01:37.234+0900][gc          ] GC(5) Concurrent Mark Cycle
[2022-01-05T22:01:37.234+0900][gc,marking  ] GC(5) Concurrent Clear Claimed Marks
[2022-01-05T22:01:37.235+0900][gc,marking  ] GC(5) Concurrent Clear Claimed Marks 0.023ms
[2022-01-05T22:01:37.235+0900][gc,marking  ] GC(5) Concurrent Scan Root Regions
[2022-01-05T22:01:37.237+0900][gc,marking  ] GC(5) Concurrent Scan Root Regions 2.267ms
[2022-01-05T22:01:37.237+0900][gc,marking  ] GC(5) Concurrent Mark
[2022-01-05T22:01:37.237+0900][gc,marking  ] GC(5) Concurrent Mark From Roots
[2022-01-05T22:01:37.237+0900][gc,task     ] GC(5) Using 2 workers of 2 for marking
[2022-01-05T22:01:37.241+0900][gc,marking  ] GC(5) Concurrent Mark From Roots 4.242ms
[2022-01-05T22:01:37.241+0900][gc,marking  ] GC(5) Concurrent Preclean
[2022-01-05T22:01:37.241+0900][gc,marking  ] GC(5) Concurrent Preclean 0.066ms
[2022-01-05T22:01:37.241+0900][gc,start    ] GC(5) Pause Remark
[2022-01-05T22:01:37.243+0900][gc          ] GC(5) Pause Remark 144M->144M(1024M) 1.511ms
[2022-01-05T22:01:37.243+0900][gc,cpu      ] GC(5) User=0.00s Sys=0.00s Real=0.00s
[2022-01-05T22:01:37.243+0900][gc,marking  ] GC(5) Concurrent Mark 6.159ms
[2022-01-05T22:01:37.243+0900][gc,marking  ] GC(5) Concurrent Rebuild Remembered Sets
[2022-01-05T22:01:37.247+0900][gc,marking  ] GC(5) Concurrent Rebuild Remembered Sets 4.119ms
[2022-01-05T22:01:37.247+0900][gc,start    ] GC(5) Pause Cleanup
[2022-01-05T22:01:37.247+0900][gc          ] GC(5) Pause Cleanup 144M->144M(1024M) 0.161ms
[2022-01-05T22:01:37.247+0900][gc,cpu      ] GC(5) User=0.00s Sys=0.00s Real=0.00s
[2022-01-05T22:01:37.248+0900][gc,marking  ] GC(5) Concurrent Cleanup for Next Mark
[2022-01-05T22:01:37.253+0900][gc,marking  ] GC(5) Concurrent Cleanup for Next Mark 5.616ms
[2022-01-05T22:01:37.253+0900][gc          ] GC(5) Concurrent Mark Cycle 18.725ms
[2022-01-05T22:08:22.757+0900][gc,start    ] GC(6) Pause Young (Prepare Mixed) (G1 Evacuation Pause)
[2022-01-05T22:08:22.758+0900][gc,task     ] GC(6) Using 8 workers of 8 for evacuation
[2022-01-05T22:08:22.762+0900][gc,phases   ] GC(6)   Pre Evacuate Collection Set: 0.1ms
[2022-01-05T22:08:22.762+0900][gc,phases   ] GC(6)   Merge Heap Roots: 0.1ms
[2022-01-05T22:08:22.762+0900][gc,phases   ] GC(6)   Evacuate Collection Set: 3.9ms
[2022-01-05T22:08:22.762+0900][gc,phases   ] GC(6)   Post Evacuate Collection Set: 0.5ms
[2022-01-05T22:08:22.762+0900][gc,phases   ] GC(6)   Other: 0.3ms
[2022-01-05T22:08:22.762+0900][gc,heap     ] GC(6) Eden regions: 49->0(46)
[2022-01-05T22:08:22.762+0900][gc,heap     ] GC(6) Survivor regions: 2->5(7)
[2022-01-05T22:08:22.762+0900][gc,heap     ] GC(6) Old regions: 13->13
[2022-01-05T22:08:22.762+0900][gc,heap     ] GC(6) Archive regions: 2->2
[2022-01-05T22:08:22.762+0900][gc,heap     ] GC(6) Humongous regions: 129->129
[2022-01-05T22:08:22.762+0900][gc,metaspace] GC(6) Metaspace: 40445K(41024K)->40445K(41024K) NonClass: 35561K(35904K)->35561K(35904K) Class: 4884K(5120K)->4884K(5120K)
[2022-01-05T22:08:22.762+0900][gc          ] GC(6) Pause Young (Prepare Mixed) (G1 Evacuation Pause) 192M->146M(1024M) 5.051ms
[2022-01-05T22:08:22.763+0900][gc,cpu      ] GC(6) User=0.03s Sys=0.00s Real=0.01s
