[2022-01-05T21:54:52.369+0900][gc] Using G1
[2022-01-05T21:54:52.374+0900][gc,init] Version: 17.0.1+1 (release)
[2022-01-05T21:54:52.374+0900][gc,init] CPUs: 8 total, 8 available
[2022-01-05T21:54:52.374+0900][gc,init] Memory: 32768M
[2022-01-05T21:54:52.374+0900][gc,init] Large Page Support: Disabled
[2022-01-05T21:54:52.374+0900][gc,init] NUMA Support: Disabled
[2022-01-05T21:54:52.374+0900][gc,init] Compressed Oops: Enabled (Zero based)
[2022-01-05T21:54:52.374+0900][gc,init] Heap Region Size: 1M
[2022-01-05T21:54:52.374+0900][gc,init] Heap Min Capacity: 512M
[2022-01-05T21:54:52.374+0900][gc,init] Heap Initial Capacity: 512M
[2022-01-05T21:54:52.374+0900][gc,init] Heap Max Capacity: 512M
[2022-01-05T21:54:52.374+0900][gc,init] Pre-touch: Disabled
[2022-01-05T21:54:52.374+0900][gc,init] Parallel Workers: 8
[2022-01-05T21:54:52.374+0900][gc,init] Concurrent Workers: 2
[2022-01-05T21:54:52.374+0900][gc,init] Concurrent Refinement Workers: 8
[2022-01-05T21:54:52.374+0900][gc,init] Periodic GC: Disabled
[2022-01-05T21:54:52.375+0900][gc,metaspace] CDS archive(s) mapped at: [0x0000000800000000-0x0000000800bd0000-0x0000000800bd0000), size 12386304, SharedBaseAddress: 0x0000000800000000, ArchiveRelocationMode: 0.
[2022-01-05T21:54:52.375+0900][gc,metaspace] Compressed class space mapped at: 0x0000000800c00000-0x0000000840c00000, reserved size: 1073741824
[2022-01-05T21:54:52.375+0900][gc,metaspace] Narrow klass base: 0x0000000800000000, Narrow klass shift: 0, Narrow klass range: 0x100000000
[2022-01-05T21:55:40.600+0900][gc,start    ] GC(0) Pause Young (Normal) (G1 Evacuation Pause)
[2022-01-05T21:55:40.601+0900][gc,task     ] GC(0) Using 8 workers of 8 for evacuation
[2022-01-05T21:55:40.608+0900][gc,phases   ] GC(0)   Pre Evacuate Collection Set: 0.1ms
[2022-01-05T21:55:40.608+0900][gc,phases   ] GC(0)   Merge Heap Roots: 0.0ms
[2022-01-05T21:55:40.608+0900][gc,phases   ] GC(0)   Evacuate Collection Set: 3.9ms
[2022-01-05T21:55:40.609+0900][gc,phases   ] GC(0)   Post Evacuate Collection Set: 1.7ms
[2022-01-05T21:55:40.609+0900][gc,phases   ] GC(0)   Other: 3.4ms
[2022-01-05T21:55:40.609+0900][gc,heap     ] GC(0) Eden regions: 25->0(21)
[2022-01-05T21:55:40.609+0900][gc,heap     ] GC(0) Survivor regions: 0->4(4)
[2022-01-05T21:55:40.609+0900][gc,heap     ] GC(0) Old regions: 0->3
[2022-01-05T21:55:40.609+0900][gc,heap     ] GC(0) Archive regions: 2->2
[2022-01-05T21:55:40.609+0900][gc,heap     ] GC(0) Humongous regions: 0->0
[2022-01-05T21:55:40.609+0900][gc,metaspace] GC(0) Metaspace: 7871K(8064K)->7871K(8064K) NonClass: 6975K(7104K)->6975K(7104K) Class: 896K(960K)->896K(960K)
[2022-01-05T21:55:40.609+0900][gc          ] GC(0) Pause Young (Normal) (G1 Evacuation Pause) 25M->7M(512M) 9.543ms
[2022-01-05T21:55:40.609+0900][gc,cpu      ] GC(0) User=0.01s Sys=0.00s Real=0.00s
